          <idle>-0     [000] dNh.   523.797086: sched_wakeup: comm=Xorg pid=1541 prio=120 target_cpu=000
          <idle>-0     [000] dNs.   523.797100: sched_wakeup: comm=rcu_sched pid=11 prio=120 target_cpu=000
          <idle>-0     [000] d...   523.797103: sched_switch: prev_comm=swapper/0 prev_pid=0 prev_prio=120 prev_state=R ==> next_comm=rcu_sched next_pid=11 next_prio=120
       rcu_sched-11    [000] d...   523.797108: sched_switch: prev_comm=rcu_sched prev_pid=11 prev_prio=120 prev_state=I ==> next_comm=Xorg next_pid=1541 next_prio=120
            Xorg-1541  [000] d...   523.797134: sched_switch: prev_comm=Xorg prev_pid=1541 prev_prio=120 prev_state=S ==> next_comm=swapper/0 next_pid=0 next_prio=120
          <idle>-0     [000] dNh.   523.800845: sched_wakeup: comm=systemd pid=1 prio=120 target_cpu=000
          <idle>-0     [000] dNh.   523.800852: sched_wakeup: comm=InputThread pid=1545 prio=120 target_cpu=000
          <idle>-0     [000] d...   523.800864: sched_switch: prev_comm=swapper/0 prev_pid=0 prev_prio=120 prev_state=R ==> next_comm=systemd next_pid=1 next_prio=120
         systemd-1     [000] d...   523.800871: sched_switch: prev_comm=systemd prev_pid=1 prev_prio=120 prev_state=S ==> next_comm=InputThread next_pid=1545 next_prio=120
     InputThread-1545  [000] d...   523.800961: sched_wakeup: comm=Xorg pid=1541 prio=120 target_cpu=000
     InputThread-1545  [000] d...   523.800966: sched_switch: prev_comm=InputThread prev_pid=1545 prev_prio=120 prev_state=S ==> next_comm=Xorg next_pid=1541 next_prio=120
            Xorg-1541  [000] dN..   523.801002: sched_wakeup: comm=gnome-terminal- pid=2173 prio=120 target_cpu=000
            Xorg-1541  [000] d...   523.801004: sched_switch: prev_comm=Xorg prev_pid=1541 prev_prio=120 prev_state=R ==> next_comm=gnome-terminal- next_pid=2173 next_prio=120
 gnome-terminal--2173  [000] d...   523.801100: sched_switch: prev_comm=gnome-terminal- prev_pid=2173 prev_prio=120 prev_state=S ==> next_comm=Xorg next_pid=1541 next_prio=120
            Xorg-1541  [000] d...   523.801115: sched_wakeup: comm=gnome-shell pid=1725 prio=120 target_cpu=000
            Xorg-1541  [000] d...   523.801119: sched_switch: prev_comm=Xorg prev_pid=1541 prev_prio=120 prev_state=S ==> next_comm=gnome-shell next_pid=1725 next_prio=120
     gnome-shell-1725  [000] dN..   523.801192: sched_wakeup: comm=Xorg pid=1541 prio=120 target_cpu=000
     gnome-shell-1725  [000] d...   523.801193: sched_switch: prev_comm=gnome-shell prev_pid=1725 prev_prio=120 prev_state=R ==> next_comm=Xorg next_pid=1541 next_prio=120
            Xorg-1541  [000] d...   523.801208: sched_switch: prev_comm=Xorg prev_pid=1541 prev_prio=120 prev_state=S ==> next_comm=gnome-shell next_pid=1725 next_prio=120
     gnome-shell-1725  [000] d...   523.801247: sched_switch: prev_comm=gnome-shell prev_pid=1725 prev_prio=120 prev_state=S ==> next_comm=swapper/0 next_pid=0 next_prio=120
          <idle>-0     [000] dNs.   523.801287: sched_wakeup: comm=rcu_sched pid=11 prio=120 target_cpu=000
          <idle>-0     [000] d...   523.801289: sched_switch: prev_comm=swapper/0 prev_pid=0 prev_prio=120 prev_state=R ==> next_comm=rcu_sched next_pid=11 next_prio=120
       rcu_sched-11    [000] d...   523.801293: sched_switch: prev_comm=rcu_sched prev_pid=11 prev_prio=120 prev_state=I ==> next_comm=swapper/0 next_pid=0 next_prio=120
          <idle>-0     [000] dNh.   523.802219: sched_wakeup: comm=Xorg pid=1541 prio=120 target_cpu=000
          <idle>-0     [000] d...   523.802224: sched_switch: prev_comm=swapper/0 prev_pid=0 prev_prio=120 prev_state=R ==> next_comm=Xorg next_pid=1541 next_prio=120
            Xorg-1541  [000] d...   523.802239: sched_switch: prev_comm=Xorg prev_pid=1541 prev_prio=120 prev_state=S ==> next_comm=swapper/0 next_pid=0 next_prio=120
          <idle>-0     [000] dNh.   523.803583: sched_wakeup: comm=Xorg pid=1541 prio=120 target_cpu=000
          <idle>-0     [000] d...   523.803594: sched_switch: prev_comm=swapper/0 prev_pid=0 prev_prio=120 prev_state=R ==> next_comm=Xorg next_pid=1541 next_prio=120
            Xorg-1541  [000] d...   523.803621: sched_switch: prev_comm=Xorg prev_pid=1541 prev_prio=120 prev_state=S ==> next_comm=swapper/0 next_pid=0 next_prio=120
          <idle>-0     [000] dNh.   523.804096: sched_wakeup: comm=gnome-terminal- pid=2173 prio=120 target_cpu=000
          <idle>-0     [000] d...   523.804102: sched_switch: prev_comm=swapper/0 prev_pid=0 prev_prio=120 prev_state=R ==> next_comm=gnome-terminal- next_pid=2173 next_prio=120
 gnome-terminal--2173  [000] d...   523.804206: sched_wakeup: comm=Xorg pid=1541 prio=120 target_cpu=000
 gnome-terminal--2173  [000] d...   523.804212: sched_switch: prev_comm=gnome-terminal- prev_pid=2173 prev_prio=120 prev_state=S ==> next_comm=Xorg next_pid=1541 next_prio=120
            Xorg-1541  [000] dN..   523.804234: sched_wakeup: comm=gnome-terminal- pid=2173 prio=120 target_cpu=000
            Xorg-1541  [000] d...   523.804236: sched_switch: prev_comm=Xorg prev_pid=1541 prev_prio=120 prev_state=R ==> next_comm=gnome-terminal- next_pid=2173 next_prio=120
 gnome-terminal--2173  [000] d...   523.804279: sched_switch: prev_comm=gnome-terminal- prev_pid=2173 prev_prio=120 prev_state=S ==> next_comm=Xorg next_pid=1541 next_prio=120
            Xorg-1541  [000] d...   523.804288: sched_switch: prev_comm=Xorg prev_pid=1541 prev_prio=120 prev_state=S ==> next_comm=swapper/0 next_pid=0 next_prio=120
          <idle>-0     [000] dNh.   523.808483: sched_wakeup: comm=systemd pid=1 prio=120 target_cpu=000
          <idle>-0     [000] dNh.   523.808491: sched_wakeup: comm=InputThread pid=1545 prio=120 target_cpu=000
          <idle>-0     [000] d...   523.808508: sched_switch: prev_comm=swapper/0 prev_pid=0 prev_prio=120 prev_state=R ==> next_comm=systemd next_pid=1 next_prio=120
         systemd-1     [000] d...   523.808516: sched_switch: prev_comm=systemd prev_pid=1 prev_prio=120 prev_state=S ==> next_comm=InputThread next_pid=1545 next_prio=120
     InputThread-1545  [000] d...   523.808610: sched_wakeup: comm=Xorg pid=1541 prio=120 target_cpu=000
     InputThread-1545  [000] d...   523.808615: sched_switch: prev_comm=InputThread prev_pid=1545 prev_prio=120 prev_state=S ==> next_comm=Xorg next_pid=1541 next_prio=120
            Xorg-1541  [000] dN..   523.808650: sched_wakeup: comm=gnome-terminal- pid=2173 prio=120 target_cpu=000
            Xorg-1541  [000] d...   523.808652: sched_switch: prev_comm=Xorg prev_pid=1541 prev_prio=120 prev_state=R ==> next_comm=gnome-terminal- next_pid=2173 next_prio=120
 gnome-terminal--2173  [000] d...   523.808803: sched_switch: prev_comm=gnome-terminal- prev_pid=2173 prev_prio=120 prev_state=S ==> next_comm=Xorg next_pid=1541 next_prio=120
            Xorg-1541  [000] d...   523.808819: sched_wakeup: comm=gnome-shell pid=1725 prio=120 target_cpu=000
            Xorg-1541  [000] dN..   523.808831: sched_wakeup: comm=gnome-terminal- pid=2173 prio=120 target_cpu=000
            Xorg-1541  [000] d...   523.808832: sched_switch: prev_comm=Xorg prev_pid=1541 prev_prio=120 prev_state=R ==> next_comm=gnome-terminal- next_pid=2173 next_prio=120
 gnome-terminal--2173  [000] d...   523.808876: sched_switch: prev_comm=gnome-terminal- prev_pid=2173 prev_prio=120 prev_state=S ==> next_comm=Xorg next_pid=1541 next_prio=120
            Xorg-1541  [000] d...   523.808883: sched_switch: prev_comm=Xorg prev_pid=1541 prev_prio=120 prev_state=S ==> next_comm=gnome-shell next_pid=1725 next_prio=120
     gnome-shell-1725  [000] dN..   523.808952: sched_wakeup: comm=Xorg pid=1541 prio=120 target_cpu=000
     gnome-shell-1725  [000] d...   523.808953: sched_switch: prev_comm=gnome-shell prev_pid=1725 prev_prio=120 prev_state=R ==> next_comm=Xorg next_pid=1541 next_prio=120
            Xorg-1541  [000] d...   523.808967: sched_switch: prev_comm=Xorg prev_pid=1541 prev_prio=120 prev_state=S ==> next_comm=gnome-shell next_pid=1725 next_prio=120
     gnome-shell-1725  [000] d...   523.809005: sched_switch: prev_comm=gnome-shell prev_pid=1725 prev_prio=120 prev_state=S ==> next_comm=swapper/0 next_pid=0 next_prio=120
          <idle>-0     [000] dNh.   523.810668: sched_wakeup: comm=Xorg pid=1541 prio=120 target_cpu=000
          <idle>-0     [000] d...   523.810681: sched_switch: prev_comm=swapper/0 prev_pid=0 prev_prio=120 prev_state=R ==> next_comm=Xorg next_pid=1541 next_prio=120
            Xorg-1541  [000] d...   523.810708: sched_switch: prev_comm=Xorg prev_pid=1541 prev_prio=120 prev_state=S ==> next_comm=swapper/0 next_pid=0 next_prio=120
          <idle>-0     [000] dNh.   523.813685: sched_wakeup: comm=dndX11 pid=1677 prio=120 target_cpu=000
          <idle>-0     [000] d...   523.813698: sched_switch: prev_comm=swapper/0 prev_pid=0 prev_prio=120 prev_state=R ==> next_comm=dndX11 next_pid=1677 next_prio=120
          dndX11-1677  [000] d...   523.813728: sched_switch: prev_comm=dndX11 prev_pid=1677 prev_prio=120 prev_state=S ==> next_comm=swapper/0 next_pid=0 next_prio=120
          <idle>-0     [000] dNh.   523.816578: sched_wakeup: comm=systemd pid=1 prio=120 target_cpu=000
          <idle>-0     [000] dNh.   523.816585: sched_wakeup: comm=InputThread pid=1545 prio=120 target_cpu=000
          <idle>-0     [000] d...   523.816605: sched_switch: prev_comm=swapper/0 prev_pid=0 prev_prio=120 prev_state=R ==> next_comm=systemd next_pid=1 next_prio=120
         systemd-1     [000] d...   523.816611: sched_switch: prev_comm=systemd prev_pid=1 prev_prio=120 prev_state=S ==> next_comm=InputThread next_pid=1545 next_prio=120
     InputThread-1545  [000] d...   523.816705: sched_wakeup: comm=Xorg pid=1541 prio=120 target_cpu=000
     InputThread-1545  [000] d...   523.816710: sched_switch: prev_comm=InputThread prev_pid=1545 prev_prio=120 prev_state=S ==> next_comm=Xorg next_pid=1541 next_prio=120
            Xorg-1541  [000] dN..   523.816744: sched_wakeup: comm=gnome-terminal- pid=2173 prio=120 target_cpu=000
            Xorg-1541  [000] d...   523.816746: sched_switch: prev_comm=Xorg prev_pid=1541 prev_prio=120 prev_state=R ==> next_comm=gnome-terminal- next_pid=2173 next_prio=120
 gnome-terminal--2173  [000] d...   523.817065: sched_switch: prev_comm=gnome-terminal- prev_pid=2173 prev_prio=120 prev_state=S ==> next_comm=Xorg next_pid=1541 next_prio=120
            Xorg-1541  [000] d...   523.817082: sched_wakeup: comm=gnome-shell pid=1725 prio=120 target_cpu=000
            Xorg-1541  [000] dN..   523.817095: sched_wakeup: comm=gnome-terminal- pid=2173 prio=120 target_cpu=000
            Xorg-1541  [000] d...   523.817096: sched_switch: prev_comm=Xorg prev_pid=1541 prev_prio=120 prev_state=R ==> next_comm=gnome-terminal- next_pid=2173 next_prio=120
 gnome-terminal--2173  [000] d...   523.817462: sched_switch: prev_comm=gnome-terminal- prev_pid=2173 prev_prio=120 prev_state=S ==> next_comm=Xorg next_pid=1541 next_prio=120
            Xorg-1541  [000] d...   523.817946: sched_switch: prev_comm=Xorg prev_pid=1541 prev_prio=120 prev_state=S ==> next_comm=gnome-shell next_pid=1725 next_prio=120
     gnome-shell-1725  [000] dN..   523.818025: sched_wakeup: comm=Xorg pid=1541 prio=120 target_cpu=000
     gnome-shell-1725  [000] d...   523.818027: sched_switch: prev_comm=gnome-shell prev_pid=1725 prev_prio=120 prev_state=R ==> next_comm=Xorg next_pid=1541 next_prio=120
            Xorg-1541  [000] d...   523.818040: sched_switch: prev_comm=Xorg prev_pid=1541 prev_prio=120 prev_state=S ==> next_comm=gnome-shell next_pid=1725 next_prio=120
     gnome-shell-1725  [000] dN..   523.818097: sched_wakeup: comm=Xorg pid=1541 prio=120 target_cpu=000
     gnome-shell-1725  [000] d...   523.818098: sched_switch: prev_comm=gnome-shell prev_pid=1725 prev_prio=120 prev_state=R ==> next_comm=Xorg next_pid=1541 next_prio=120
            Xorg-1541  [000] d...   523.818108: sched_switch: prev_comm=Xorg prev_pid=1541 prev_prio=120 prev_state=S ==> next_comm=gnome-shell next_pid=1725 next_prio=120
     gnome-shell-1725  [000] dN..   523.818172: sched_wakeup: comm=Xorg pid=1541 prio=120 target_cpu=000
     gnome-shell-1725  [000] d...   523.818174: sched_switch: prev_comm=gnome-shell prev_pid=1725 prev_prio=120 prev_state=R ==> next_comm=Xorg next_pid=1541 next_prio=120
            Xorg-1541  [000] d...   523.818191: sched_switch: prev_comm=Xorg prev_pid=1541 prev_prio=120 prev_state=S ==> next_comm=gnome-shell next_pid=1725 next_prio=120
     gnome-shell-1725  [000] dN..   523.818369: sched_wakeup: comm=Xorg pid=1541 prio=120 target_cpu=000
     gnome-shell-1725  [000] d...   523.818371: sched_switch: prev_comm=gnome-shell prev_pid=1725 prev_prio=120 prev_state=R ==> next_comm=Xorg next_pid=1541 next_prio=120
            Xorg-1541  [000] d...   523.818386: sched_switch: prev_comm=Xorg prev_pid=1541 prev_prio=120 prev_state=S ==> next_comm=gnome-shell next_pid=1725 next_prio=120
     gnome-shell-1725  [000] dN..   523.818525: sched_wakeup: comm=Xorg pid=1541 prio=120 target_cpu=000
     gnome-shell-1725  [000] d...   523.818526: sched_switch: prev_comm=gnome-shell prev_pid=1725 prev_prio=120 prev_state=R ==> next_comm=Xorg next_pid=1541 next_prio=120
            Xorg-1541  [000] d...   523.818960: sched_switch: prev_comm=Xorg prev_pid=1541 prev_prio=120 prev_state=S ==> next_comm=gnome-shell next_pid=1725 next_prio=120
     gnome-shell-1725  [000] dN..   523.819465: sched_wakeup: comm=Xorg pid=1541 prio=120 target_cpu=000
     gnome-shell-1725  [000] d...   523.819466: sched_switch: prev_comm=gnome-shell prev_pid=1725 prev_prio=120 prev_state=R ==> next_comm=Xorg next_pid=1541 next_prio=120
            Xorg-1541  [000] dN..   523.819482: sched_wakeup: comm=gnome-terminal- pid=2173 prio=120 target_cpu=000
            Xorg-1541  [000] d...   523.819483: sched_switch: prev_comm=Xorg prev_pid=1541 prev_prio=120 prev_state=R ==> next_comm=gnome-terminal- next_pid=2173 next_prio=120
 gnome-terminal--2173  [000] d...   523.819520: sched_switch: prev_comm=gnome-terminal- prev_pid=2173 prev_prio=120 prev_state=S ==> next_comm=Xorg next_pid=1541 next_prio=120
            Xorg-1541  [000] d...   523.819527: sched_switch: prev_comm=Xorg prev_pid=1541 prev_prio=120 prev_state=S ==> next_comm=gnome-shell next_pid=1725 next_prio=120
     gnome-shell-1725  [000] dN..   523.819981: sched_wakeup: comm=Xorg pid=1541 prio=120 target_cpu=000
     gnome-shell-1725  [000] d...   523.819983: sched_switch: prev_comm=gnome-shell prev_pid=1725 prev_prio=120 prev_state=R ==> next_comm=Xorg next_pid=1541 next_prio=120
            Xorg-1541  [000] d...   523.820129: sched_switch: prev_comm=Xorg prev_pid=1541 prev_prio=120 prev_state=S ==> next_comm=gnome-shell next_pid=1725 next_prio=120
     gnome-shell-1725  [000] dNh.   523.820228: sched_wakeup: comm=irq/18-vmwgfx pid=465 prio=49 target_cpu=000
     gnome-shell-1725  [000] d...   523.820241: sched_switch: prev_comm=gnome-shell prev_pid=1725 prev_prio=120 prev_state=R ==> next_comm=irq/18-vmwgfx next_pid=465 next_prio=49
   irq/18-vmwgfx-465   [000] d...   523.820246: sched_wakeup: comm=kworker/0:4 pid=285 prio=120 target_cpu=000
   irq/18-vmwgfx-465   [000] d...   523.820249: sched_switch: prev_comm=irq/18-vmwgfx prev_pid=465 prev_prio=49 prev_state=S ==> next_comm=kworker/0:4 next_pid=285 next_prio=120
     kworker/0:4-285   [000] d...   523.820256: sched_switch: prev_comm=kworker/0:4 prev_pid=285 prev_prio=120 prev_state=I ==> next_comm=gnome-shell next_pid=1725 next_prio=120
     gnome-shell-1725  [000] dN..   523.820276: sched_wakeup: comm=Xorg pid=1541 prio=120 target_cpu=000
     gnome-shell-1725  [000] d...   523.820277: sched_switch: prev_comm=gnome-shell prev_pid=1725 prev_prio=120 prev_state=R ==> next_comm=Xorg next_pid=1541 next_prio=120
            Xorg-1541  [000] dN..   523.820295: sched_wakeup: comm=gnome-terminal- pid=2173 prio=120 target_cpu=000
            Xorg-1541  [000] d...   523.820296: sched_switch: prev_comm=Xorg prev_pid=1541 prev_prio=120 prev_state=R ==> next_comm=gnome-terminal- next_pid=2173 next_prio=120
 gnome-terminal--2173  [000] d...   523.820343: sched_switch: prev_comm=gnome-terminal- prev_pid=2173 prev_prio=120 prev_state=S ==> next_comm=Xorg next_pid=1541 next_prio=120
            Xorg-1541  [000] d...   523.820352: sched_switch: prev_comm=Xorg prev_pid=1541 prev_prio=120 prev_state=S ==> next_comm=gnome-shell next_pid=1725 next_prio=120
     gnome-shell-1725  [000] d...   523.820394: sched_switch: prev_comm=gnome-shell prev_pid=1725 prev_prio=120 prev_state=S ==> next_comm=swapper/0 next_pid=0 next_prio=120
          <idle>-0     [000] dNs.   523.821025: sched_wakeup: comm=rcu_sched pid=11 prio=120 target_cpu=000
          <idle>-0     [000] d...   523.821027: sched_switch: prev_comm=swapper/0 prev_pid=0 prev_prio=120 prev_state=R ==> next_comm=rcu_sched next_pid=11 next_prio=120
       rcu_sched-11    [000] d...   523.821032: sched_switch: prev_comm=rcu_sched prev_pid=11 prev_prio=120 prev_state=I ==> next_comm=swapper/0 next_pid=0 next_prio=120
          <idle>-0     [000] dNh.   523.824402: sched_wakeup: comm=systemd pid=1 prio=120 target_cpu=000
          <idle>-0     [000] dNh.   523.824410: sched_wakeup: comm=InputThread pid=1545 prio=120 target_cpu=000
          <idle>-0     [000] d...   523.824422: sched_switch: prev_comm=swapper/0 prev_pid=0 prev_prio=120 prev_state=R ==> next_comm=systemd next_pid=1 next_prio=120
         systemd-1     [000] d...   523.824429: sched_switch: prev_comm=systemd prev_pid=1 prev_prio=120 prev_state=S ==> next_comm=InputThread next_pid=1545 next_prio=120
     InputThread-1545  [000] d...   523.824521: sched_wakeup: comm=Xorg pid=1541 prio=120 target_cpu=000
     InputThread-1545  [000] d...   523.824526: sched_switch: prev_comm=InputThread prev_pid=1545 prev_prio=120 prev_state=S ==> next_comm=Xorg next_pid=1541 next_prio=120
            Xorg-1541  [000] dN..   523.824561: sched_wakeup: comm=gnome-terminal- pid=2173 prio=120 target_cpu=000
            Xorg-1541  [000] d...   523.824563: sched_switch: prev_comm=Xorg prev_pid=1541 prev_prio=120 prev_state=R ==> next_comm=gnome-terminal- next_pid=2173 next_prio=120
 gnome-terminal--2173  [000] d...   523.824701: sched_switch: prev_comm=gnome-terminal- prev_pid=2173 prev_prio=120 prev_state=S ==> next_comm=Xorg next_pid=1541 next_prio=120
            Xorg-1541  [000] d...   523.824717: sched_wakeup: comm=gnome-shell pid=1725 prio=120 target_cpu=000
            Xorg-1541  [000] dN..   523.824730: sched_wakeup: comm=gnome-terminal- pid=2173 prio=120 target_cpu=000
            Xorg-1541  [000] d...   523.824731: sched_switch: prev_comm=Xorg prev_pid=1541 prev_prio=120 prev_state=R ==> next_comm=gnome-terminal- next_pid=2173 next_prio=120
 gnome-terminal--2173  [000] d...   523.824773: sched_switch: prev_comm=gnome-terminal- prev_pid=2173 prev_prio=120 prev_state=S ==> next_comm=Xorg next_pid=1541 next_prio=120
            Xorg-1541  [000] d...   523.824780: sched_switch: prev_comm=Xorg prev_pid=1541 prev_prio=120 prev_state=S ==> next_comm=gnome-shell next_pid=1725 next_prio=120
     gnome-shell-1725  [000] dN..   523.824851: sched_wakeup: comm=Xorg pid=1541 prio=120 target_cpu=000
     gnome-shell-1725  [000] d...   523.824852: sched_switch: prev_comm=gnome-shell prev_pid=1725 prev_prio=120 prev_state=R ==> next_comm=Xorg next_pid=1541 next_prio=120
            Xorg-1541  [000] d...   523.824865: sched_switch: prev_comm=Xorg prev_pid=1541 prev_prio=120 prev_state=S ==> next_comm=gnome-shell next_pid=1725 next_prio=120
     gnome-shell-1725  [000] d...   523.824909: sched_switch: prev_comm=gnome-shell prev_pid=1725 prev_prio=120 prev_state=S ==> next_comm=swapper/0 next_pid=0 next_prio=120
          <idle>-0     [000] dNs.   523.825053: sched_wakeup: comm=kworker/0:4 pid=285 prio=120 target_cpu=000
          <idle>-0     [000] dNs.   523.825055: sched_wakeup: comm=rcu_sched pid=11 prio=120 target_cpu=000
          <idle>-0     [000] d...   523.825057: sched_switch: prev_comm=swapper/0 prev_pid=0 prev_prio=120 prev_state=R ==> next_comm=kworker/0:4 next_pid=285 next_prio=120
     kworker/0:4-285   [000] d...   523.825061: sched_switch: prev_comm=kworker/0:4 prev_pid=285 prev_prio=120 prev_state=I ==> next_comm=rcu_sched next_pid=11 next_prio=120
       rcu_sched-11    [000] d...   523.825066: sched_switch: prev_comm=rcu_sched prev_pid=11 prev_prio=120 prev_state=I ==> next_comm=swapper/0 next_pid=0 next_prio=120
          <idle>-0     [000] dNh.   523.826360: sched_wakeup: comm=Xorg pid=1541 prio=120 target_cpu=000
          <idle>-0     [000] d...   523.826369: sched_switch: prev_comm=swapper/0 prev_pid=0 prev_prio=120 prev_state=R ==> next_comm=Xorg next_pid=1541 next_prio=120
            Xorg-1541  [000] d...   523.826394: sched_switch: prev_comm=Xorg prev_pid=1541 prev_prio=120 prev_state=S ==> next_comm=swapper/0 next_pid=0 next_prio=120
          <idle>-0     [000] dNs.   523.829037: sched_wakeup: comm=rcu_sched pid=11 prio=120 target_cpu=000
          <idle>-0     [000] d...   523.829042: sched_switch: prev_comm=swapper/0 prev_pid=0 prev_prio=120 prev_state=R ==> next_comm=rcu_sched next_pid=11 next_prio=120
       rcu_sched-11    [000] d...   523.829054: sched_switch: prev_comm=rcu_sched prev_pid=11 prev_prio=120 prev_state=I ==> next_comm=swapper/0 next_pid=0 next_prio=120
          <idle>-0     [000] dNh.   523.832536: sched_wakeup: comm=systemd pid=1 prio=120 target_cpu=000
          <idle>-0     [000] dNh.   523.832544: sched_wakeup: comm=InputThread pid=1545 prio=120 target_cpu=000
          <idle>-0     [000] d...   523.832561: sched_switch: prev_comm=swapper/0 prev_pid=0 prev_prio=120 prev_state=R ==> next_comm=systemd next_pid=1 next_prio=120
         systemd-1     [000] d...   523.832569: sched_switch: prev_comm=systemd prev_pid=1 prev_prio=120 prev_state=S ==> next_comm=InputThread next_pid=1545 next_prio=120
     InputThread-1545  [000] d...   523.832661: sched_wakeup: comm=Xorg pid=1541 prio=120 target_cpu=000
     InputThread-1545  [000] d...   523.832667: sched_switch: prev_comm=InputThread prev_pid=1545 prev_prio=120 prev_state=S ==> next_comm=Xorg next_pid=1541 next_prio=120
            Xorg-1541  [000] dN..   523.832704: sched_wakeup: comm=gnome-terminal- pid=2173 prio=120 target_cpu=000
            Xorg-1541  [000] d...   523.832706: sched_switch: prev_comm=Xorg prev_pid=1541 prev_prio=120 prev_state=R ==> next_comm=gnome-terminal- next_pid=2173 next_prio=120
 gnome-terminal--2173  [000] d...   523.832930: sched_switch: prev_comm=gnome-terminal- prev_pid=2173 prev_prio=120 prev_state=S ==> next_comm=Xorg next_pid=1541 next_prio=120
            Xorg-1541  [000] d...   523.832957: sched_wakeup: comm=gnome-shell pid=1725 prio=120 target_cpu=000
            Xorg-1541  [000] dN..   523.833000: sched_wakeup: comm=gnome-terminal- pid=2173 prio=120 target_cpu=000
            Xorg-1541  [000] d...   523.833002: sched_switch: prev_comm=Xorg prev_pid=1541 prev_prio=120 prev_state=R ==> next_comm=gnome-terminal- next_pid=2173 next_prio=120
 gnome-terminal--2173  [000] d...   523.833047: sched_switch: prev_comm=gnome-terminal- prev_pid=2173 prev_prio=120 prev_state=S ==> next_comm=Xorg next_pid=1541 next_prio=120
            Xorg-1541  [000] d...   523.833054: sched_switch: prev_comm=Xorg prev_pid=1541 prev_prio=120 prev_state=S ==> next_comm=gnome-shell next_pid=1725 next_prio=120
     gnome-shell-1725  [000] dN..   523.833128: sched_wakeup: comm=Xorg pid=1541 prio=120 target_cpu=000
     gnome-shell-1725  [000] d...   523.833130: sched_switch: prev_comm=gnome-shell prev_pid=1725 prev_prio=120 prev_state=R ==> next_comm=Xorg next_pid=1541 next_prio=120
            Xorg-1541  [000] d...   523.833142: sched_switch: prev_comm=Xorg prev_pid=1541 prev_prio=120 prev_state=S ==> next_comm=gnome-shell next_pid=1725 next_prio=120
     gnome-shell-1725  [000] d...   523.833182: sched_switch: prev_comm=gnome-shell prev_pid=1725 prev_prio=120 prev_state=S ==> next_comm=swapper/0 next_pid=0 next_prio=120
          <idle>-0     [000] dNh.   523.835062: sched_wakeup: comm=Xorg pid=1541 prio=120 target_cpu=000
          <idle>-0     [000] d...   523.835075: sched_switch: prev_comm=swapper/0 prev_pid=0 prev_prio=120 prev_state=R ==> next_comm=Xorg next_pid=1541 next_prio=120
            Xorg-1541  [000] d...   523.835101: sched_switch: prev_comm=Xorg prev_pid=1541 prev_prio=120 prev_state=S ==> next_comm=swapper/0 next_pid=0 next_prio=120
          <idle>-0     [000] dNh.   523.839035: sched_wakeup: comm=dndX11 pid=1677 prio=120 target_cpu=000
          <idle>-0     [000] d...   523.839051: sched_switch: prev_comm=swapper/0 prev_pid=0 prev_prio=120 prev_state=R ==> next_comm=dndX11 next_pid=1677 next_prio=120
          dndX11-1677  [000] d...   523.839083: sched_switch: prev_comm=dndX11 prev_pid=1677 prev_prio=120 prev_state=S ==> next_comm=swapper/0 next_pid=0 next_prio=120
          <idle>-0     [000] dNh.   523.840521: sched_wakeup: comm=systemd pid=1 prio=120 target_cpu=000
          <idle>-0     [000] dNh.   523.840527: sched_wakeup: comm=InputThread pid=1545 prio=120 target_cpu=000
          <idle>-0     [000] d...   523.840548: sched_switch: prev_comm=swapper/0 prev_pid=0 prev_prio=120 prev_state=R ==> next_comm=systemd next_pid=1 next_prio=120
         systemd-1     [000] d...   523.840556: sched_switch: prev_comm=systemd prev_pid=1 prev_prio=120 prev_state=S ==> next_comm=InputThread next_pid=1545 next_prio=120
     InputThread-1545  [000] d...   523.840648: sched_wakeup: comm=Xorg pid=1541 prio=120 target_cpu=000
     InputThread-1545  [000] d...   523.840653: sched_switch: prev_comm=InputThread prev_pid=1545 prev_prio=120 prev_state=S ==> next_comm=Xorg next_pid=1541 next_prio=120
            Xorg-1541  [000] dN..   523.840688: sched_wakeup: comm=gnome-terminal- pid=2173 prio=120 target_cpu=000
            Xorg-1541  [000] d...   523.840690: sched_switch: prev_comm=Xorg prev_pid=1541 prev_prio=120 prev_state=R ==> next_comm=gnome-terminal- next_pid=2173 next_prio=120
 gnome-terminal--2173  [000] d...   523.840834: sched_switch: prev_comm=gnome-terminal- prev_pid=2173 prev_prio=120 prev_state=S ==> next_comm=Xorg next_pid=1541 next_prio=120
            Xorg-1541  [000] d...   523.840851: sched_wakeup: comm=gnome-shell pid=1725 prio=120 target_cpu=000
            Xorg-1541  [000] dN..   523.840863: sched_wakeup: comm=gnome-terminal- pid=2173 prio=120 target_cpu=000
            Xorg-1541  [000] d...   523.840864: sched_switch: prev_comm=Xorg prev_pid=1541 prev_prio=120 prev_state=R ==> next_comm=gnome-terminal- next_pid=2173 next_prio=120
 gnome-terminal--2173  [000] d...   523.840907: sched_switch: prev_comm=gnome-terminal- prev_pid=2173 prev_prio=120 prev_state=S ==> next_comm=Xorg next_pid=1541 next_prio=120
            Xorg-1541  [000] d...   523.840914: sched_switch: prev_comm=Xorg prev_pid=1541 prev_prio=120 prev_state=S ==> next_comm=gnome-shell next_pid=1725 next_prio=120
     gnome-shell-1725  [000] dN..   523.841018: sched_wakeup: comm=Xorg pid=1541 prio=120 target_cpu=000
     gnome-shell-1725  [000] d...   523.841020: sched_switch: prev_comm=gnome-shell prev_pid=1725 prev_prio=120 prev_state=R ==> next_comm=Xorg next_pid=1541 next_prio=120
            Xorg-1541  [000] d...   523.841032: sched_switch: prev_comm=Xorg prev_pid=1541 prev_prio=120 prev_state=S ==> next_comm=gnome-shell next_pid=1725 next_prio=120
     gnome-shell-1725  [000] d...   523.841070: sched_switch: prev_comm=gnome-shell prev_pid=1725 prev_prio=120 prev_state=S ==> next_comm=swapper/0 next_pid=0 next_prio=120
          <idle>-0     [000] dNh.   523.842862: sched_wakeup: comm=Xorg pid=1541 prio=120 target_cpu=000
          <idle>-0     [000] d...   523.842876: sched_switch: prev_comm=swapper/0 prev_pid=0 prev_prio=120 prev_state=R ==> next_comm=Xorg next_pid=1541 next_prio=120
            Xorg-1541  [000] d...   523.842903: sched_switch: prev_comm=Xorg prev_pid=1541 prev_prio=120 prev_state=S ==> next_comm=swapper/0 next_pid=0 next_prio=120
          <idle>-0     [000] dNh.   523.848475: sched_wakeup: comm=systemd pid=1 prio=120 target_cpu=000
          <idle>-0     [000] dNh.   523.848482: sched_wakeup: comm=InputThread pid=1545 prio=120 target_cpu=000
          <idle>-0     [000] d...   523.848501: sched_switch: prev_comm=swapper/0 prev_pid=0 prev_prio=120 prev_state=R ==> next_comm=systemd next_pid=1 next_prio=120
         systemd-1     [000] d...   523.848508: sched_switch: prev_comm=systemd prev_pid=1 prev_prio=120 prev_state=S ==> next_comm=InputThread next_pid=1545 next_prio=120
     InputThread-1545  [000] d...   523.848596: sched_wakeup: comm=Xorg pid=1541 prio=120 target_cpu=000
     InputThread-1545  [000] d...   523.848601: sched_switch: prev_comm=InputThread prev_pid=1545 prev_prio=120 prev_state=S ==> next_comm=Xorg next_pid=1541 next_prio=120
            Xorg-1541  [000] dN..   523.848637: sched_wakeup: comm=gnome-terminal- pid=2173 prio=120 target_cpu=000
            Xorg-1541  [000] d...   523.848639: sched_switch: prev_comm=Xorg prev_pid=1541 prev_prio=120 prev_state=R ==> next_comm=gnome-terminal- next_pid=2173 next_prio=120
 gnome-terminal--2173  [000] d...   523.849136: sched_switch: prev_comm=gnome-terminal- prev_pid=2173 prev_prio=120 prev_state=S ==> next_comm=Xorg next_pid=1541 next_prio=120
            Xorg-1541  [000] d...   523.849156: sched_wakeup: comm=gnome-shell pid=1725 prio=120 target_cpu=000
            Xorg-1541  [000] dN..   523.849171: sched_wakeup: comm=gnome-terminal- pid=2173 prio=120 target_cpu=000
            Xorg-1541  [000] d...   523.849172: sched_switch: prev_comm=Xorg prev_pid=1541 prev_prio=120 prev_state=R ==> next_comm=gnome-terminal- next_pid=2173 next_prio=120
 gnome-terminal--2173  [000] d...   523.849483: sched_switch: prev_comm=gnome-terminal- prev_pid=2173 prev_prio=120 prev_state=S ==> next_comm=Xorg next_pid=1541 next_prio=120
            Xorg-1541  [000] d...   523.849949: sched_switch: prev_comm=Xorg prev_pid=1541 prev_prio=120 prev_state=S ==> next_comm=gnome-shell next_pid=1725 next_prio=120
     gnome-shell-1725  [000] dN..   523.850027: sched_wakeup: comm=Xorg pid=1541 prio=120 target_cpu=000
     gnome-shell-1725  [000] d...   523.850029: sched_switch: prev_comm=gnome-shell prev_pid=1725 prev_prio=120 prev_state=R ==> next_comm=Xorg next_pid=1541 next_prio=120
            Xorg-1541  [000] d...   523.850042: sched_switch: prev_comm=Xorg prev_pid=1541 prev_prio=120 prev_state=S ==> next_comm=gnome-shell next_pid=1725 next_prio=120
     gnome-shell-1725  [000] dN..   523.850121: sched_wakeup: comm=Xorg pid=1541 prio=120 target_cpu=000
     gnome-shell-1725  [000] d...   523.850123: sched_switch: prev_comm=gnome-shell prev_pid=1725 prev_prio=120 prev_state=R ==> next_comm=Xorg next_pid=1541 next_prio=120
            Xorg-1541  [000] d...   523.850137: sched_switch: prev_comm=Xorg prev_pid=1541 prev_prio=120 prev_state=S ==> next_comm=gnome-shell next_pid=1725 next_prio=120
     gnome-shell-1725  [000] dN..   523.850184: sched_wakeup: comm=Xorg pid=1541 prio=120 target_cpu=000
     gnome-shell-1725  [000] d...   523.850185: sched_switch: prev_comm=gnome-shell prev_pid=1725 prev_prio=120 prev_state=R ==> next_comm=Xorg next_pid=1541 next_prio=120
            Xorg-1541  [000] d...   523.850196: sched_switch: prev_comm=Xorg prev_pid=1541 prev_prio=120 prev_state=S ==> next_comm=gnome-shell next_pid=1725 next_prio=120
     gnome-shell-1725  [000] dN..   523.850398: sched_wakeup: comm=Xorg pid=1541 prio=120 target_cpu=000
     gnome-shell-1725  [000] d...   523.850399: sched_switch: prev_comm=gnome-shell prev_pid=1725 prev_prio=120 prev_state=R ==> next_comm=Xorg next_pid=1541 next_prio=120
            Xorg-1541  [000] d...   523.850414: sched_switch: prev_comm=Xorg prev_pid=1541 prev_prio=120 prev_state=S ==> next_comm=gnome-shell next_pid=1725 next_prio=120
     gnome-shell-1725  [000] dN..   523.850560: sched_wakeup: comm=Xorg pid=1541 prio=120 target_cpu=000
     gnome-shell-1725  [000] d...   523.850561: sched_switch: prev_comm=gnome-shell prev_pid=1725 prev_prio=120 prev_state=R ==> next_comm=Xorg next_pid=1541 next_prio=120
            Xorg-1541  [000] d...   523.851007: sched_switch: prev_comm=Xorg prev_pid=1541 prev_prio=120 prev_state=S ==> next_comm=gnome-shell next_pid=1725 next_prio=120
     gnome-shell-1725  [000] dN..   523.851523: sched_wakeup: comm=Xorg pid=1541 prio=120 target_cpu=000
     gnome-shell-1725  [000] d...   523.851525: sched_switch: prev_comm=gnome-shell prev_pid=1725 prev_prio=120 prev_state=R ==> next_comm=Xorg next_pid=1541 next_prio=120
            Xorg-1541  [000] dN..   523.851541: sched_wakeup: comm=gnome-terminal- pid=2173 prio=120 target_cpu=000
            Xorg-1541  [000] d...   523.851542: sched_switch: prev_comm=Xorg prev_pid=1541 prev_prio=120 prev_state=R ==> next_comm=gnome-terminal- next_pid=2173 next_prio=120
 gnome-terminal--2173  [000] d...   523.851580: sched_switch: prev_comm=gnome-terminal- prev_pid=2173 prev_prio=120 prev_state=S ==> next_comm=Xorg next_pid=1541 next_prio=120
            Xorg-1541  [000] d...   523.851587: sched_switch: prev_comm=Xorg prev_pid=1541 prev_prio=120 prev_state=S ==> next_comm=gnome-shell next_pid=1725 next_prio=120
     gnome-shell-1725  [000] dN..   523.852068: sched_wakeup: comm=Xorg pid=1541 prio=120 target_cpu=000
     gnome-shell-1725  [000] d...   523.852070: sched_switch: prev_comm=gnome-shell prev_pid=1725 prev_prio=120 prev_state=R ==> next_comm=Xorg next_pid=1541 next_prio=120
            Xorg-1541  [000] d...   523.852173: sched_switch: prev_comm=Xorg prev_pid=1541 prev_prio=120 prev_state=S ==> next_comm=gnome-shell next_pid=1725 next_prio=120
     gnome-shell-1725  [000] dN..   523.852237: sched_wakeup: comm=Xorg pid=1541 prio=120 target_cpu=000
     gnome-shell-1725  [000] d...   523.852238: sched_switch: prev_comm=gnome-shell prev_pid=1725 prev_prio=120 prev_state=R ==> next_comm=Xorg next_pid=1541 next_prio=120
            Xorg-1541  [000] dN..   523.852250: sched_wakeup: comm=gnome-terminal- pid=2173 prio=120 target_cpu=000
            Xorg-1541  [000] d...   523.852251: sched_switch: prev_comm=Xorg prev_pid=1541 prev_prio=120 prev_state=R ==> next_comm=gnome-terminal- next_pid=2173 next_prio=120
 gnome-terminal--2173  [000] dNh.   523.852278: sched_wakeup: comm=irq/18-vmwgfx pid=465 prio=49 target_cpu=000
 gnome-terminal--2173  [000] d...   523.852289: sched_switch: prev_comm=gnome-terminal- prev_pid=2173 prev_prio=120 prev_state=R+ ==> next_comm=irq/18-vmwgfx next_pid=465 next_prio=49
   irq/18-vmwgfx-465   [000] d...   523.852293: sched_wakeup: comm=kworker/0:4 pid=285 prio=120 target_cpu=000
   irq/18-vmwgfx-465   [000] d...   523.852295: sched_switch: prev_comm=irq/18-vmwgfx prev_pid=465 prev_prio=49 prev_state=S ==> next_comm=kworker/0:4 next_pid=285 next_prio=120
     kworker/0:4-285   [000] d...   523.852302: sched_switch: prev_comm=kworker/0:4 prev_pid=285 prev_prio=120 prev_state=I ==> next_comm=gnome-terminal- next_pid=2173 next_prio=120
 gnome-terminal--2173  [000] d...   523.852334: sched_switch: prev_comm=gnome-terminal- prev_pid=2173 prev_prio=120 prev_state=S ==> next_comm=Xorg next_pid=1541 next_prio=120
            Xorg-1541  [000] d...   523.852343: sched_switch: prev_comm=Xorg prev_pid=1541 prev_prio=120 prev_state=S ==> next_comm=gnome-shell next_pid=1725 next_prio=120
     gnome-shell-1725  [000] d...   523.852380: sched_switch: prev_comm=gnome-shell prev_pid=1725 prev_prio=120 prev_state=S ==> next_comm=swapper/0 next_pid=0 next_prio=120
          <idle>-0     [000] dNs.   523.853044: sched_wakeup: comm=rcu_sched pid=11 prio=120 target_cpu=000
          <idle>-0     [000] d...   523.853046: sched_switch: prev_comm=swapper/0 prev_pid=0 prev_prio=120 prev_state=R ==> next_comm=rcu_sched next_pid=11 next_prio=120
       rcu_sched-11    [000] d...   523.853052: sched_switch: prev_comm=rcu_sched prev_pid=11 prev_prio=120 prev_state=I ==> next_comm=swapper/0 next_pid=0 next_prio=120
          <idle>-0     [000] dNh.   523.856371: sched_wakeup: comm=systemd pid=1 prio=120 target_cpu=000
          <idle>-0     [000] dNh.   523.856379: sched_wakeup: comm=InputThread pid=1545 prio=120 target_cpu=000
          <idle>-0     [000] d...   523.856390: sched_switch: prev_comm=swapper/0 prev_pid=0 prev_prio=120 prev_state=R ==> next_comm=systemd next_pid=1 next_prio=120
         systemd-1     [000] d...   523.856398: sched_switch: prev_comm=systemd prev_pid=1 prev_prio=120 prev_state=S ==> next_comm=InputThread next_pid=1545 next_prio=120
     InputThread-1545  [000] d...   523.856490: sched_wakeup: comm=Xorg pid=1541 prio=120 target_cpu=000
     InputThread-1545  [000] d...   523.856495: sched_switch: prev_comm=InputThread prev_pid=1545 prev_prio=120 prev_state=S ==> next_comm=Xorg next_pid=1541 next_prio=120
            Xorg-1541  [000] dN..   523.856531: sched_wakeup: comm=gnome-terminal- pid=2173 prio=120 target_cpu=000
            Xorg-1541  [000] d...   523.856533: sched_switch: prev_comm=Xorg prev_pid=1541 prev_prio=120 prev_state=R ==> next_comm=gnome-terminal- next_pid=2173 next_prio=120
 gnome-terminal--2173  [000] d...   523.856681: sched_switch: prev_comm=gnome-terminal- prev_pid=2173 prev_prio=120 prev_state=S ==> next_comm=Xorg next_pid=1541 next_prio=120
            Xorg-1541  [000] d...   523.856697: sched_wakeup: comm=gnome-shell pid=1725 prio=120 target_cpu=000
            Xorg-1541  [000] dN..   523.856709: sched_wakeup: comm=gnome-terminal- pid=2173 prio=120 target_cpu=000
            Xorg-1541  [000] d...   523.856710: sched_switch: prev_comm=Xorg prev_pid=1541 prev_prio=120 prev_state=R ==> next_comm=gnome-terminal- next_pid=2173 next_prio=120
 gnome-terminal--2173  [000] d...   523.856752: sched_switch: prev_comm=gnome-terminal- prev_pid=2173 prev_prio=120 prev_state=S ==> next_comm=Xorg next_pid=1541 next_prio=120
            Xorg-1541  [000] d...   523.856759: sched_switch: prev_comm=Xorg prev_pid=1541 prev_prio=120 prev_state=S ==> next_comm=gnome-shell next_pid=1725 next_prio=120
     gnome-shell-1725  [000] dN..   523.856831: sched_wakeup: comm=Xorg pid=1541 prio=120 target_cpu=000
     gnome-shell-1725  [000] d...   523.856833: sched_switch: prev_comm=gnome-shell prev_pid=1725 prev_prio=120 prev_state=R ==> next_comm=Xorg next_pid=1541 next_prio=120
            Xorg-1541  [000] d...   523.856846: sched_switch: prev_comm=Xorg prev_pid=1541 prev_prio=120 prev_state=S ==> next_comm=gnome-shell next_pid=1725 next_prio=120
     gnome-shell-1725  [000] d...   523.856910: sched_switch: prev_comm=gnome-shell prev_pid=1725 prev_prio=120 prev_state=S ==> next_comm=swapper/0 next_pid=0 next_prio=120
          <idle>-0     [000] dNs.   523.857013: sched_wakeup: comm=kworker/0:4 pid=285 prio=120 target_cpu=000
          <idle>-0     [000] dNs.   523.857016: sched_wakeup: comm=rcu_sched pid=11 prio=120 target_cpu=000
          <idle>-0     [000] d...   523.857017: sched_switch: prev_comm=swapper/0 prev_pid=0 prev_prio=120 prev_state=R ==> next_comm=kworker/0:4 next_pid=285 next_prio=120
     kworker/0:4-285   [000] d...   523.857317: sched_switch: prev_comm=kworker/0:4 prev_pid=285 prev_prio=120 prev_state=I ==> next_comm=rcu_sched next_pid=11 next_prio=120
       rcu_sched-11    [000] d...   523.857324: sched_switch: prev_comm=rcu_sched prev_pid=11 prev_prio=120 prev_state=I ==> next_comm=swapper/0 next_pid=0 next_prio=120
          <idle>-0     [000] dNh.   523.857909: sched_wakeup: comm=Xorg pid=1541 prio=120 target_cpu=000
          <idle>-0     [000] d...   523.857913: sched_switch: prev_comm=swapper/0 prev_pid=0 prev_prio=120 prev_state=R ==> next_comm=Xorg next_pid=1541 next_prio=120
            Xorg-1541  [000] d...   523.857921: sched_switch: prev_comm=Xorg prev_pid=1541 prev_prio=120 prev_state=S ==> next_comm=swapper/0 next_pid=0 next_prio=120
          <idle>-0     [000] dNs.   523.861299: sched_wakeup: comm=rcu_sched pid=11 prio=120 target_cpu=000
          <idle>-0     [000] d...   523.861305: sched_switch: prev_comm=swapper/0 prev_pid=0 prev_prio=120 prev_state=R ==> next_comm=rcu_sched next_pid=11 next_prio=120
       rcu_sched-11    [000] d...   523.861318: sched_switch: prev_comm=rcu_sched prev_pid=11 prev_prio=120 prev_state=I ==> next_comm=swapper/0 next_pid=0 next_prio=120
          <idle>-0     [000] dNh.   523.864835: sched_wakeup: comm=dndX11 pid=1677 prio=120 target_cpu=000
          <idle>-0     [000] dNh.   523.864873: sched_wakeup: comm=systemd pid=1 prio=120 target_cpu=000
          <idle>-0     [000] dNh.   523.864878: sched_wakeup: comm=InputThread pid=1545 prio=120 target_cpu=000
          <idle>-0     [000] d...   523.864892: sched_switch: prev_comm=swapper/0 prev_pid=0 prev_prio=120 prev_state=R ==> next_comm=dndX11 next_pid=1677 next_prio=120
          dndX11-1677  [000] d...   523.864917: sched_switch: prev_comm=dndX11 prev_pid=1677 prev_prio=120 prev_state=S ==> next_comm=systemd next_pid=1 next_prio=120
         systemd-1     [000] d...   523.864922: sched_switch: prev_comm=systemd prev_pid=1 prev_prio=120 prev_state=S ==> next_comm=InputThread next_pid=1545 next_prio=120
     InputThread-1545  [000] d...   523.865039: sched_wakeup: comm=Xorg pid=1541 prio=120 target_cpu=000
     InputThread-1545  [000] d...   523.865044: sched_switch: prev_comm=InputThread prev_pid=1545 prev_prio=120 prev_state=S ==> next_comm=Xorg next_pid=1541 next_prio=120
            Xorg-1541  [000] dN..   523.865078: sched_wakeup: comm=gnome-terminal- pid=2173 prio=120 target_cpu=000
            Xorg-1541  [000] d...   523.865080: sched_switch: prev_comm=Xorg prev_pid=1541 prev_prio=120 prev_state=R ==> next_comm=gnome-terminal- next_pid=2173 next_prio=120
 gnome-terminal--2173  [000] d...   523.865171: sched_switch: prev_comm=gnome-terminal- prev_pid=2173 prev_prio=120 prev_state=S ==> next_comm=Xorg next_pid=1541 next_prio=120
            Xorg-1541  [000] d...   523.865187: sched_wakeup: comm=gnome-shell pid=1725 prio=120 target_cpu=000
            Xorg-1541  [000] d...   523.865191: sched_switch: prev_comm=Xorg prev_pid=1541 prev_prio=120 prev_state=S ==> next_comm=gnome-shell next_pid=1725 next_prio=120
     gnome-shell-1725  [000] dN..   523.865262: sched_wakeup: comm=Xorg pid=1541 prio=120 target_cpu=000
     gnome-shell-1725  [000] d...   523.865263: sched_switch: prev_comm=gnome-shell prev_pid=1725 prev_prio=120 prev_state=R ==> next_comm=Xorg next_pid=1541 next_prio=120
            Xorg-1541  [000] d...   523.865277: sched_switch: prev_comm=Xorg prev_pid=1541 prev_prio=120 prev_state=S ==> next_comm=gnome-shell next_pid=1725 next_prio=120
     gnome-shell-1725  [000] d...   523.865315: sched_switch: prev_comm=gnome-shell prev_pid=1725 prev_prio=120 prev_state=S ==> next_comm=swapper/0 next_pid=0 next_prio=120
          <idle>-0     [000] dNh.   523.866172: sched_wakeup: comm=gnome-terminal- pid=2173 prio=120 target_cpu=000
          <idle>-0     [000] d...   523.866177: sched_switch: prev_comm=swapper/0 prev_pid=0 prev_prio=120 prev_state=R ==> next_comm=gnome-terminal- next_pid=2173 next_prio=120
 gnome-terminal--2173  [000] d...   523.866428: sched_wakeup: comm=Xorg pid=1541 prio=120 target_cpu=000
 gnome-terminal--2173  [000] d...   523.866433: sched_switch: prev_comm=gnome-terminal- prev_pid=2173 prev_prio=120 prev_state=S ==> next_comm=Xorg next_pid=1541 next_prio=120
            Xorg-1541  [000] dN..   523.866472: sched_wakeup: comm=gnome-terminal- pid=2173 prio=120 target_cpu=000
            Xorg-1541  [000] d...   523.866474: sched_switch: prev_comm=Xorg prev_pid=1541 prev_prio=120 prev_state=R ==> next_comm=gnome-terminal- next_pid=2173 next_prio=120
 gnome-terminal--2173  [000] d...   523.866772: sched_switch: prev_comm=gnome-terminal- prev_pid=2173 prev_prio=120 prev_state=S ==> next_comm=Xorg next_pid=1541 next_prio=120
            Xorg-1541  [000] d...   523.867168: sched_wakeup: comm=gnome-shell pid=1725 prio=120 target_cpu=000
            Xorg-1541  [000] d...   523.867207: sched_switch: prev_comm=Xorg prev_pid=1541 prev_prio=120 prev_state=S ==> next_comm=gnome-shell next_pid=1725 next_prio=120
     gnome-shell-1725  [000] dN..   523.867302: sched_wakeup: comm=Xorg pid=1541 prio=120 target_cpu=000
     gnome-shell-1725  [000] d...   523.867304: sched_switch: prev_comm=gnome-shell prev_pid=1725 prev_prio=120 prev_state=R ==> next_comm=Xorg next_pid=1541 next_prio=120
            Xorg-1541  [000] d...   523.867316: sched_switch: prev_comm=Xorg prev_pid=1541 prev_prio=120 prev_state=S ==> next_comm=gnome-shell next_pid=1725 next_prio=120
     gnome-shell-1725  [000] dN..   523.867349: sched_wakeup: comm=Xorg pid=1541 prio=120 target_cpu=000
     gnome-shell-1725  [000] d...   523.867350: sched_switch: prev_comm=gnome-shell prev_pid=1725 prev_prio=120 prev_state=R ==> next_comm=Xorg next_pid=1541 next_prio=120
            Xorg-1541  [000] d...   523.867361: sched_switch: prev_comm=Xorg prev_pid=1541 prev_prio=120 prev_state=S ==> next_comm=gnome-shell next_pid=1725 next_prio=120
     gnome-shell-1725  [000] dN..   523.867559: sched_wakeup: comm=Xorg pid=1541 prio=120 target_cpu=000
     gnome-shell-1725  [000] d...   523.867560: sched_switch: prev_comm=gnome-shell prev_pid=1725 prev_prio=120 prev_state=R ==> next_comm=Xorg next_pid=1541 next_prio=120
            Xorg-1541  [000] d...   523.867576: sched_switch: prev_comm=Xorg prev_pid=1541 prev_prio=120 prev_state=S ==> next_comm=gnome-shell next_pid=1725 next_prio=120
     gnome-shell-1725  [000] dN..   523.867712: sched_wakeup: comm=Xorg pid=1541 prio=120 target_cpu=000
     gnome-shell-1725  [000] d...   523.867713: sched_switch: prev_comm=gnome-shell prev_pid=1725 prev_prio=120 prev_state=R ==> next_comm=Xorg next_pid=1541 next_prio=120
            Xorg-1541  [000] d...   523.868178: sched_switch: prev_comm=Xorg prev_pid=1541 prev_prio=120 prev_state=S ==> next_comm=gnome-shell next_pid=1725 next_prio=120
     gnome-shell-1725  [000] dN..   523.868669: sched_wakeup: comm=Xorg pid=1541 prio=120 target_cpu=000
     gnome-shell-1725  [000] d...   523.868670: sched_switch: prev_comm=gnome-shell prev_pid=1725 prev_prio=120 prev_state=R ==> next_comm=Xorg next_pid=1541 next_prio=120
            Xorg-1541  [000] dN..   523.868685: sched_wakeup: comm=gnome-terminal- pid=2173 prio=120 target_cpu=000
            Xorg-1541  [000] d...   523.868686: sched_switch: prev_comm=Xorg prev_pid=1541 prev_prio=120 prev_state=R ==> next_comm=gnome-terminal- next_pid=2173 next_prio=120
 gnome-terminal--2173  [000] d...   523.868718: sched_switch: prev_comm=gnome-terminal- prev_pid=2173 prev_prio=120 prev_state=S ==> next_comm=Xorg next_pid=1541 next_prio=120
            Xorg-1541  [000] d...   523.868724: sched_switch: prev_comm=Xorg prev_pid=1541 prev_prio=120 prev_state=S ==> next_comm=gnome-shell next_pid=1725 next_prio=120
     gnome-shell-1725  [000] dN..   523.869182: sched_wakeup: comm=Xorg pid=1541 prio=120 target_cpu=000
     gnome-shell-1725  [000] d...   523.869184: sched_switch: prev_comm=gnome-shell prev_pid=1725 prev_prio=120 prev_state=R ==> next_comm=Xorg next_pid=1541 next_prio=120
            Xorg-1541  [000] d...   523.869315: sched_switch: prev_comm=Xorg prev_pid=1541 prev_prio=120 prev_state=S ==> next_comm=gnome-shell next_pid=1725 next_prio=120
     gnome-shell-1725  [000] dN..   523.869376: sched_wakeup: comm=Xorg pid=1541 prio=120 target_cpu=000
     gnome-shell-1725  [000] d...   523.869377: sched_switch: prev_comm=gnome-shell prev_pid=1725 prev_prio=120 prev_state=R ==> next_comm=Xorg next_pid=1541 next_prio=120
            Xorg-1541  [000] dN..   523.869390: sched_wakeup: comm=gnome-terminal- pid=2173 prio=120 target_cpu=000
            Xorg-1541  [000] d...   523.869405: sched_switch: prev_comm=Xorg prev_pid=1541 prev_prio=120 prev_state=R ==> next_comm=gnome-terminal- next_pid=2173 next_prio=120
 gnome-terminal--2173  [000] dNh.   523.869417: sched_wakeup: comm=irq/18-vmwgfx pid=465 prio=49 target_cpu=000
 gnome-terminal--2173  [000] d...   523.869425: sched_switch: prev_comm=gnome-terminal- prev_pid=2173 prev_prio=120 prev_state=R ==> next_comm=irq/18-vmwgfx next_pid=465 next_prio=49
   irq/18-vmwgfx-465   [000] d...   523.869430: sched_wakeup: comm=kworker/0:4 pid=285 prio=120 target_cpu=000
   irq/18-vmwgfx-465   [000] d...   523.869432: sched_switch: prev_comm=irq/18-vmwgfx prev_pid=465 prev_prio=49 prev_state=S ==> next_comm=kworker/0:4 next_pid=285 next_prio=120
     kworker/0:4-285   [000] d...   523.869439: sched_switch: prev_comm=kworker/0:4 prev_pid=285 prev_prio=120 prev_state=I ==> next_comm=gnome-terminal- next_pid=2173 next_prio=120
 gnome-terminal--2173  [000] d...   523.869471: sched_switch: prev_comm=gnome-terminal- prev_pid=2173 prev_prio=120 prev_state=S ==> next_comm=Xorg next_pid=1541 next_prio=120
            Xorg-1541  [000] d...   523.869481: sched_switch: prev_comm=Xorg prev_pid=1541 prev_prio=120 prev_state=S ==> next_comm=gnome-shell next_pid=1725 next_prio=120
     gnome-shell-1725  [000] d...   523.869516: sched_switch: prev_comm=gnome-shell prev_pid=1725 prev_prio=120 prev_state=S ==> next_comm=swapper/0 next_pid=0 next_prio=120
          <idle>-0     [000] dNh.   523.870479: sched_wakeup: comm=systemd pid=1 prio=120 target_cpu=000
          <idle>-0     [000] dNh.   523.870486: sched_wakeup: comm=InputThread pid=1545 prio=120 target_cpu=000
          <idle>-0     [000] d...   523.870497: sched_switch: prev_comm=swapper/0 prev_pid=0 prev_prio=120 prev_state=R ==> next_comm=systemd next_pid=1 next_prio=120
         systemd-1     [000] d...   523.870504: sched_switch: prev_comm=systemd prev_pid=1 prev_prio=120 prev_state=S ==> next_comm=InputThread next_pid=1545 next_prio=120
     InputThread-1545  [000] d...   523.870643: sched_wakeup: comm=Xorg pid=1541 prio=120 target_cpu=000
     InputThread-1545  [000] d...   523.870649: sched_switch: prev_comm=InputThread prev_pid=1545 prev_prio=120 prev_state=S ==> next_comm=Xorg next_pid=1541 next_prio=120
