            Xorg-1541  [000] d...   523.685340: sched_switch: prev_comm=Xorg prev_pid=1541 prev_prio=120 prev_state=S ==> next_comm=gnome-shell next_pid=1725 next_prio=120
     gnome-shell-1725  [000] d...   523.685415: sched_switch: prev_comm=gnome-shell prev_pid=1725 prev_prio=120 prev_state=S ==> next_comm=swapper/0 next_pid=0 next_prio=120
          <idle>-0     [000] dNh.   523.686353: sched_wakeup: comm=Xorg pid=1541 prio=120 target_cpu=000
          <idle>-0     [000] d...   523.686358: sched_switch: prev_comm=swapper/0 prev_pid=0 prev_prio=120 prev_state=R ==> next_comm=Xorg next_pid=1541 next_prio=120
            Xorg-1541  [000] d...   523.686372: sched_switch: prev_comm=Xorg prev_pid=1541 prev_prio=120 prev_state=S ==> next_comm=swapper/0 next_pid=0 next_prio=120
          <idle>-0     [000] dNh.   523.687246: sched_wakeup: comm=dndX11 pid=1677 prio=120 target_cpu=000
          <idle>-0     [000] d...   523.687252: sched_switch: prev_comm=swapper/0 prev_pid=0 prev_prio=120 prev_state=R ==> next_comm=dndX11 next_pid=1677 next_prio=120
          dndX11-1677  [000] d...   523.687281: sched_switch: prev_comm=dndX11 prev_pid=1677 prev_prio=120 prev_state=S ==> next_comm=swapper/0 next_pid=0 next_prio=120
          <idle>-0     [000] dNh.   523.687427: sched_wakeup: comm=Xorg pid=1541 prio=120 target_cpu=000
          <idle>-0     [000] d...   523.687433: sched_switch: prev_comm=swapper/0 prev_pid=0 prev_prio=120 prev_state=R ==> next_comm=Xorg next_pid=1541 next_prio=120
            Xorg-1541  [000] d...   523.687444: sched_switch: prev_comm=Xorg prev_pid=1541 prev_prio=120 prev_state=S ==> next_comm=swapper/0 next_pid=0 next_prio=120
          <idle>-0     [000] dNh.   523.692687: sched_wakeup: comm=systemd pid=1 prio=120 target_cpu=000
          <idle>-0     [000] dNh.   523.692706: sched_wakeup: comm=InputThread pid=1545 prio=120 target_cpu=000
          <idle>-0     [000] d...   523.692725: sched_switch: prev_comm=swapper/0 prev_pid=0 prev_prio=120 prev_state=R ==> next_comm=systemd next_pid=1 next_prio=120
         systemd-1     [000] d...   523.692733: sched_switch: prev_comm=systemd prev_pid=1 prev_prio=120 prev_state=S ==> next_comm=InputThread next_pid=1545 next_prio=120
     InputThread-1545  [000] d...   523.692825: sched_wakeup: comm=Xorg pid=1541 prio=120 target_cpu=000
     InputThread-1545  [000] d...   523.692830: sched_switch: prev_comm=InputThread prev_pid=1545 prev_prio=120 prev_state=S ==> next_comm=Xorg next_pid=1541 next_prio=120
            Xorg-1541  [000] dN..   523.692867: sched_wakeup: comm=gnome-terminal- pid=2173 prio=120 target_cpu=000
            Xorg-1541  [000] d...   523.692869: sched_switch: prev_comm=Xorg prev_pid=1541 prev_prio=120 prev_state=R ==> next_comm=gnome-terminal- next_pid=2173 next_prio=120
 gnome-terminal--2173  [000] d...   523.693020: sched_switch: prev_comm=gnome-terminal- prev_pid=2173 prev_prio=120 prev_state=S ==> next_comm=Xorg next_pid=1541 next_prio=120
            Xorg-1541  [000] d...   523.693036: sched_wakeup: comm=gnome-shell pid=1725 prio=120 target_cpu=000
            Xorg-1541  [000] dN..   523.693048: sched_wakeup: comm=gnome-terminal- pid=2173 prio=120 target_cpu=000
            Xorg-1541  [000] d...   523.693049: sched_switch: prev_comm=Xorg prev_pid=1541 prev_prio=120 prev_state=R ==> next_comm=gnome-terminal- next_pid=2173 next_prio=120
 gnome-terminal--2173  [000] d...   523.693091: sched_switch: prev_comm=gnome-terminal- prev_pid=2173 prev_prio=120 prev_state=S ==> next_comm=Xorg next_pid=1541 next_prio=120
            Xorg-1541  [000] d...   523.693098: sched_switch: prev_comm=Xorg prev_pid=1541 prev_prio=120 prev_state=S ==> next_comm=gnome-shell next_pid=1725 next_prio=120
     gnome-shell-1725  [000] dN..   523.693168: sched_wakeup: comm=Xorg pid=1541 prio=120 target_cpu=000
     gnome-shell-1725  [000] d...   523.693169: sched_switch: prev_comm=gnome-shell prev_pid=1725 prev_prio=120 prev_state=R ==> next_comm=Xorg next_pid=1541 next_prio=120
            Xorg-1541  [000] d...   523.693182: sched_switch: prev_comm=Xorg prev_pid=1541 prev_prio=120 prev_state=S ==> next_comm=gnome-shell next_pid=1725 next_prio=120
     gnome-shell-1725  [000] d...   523.693221: sched_switch: prev_comm=gnome-shell prev_pid=1725 prev_prio=120 prev_state=S ==> next_comm=swapper/0 next_pid=0 next_prio=120
          <idle>-0     [000] dNh.   523.695060: sched_wakeup: comm=Xorg pid=1541 prio=120 target_cpu=000
          <idle>-0     [000] d...   523.695072: sched_switch: prev_comm=swapper/0 prev_pid=0 prev_prio=120 prev_state=R ==> next_comm=Xorg next_pid=1541 next_prio=120
            Xorg-1541  [000] d...   523.695100: sched_switch: prev_comm=Xorg prev_pid=1541 prev_prio=120 prev_state=S ==> next_comm=swapper/0 next_pid=0 next_prio=120
          <idle>-0     [000] dNh.   523.700858: sched_wakeup: comm=systemd pid=1 prio=120 target_cpu=000
          <idle>-0     [000] dNh.   523.700865: sched_wakeup: comm=InputThread pid=1545 prio=120 target_cpu=000
          <idle>-0     [000] d...   523.700882: sched_switch: prev_comm=swapper/0 prev_pid=0 prev_prio=120 prev_state=R ==> next_comm=systemd next_pid=1 next_prio=120
         systemd-1     [000] d...   523.700889: sched_switch: prev_comm=systemd prev_pid=1 prev_prio=120 prev_state=S ==> next_comm=InputThread next_pid=1545 next_prio=120
     InputThread-1545  [000] d...   523.701010: sched_wakeup: comm=Xorg pid=1541 prio=120 target_cpu=000
     InputThread-1545  [000] d...   523.701015: sched_switch: prev_comm=InputThread prev_pid=1545 prev_prio=120 prev_state=S ==> next_comm=Xorg next_pid=1541 next_prio=120
            Xorg-1541  [000] dN..   523.701050: sched_wakeup: comm=gnome-terminal- pid=2173 prio=120 target_cpu=000
            Xorg-1541  [000] d...   523.701052: sched_switch: prev_comm=Xorg prev_pid=1541 prev_prio=120 prev_state=R ==> next_comm=gnome-terminal- next_pid=2173 next_prio=120
 gnome-terminal--2173  [000] d...   523.701194: sched_switch: prev_comm=gnome-terminal- prev_pid=2173 prev_prio=120 prev_state=S ==> next_comm=Xorg next_pid=1541 next_prio=120
            Xorg-1541  [000] d...   523.701210: sched_wakeup: comm=gnome-shell pid=1725 prio=120 target_cpu=000
            Xorg-1541  [000] dN..   523.701221: sched_wakeup: comm=gnome-terminal- pid=2173 prio=120 target_cpu=000
            Xorg-1541  [000] d...   523.701223: sched_switch: prev_comm=Xorg prev_pid=1541 prev_prio=120 prev_state=R ==> next_comm=gnome-terminal- next_pid=2173 next_prio=120
 gnome-terminal--2173  [000] d...   523.701265: sched_switch: prev_comm=gnome-terminal- prev_pid=2173 prev_prio=120 prev_state=S ==> next_comm=Xorg next_pid=1541 next_prio=120
            Xorg-1541  [000] d...   523.701271: sched_switch: prev_comm=Xorg prev_pid=1541 prev_prio=120 prev_state=S ==> next_comm=gnome-shell next_pid=1725 next_prio=120
     gnome-shell-1725  [000] dN..   523.701342: sched_wakeup: comm=Xorg pid=1541 prio=120 target_cpu=000
     gnome-shell-1725  [000] d...   523.701343: sched_switch: prev_comm=gnome-shell prev_pid=1725 prev_prio=120 prev_state=R ==> next_comm=Xorg next_pid=1541 next_prio=120
            Xorg-1541  [000] d...   523.701356: sched_switch: prev_comm=Xorg prev_pid=1541 prev_prio=120 prev_state=S ==> next_comm=gnome-shell next_pid=1725 next_prio=120
     gnome-shell-1725  [000] d...   523.701394: sched_switch: prev_comm=gnome-shell prev_pid=1725 prev_prio=120 prev_state=S ==> next_comm=swapper/0 next_pid=0 next_prio=120
          <idle>-0     [000] dNh.   523.702839: sched_wakeup: comm=Xorg pid=1541 prio=120 target_cpu=000
          <idle>-0     [000] d...   523.702851: sched_switch: prev_comm=swapper/0 prev_pid=0 prev_prio=120 prev_state=R ==> next_comm=Xorg next_pid=1541 next_prio=120
            Xorg-1541  [000] d...   523.702879: sched_switch: prev_comm=Xorg prev_pid=1541 prev_prio=120 prev_state=S ==> next_comm=swapper/0 next_pid=0 next_prio=120
          <idle>-0     [000] dNh.   523.708573: sched_wakeup: comm=systemd pid=1 prio=120 target_cpu=000
          <idle>-0     [000] dNh.   523.708580: sched_wakeup: comm=InputThread pid=1545 prio=120 target_cpu=000
          <idle>-0     [000] d...   523.708598: sched_switch: prev_comm=swapper/0 prev_pid=0 prev_prio=120 prev_state=R ==> next_comm=systemd next_pid=1 next_prio=120
         systemd-1     [000] d...   523.708605: sched_switch: prev_comm=systemd prev_pid=1 prev_prio=120 prev_state=S ==> next_comm=InputThread next_pid=1545 next_prio=120
     InputThread-1545  [000] d...   523.708698: sched_wakeup: comm=Xorg pid=1541 prio=120 target_cpu=000
     InputThread-1545  [000] d...   523.708703: sched_switch: prev_comm=InputThread prev_pid=1545 prev_prio=120 prev_state=S ==> next_comm=Xorg next_pid=1541 next_prio=120
            Xorg-1541  [000] dN..   523.708742: sched_wakeup: comm=gnome-terminal- pid=2173 prio=120 target_cpu=000
            Xorg-1541  [000] d...   523.708744: sched_switch: prev_comm=Xorg prev_pid=1541 prev_prio=120 prev_state=R ==> next_comm=gnome-terminal- next_pid=2173 next_prio=120
 gnome-terminal--2173  [000] d...   523.708924: sched_switch: prev_comm=gnome-terminal- prev_pid=2173 prev_prio=120 prev_state=S ==> next_comm=Xorg next_pid=1541 next_prio=120
            Xorg-1541  [000] d...   523.708952: sched_wakeup: comm=gnome-shell pid=1725 prio=120 target_cpu=000
            Xorg-1541  [000] dN..   523.708968: sched_wakeup: comm=gnome-terminal- pid=2173 prio=120 target_cpu=000
            Xorg-1541  [000] d...   523.708969: sched_switch: prev_comm=Xorg prev_pid=1541 prev_prio=120 prev_state=R ==> next_comm=gnome-terminal- next_pid=2173 next_prio=120
 gnome-terminal--2173  [000] d...   523.709021: sched_switch: prev_comm=gnome-terminal- prev_pid=2173 prev_prio=120 prev_state=S ==> next_comm=Xorg next_pid=1541 next_prio=120
            Xorg-1541  [000] d...   523.709029: sched_switch: prev_comm=Xorg prev_pid=1541 prev_prio=120 prev_state=S ==> next_comm=gnome-shell next_pid=1725 next_prio=120
     gnome-shell-1725  [000] dN..   523.709135: sched_wakeup: comm=Xorg pid=1541 prio=120 target_cpu=000
     gnome-shell-1725  [000] d...   523.709137: sched_switch: prev_comm=gnome-shell prev_pid=1725 prev_prio=120 prev_state=R ==> next_comm=Xorg next_pid=1541 next_prio=120
            Xorg-1541  [000] d...   523.709149: sched_switch: prev_comm=Xorg prev_pid=1541 prev_prio=120 prev_state=S ==> next_comm=gnome-shell next_pid=1725 next_prio=120
     gnome-shell-1725  [000] d...   523.709189: sched_switch: prev_comm=gnome-shell prev_pid=1725 prev_prio=120 prev_state=S ==> next_comm=swapper/0 next_pid=0 next_prio=120
          <idle>-0     [000] dNh.   523.710167: sched_wakeup: comm=Xorg pid=1541 prio=120 target_cpu=000
          <idle>-0     [000] d...   523.710171: sched_switch: prev_comm=swapper/0 prev_pid=0 prev_prio=120 prev_state=R ==> next_comm=Xorg next_pid=1541 next_prio=120
            Xorg-1541  [000] d...   523.710181: sched_switch: prev_comm=Xorg prev_pid=1541 prev_prio=120 prev_state=S ==> next_comm=swapper/0 next_pid=0 next_prio=120
          <idle>-0     [000] dNh.   523.712359: sched_wakeup: comm=dndX11 pid=1677 prio=120 target_cpu=000
          <idle>-0     [000] d...   523.712373: sched_switch: prev_comm=swapper/0 prev_pid=0 prev_prio=120 prev_state=R ==> next_comm=dndX11 next_pid=1677 next_prio=120
          dndX11-1677  [000] d...   523.712409: sched_switch: prev_comm=dndX11 prev_pid=1677 prev_prio=120 prev_state=S ==> next_comm=swapper/0 next_pid=0 next_prio=120
          <idle>-0     [000] dNh.   523.716757: sched_wakeup: comm=systemd pid=1 prio=120 target_cpu=000
          <idle>-0     [000] dNh.   523.716764: sched_wakeup: comm=InputThread pid=1545 prio=120 target_cpu=000
          <idle>-0     [000] d...   523.716782: sched_switch: prev_comm=swapper/0 prev_pid=0 prev_prio=120 prev_state=R ==> next_comm=systemd next_pid=1 next_prio=120
         systemd-1     [000] d...   523.716790: sched_switch: prev_comm=systemd prev_pid=1 prev_prio=120 prev_state=S ==> next_comm=InputThread next_pid=1545 next_prio=120
     InputThread-1545  [000] d...   523.716884: sched_wakeup: comm=Xorg pid=1541 prio=120 target_cpu=000
     InputThread-1545  [000] d...   523.716889: sched_switch: prev_comm=InputThread prev_pid=1545 prev_prio=120 prev_state=S ==> next_comm=Xorg next_pid=1541 next_prio=120
            Xorg-1541  [000] dN..   523.716926: sched_wakeup: comm=gnome-terminal- pid=2173 prio=120 target_cpu=000
            Xorg-1541  [000] d...   523.716928: sched_switch: prev_comm=Xorg prev_pid=1541 prev_prio=120 prev_state=R ==> next_comm=gnome-terminal- next_pid=2173 next_prio=120
 gnome-terminal--2173  [000] d...   523.717106: sched_switch: prev_comm=gnome-terminal- prev_pid=2173 prev_prio=120 prev_state=S ==> next_comm=Xorg next_pid=1541 next_prio=120
            Xorg-1541  [000] d...   523.717123: sched_wakeup: comm=gnome-shell pid=1725 prio=120 target_cpu=000
            Xorg-1541  [000] dN..   523.717134: sched_wakeup: comm=gnome-terminal- pid=2173 prio=120 target_cpu=000
            Xorg-1541  [000] d...   523.717135: sched_switch: prev_comm=Xorg prev_pid=1541 prev_prio=120 prev_state=R ==> next_comm=gnome-terminal- next_pid=2173 next_prio=120
 gnome-terminal--2173  [000] d...   523.717177: sched_switch: prev_comm=gnome-terminal- prev_pid=2173 prev_prio=120 prev_state=S ==> next_comm=Xorg next_pid=1541 next_prio=120
            Xorg-1541  [000] d...   523.717184: sched_switch: prev_comm=Xorg prev_pid=1541 prev_prio=120 prev_state=S ==> next_comm=gnome-shell next_pid=1725 next_prio=120
     gnome-shell-1725  [000] dN..   523.717254: sched_wakeup: comm=Xorg pid=1541 prio=120 target_cpu=000
     gnome-shell-1725  [000] d...   523.717255: sched_switch: prev_comm=gnome-shell prev_pid=1725 prev_prio=120 prev_state=R ==> next_comm=Xorg next_pid=1541 next_prio=120
            Xorg-1541  [000] d...   523.717267: sched_switch: prev_comm=Xorg prev_pid=1541 prev_prio=120 prev_state=S ==> next_comm=gnome-shell next_pid=1725 next_prio=120
     gnome-shell-1725  [000] d...   523.717305: sched_switch: prev_comm=gnome-shell prev_pid=1725 prev_prio=120 prev_state=S ==> next_comm=swapper/0 next_pid=0 next_prio=120
          <idle>-0     [000] dNh.   523.719050: sched_wakeup: comm=Xorg pid=1541 prio=120 target_cpu=000
          <idle>-0     [000] d...   523.719063: sched_switch: prev_comm=swapper/0 prev_pid=0 prev_prio=120 prev_state=R ==> next_comm=Xorg next_pid=1541 next_prio=120
            Xorg-1541  [000] d...   523.719091: sched_switch: prev_comm=Xorg prev_pid=1541 prev_prio=120 prev_state=S ==> next_comm=swapper/0 next_pid=0 next_prio=120
          <idle>-0     [000] dNh.   523.722681: sched_wakeup: comm=systemd pid=1 prio=120 target_cpu=000
          <idle>-0     [000] dNh.   523.722688: sched_wakeup: comm=InputThread pid=1545 prio=120 target_cpu=000
          <idle>-0     [000] d...   523.722706: sched_switch: prev_comm=swapper/0 prev_pid=0 prev_prio=120 prev_state=R ==> next_comm=systemd next_pid=1 next_prio=120
         systemd-1     [000] d...   523.722713: sched_switch: prev_comm=systemd prev_pid=1 prev_prio=120 prev_state=S ==> next_comm=InputThread next_pid=1545 next_prio=120
     InputThread-1545  [000] d...   523.722807: sched_wakeup: comm=Xorg pid=1541 prio=120 target_cpu=000
     InputThread-1545  [000] d...   523.722812: sched_switch: prev_comm=InputThread prev_pid=1545 prev_prio=120 prev_state=S ==> next_comm=Xorg next_pid=1541 next_prio=120
            Xorg-1541  [000] dN..   523.722848: sched_wakeup: comm=gnome-terminal- pid=2173 prio=120 target_cpu=000
            Xorg-1541  [000] d...   523.722851: sched_switch: prev_comm=Xorg prev_pid=1541 prev_prio=120 prev_state=R ==> next_comm=gnome-terminal- next_pid=2173 next_prio=120
 gnome-terminal--2173  [000] d...   523.722993: sched_switch: prev_comm=gnome-terminal- prev_pid=2173 prev_prio=120 prev_state=S ==> next_comm=Xorg next_pid=1541 next_prio=120
            Xorg-1541  [000] d...   523.723009: sched_wakeup: comm=gnome-shell pid=1725 prio=120 target_cpu=000
            Xorg-1541  [000] dN..   523.723020: sched_wakeup: comm=gnome-terminal- pid=2173 prio=120 target_cpu=000
            Xorg-1541  [000] d...   523.723021: sched_switch: prev_comm=Xorg prev_pid=1541 prev_prio=120 prev_state=R ==> next_comm=gnome-terminal- next_pid=2173 next_prio=120
 gnome-terminal--2173  [000] d...   523.723065: sched_switch: prev_comm=gnome-terminal- prev_pid=2173 prev_prio=120 prev_state=S ==> next_comm=Xorg next_pid=1541 next_prio=120
            Xorg-1541  [000] d...   523.723077: sched_switch: prev_comm=Xorg prev_pid=1541 prev_prio=120 prev_state=S ==> next_comm=gnome-shell next_pid=1725 next_prio=120
     gnome-shell-1725  [000] dN..   523.723147: sched_wakeup: comm=Xorg pid=1541 prio=120 target_cpu=000
     gnome-shell-1725  [000] d...   523.723149: sched_switch: prev_comm=gnome-shell prev_pid=1725 prev_prio=120 prev_state=R ==> next_comm=Xorg next_pid=1541 next_prio=120
            Xorg-1541  [000] d...   523.723169: sched_switch: prev_comm=Xorg prev_pid=1541 prev_prio=120 prev_state=S ==> next_comm=gnome-shell next_pid=1725 next_prio=120
     gnome-shell-1725  [000] d...   523.723212: sched_switch: prev_comm=gnome-shell prev_pid=1725 prev_prio=120 prev_state=S ==> next_comm=swapper/0 next_pid=0 next_prio=120
          <idle>-0     [000] dNh.   523.724227: sched_wakeup: comm=Xorg pid=1541 prio=120 target_cpu=000
          <idle>-0     [000] d...   523.724234: sched_switch: prev_comm=swapper/0 prev_pid=0 prev_prio=120 prev_state=R ==> next_comm=Xorg next_pid=1541 next_prio=120
            Xorg-1541  [000] d...   523.724247: sched_switch: prev_comm=Xorg prev_pid=1541 prev_prio=120 prev_state=S ==> next_comm=swapper/0 next_pid=0 next_prio=120
          <idle>-0     [000] dNh.   523.725337: sched_wakeup: comm=Xorg pid=1541 prio=120 target_cpu=000
          <idle>-0     [000] d...   523.725350: sched_switch: prev_comm=swapper/0 prev_pid=0 prev_prio=120 prev_state=R ==> next_comm=Xorg next_pid=1541 next_prio=120
            Xorg-1541  [000] d...   523.725376: sched_switch: prev_comm=Xorg prev_pid=1541 prev_prio=120 prev_state=S ==> next_comm=swapper/0 next_pid=0 next_prio=120
          <idle>-0     [000] dNh.   523.730462: sched_wakeup: comm=systemd pid=1 prio=120 target_cpu=000
          <idle>-0     [000] dNh.   523.730469: sched_wakeup: comm=InputThread pid=1545 prio=120 target_cpu=000
          <idle>-0     [000] d...   523.730486: sched_switch: prev_comm=swapper/0 prev_pid=0 prev_prio=120 prev_state=R ==> next_comm=systemd next_pid=1 next_prio=120
         systemd-1     [000] d...   523.730493: sched_switch: prev_comm=systemd prev_pid=1 prev_prio=120 prev_state=S ==> next_comm=InputThread next_pid=1545 next_prio=120
     InputThread-1545  [000] d...   523.730581: sched_wakeup: comm=Xorg pid=1541 prio=120 target_cpu=000
     InputThread-1545  [000] d...   523.730586: sched_switch: prev_comm=InputThread prev_pid=1545 prev_prio=120 prev_state=S ==> next_comm=Xorg next_pid=1541 next_prio=120
            Xorg-1541  [000] dN..   523.730621: sched_wakeup: comm=gnome-terminal- pid=2173 prio=120 target_cpu=000
            Xorg-1541  [000] d...   523.730623: sched_switch: prev_comm=Xorg prev_pid=1541 prev_prio=120 prev_state=R ==> next_comm=gnome-terminal- next_pid=2173 next_prio=120
 gnome-terminal--2173  [000] d...   523.730764: sched_switch: prev_comm=gnome-terminal- prev_pid=2173 prev_prio=120 prev_state=S ==> next_comm=Xorg next_pid=1541 next_prio=120
            Xorg-1541  [000] d...   523.730781: sched_wakeup: comm=gnome-shell pid=1725 prio=120 target_cpu=000
            Xorg-1541  [000] dN..   523.730791: sched_wakeup: comm=gnome-terminal- pid=2173 prio=120 target_cpu=000
            Xorg-1541  [000] d...   523.730792: sched_switch: prev_comm=Xorg prev_pid=1541 prev_prio=120 prev_state=R ==> next_comm=gnome-terminal- next_pid=2173 next_prio=120
 gnome-terminal--2173  [000] d...   523.730835: sched_switch: prev_comm=gnome-terminal- prev_pid=2173 prev_prio=120 prev_state=S ==> next_comm=Xorg next_pid=1541 next_prio=120
            Xorg-1541  [000] d...   523.730847: sched_switch: prev_comm=Xorg prev_pid=1541 prev_prio=120 prev_state=S ==> next_comm=gnome-shell next_pid=1725 next_prio=120
     gnome-shell-1725  [000] dN..   523.730917: sched_wakeup: comm=Xorg pid=1541 prio=120 target_cpu=000
     gnome-shell-1725  [000] d...   523.730918: sched_switch: prev_comm=gnome-shell prev_pid=1725 prev_prio=120 prev_state=R ==> next_comm=Xorg next_pid=1541 next_prio=120
            Xorg-1541  [000] d...   523.730939: sched_switch: prev_comm=Xorg prev_pid=1541 prev_prio=120 prev_state=S ==> next_comm=gnome-shell next_pid=1725 next_prio=120
     gnome-shell-1725  [000] d...   523.730982: sched_switch: prev_comm=gnome-shell prev_pid=1725 prev_prio=120 prev_state=S ==> next_comm=swapper/0 next_pid=0 next_prio=120
          <idle>-0     [000] dNh.   523.732460: sched_wakeup: comm=Xorg pid=1541 prio=120 target_cpu=000
          <idle>-0     [000] d...   523.732473: sched_switch: prev_comm=swapper/0 prev_pid=0 prev_prio=120 prev_state=R ==> next_comm=Xorg next_pid=1541 next_prio=120
            Xorg-1541  [000] d...   523.732500: sched_switch: prev_comm=Xorg prev_pid=1541 prev_prio=120 prev_state=S ==> next_comm=swapper/0 next_pid=0 next_prio=120
          <idle>-0     [000] dNh.   523.737798: sched_wakeup: comm=dndX11 pid=1677 prio=120 target_cpu=000
          <idle>-0     [000] d...   523.737810: sched_switch: prev_comm=swapper/0 prev_pid=0 prev_prio=120 prev_state=R ==> next_comm=dndX11 next_pid=1677 next_prio=120
          dndX11-1677  [000] d...   523.737845: sched_switch: prev_comm=dndX11 prev_pid=1677 prev_prio=120 prev_state=S ==> next_comm=swapper/0 next_pid=0 next_prio=120
          <idle>-0     [000] dNh.   523.738776: sched_wakeup: comm=systemd pid=1 prio=120 target_cpu=000
          <idle>-0     [000] dNh.   523.738782: sched_wakeup: comm=InputThread pid=1545 prio=120 target_cpu=000
          <idle>-0     [000] d...   523.738797: sched_switch: prev_comm=swapper/0 prev_pid=0 prev_prio=120 prev_state=R ==> next_comm=systemd next_pid=1 next_prio=120
         systemd-1     [000] d...   523.738803: sched_switch: prev_comm=systemd prev_pid=1 prev_prio=120 prev_state=S ==> next_comm=InputThread next_pid=1545 next_prio=120
     InputThread-1545  [000] d...   523.738893: sched_wakeup: comm=Xorg pid=1541 prio=120 target_cpu=000
     InputThread-1545  [000] d...   523.738898: sched_switch: prev_comm=InputThread prev_pid=1545 prev_prio=120 prev_state=S ==> next_comm=Xorg next_pid=1541 next_prio=120
            Xorg-1541  [000] dN..   523.738932: sched_wakeup: comm=gnome-terminal- pid=2173 prio=120 target_cpu=000
            Xorg-1541  [000] d...   523.738934: sched_switch: prev_comm=Xorg prev_pid=1541 prev_prio=120 prev_state=R ==> next_comm=gnome-terminal- next_pid=2173 next_prio=120
 gnome-terminal--2173  [000] d...   523.739076: sched_switch: prev_comm=gnome-terminal- prev_pid=2173 prev_prio=120 prev_state=S ==> next_comm=Xorg next_pid=1541 next_prio=120
            Xorg-1541  [000] d...   523.739091: sched_wakeup: comm=gnome-shell pid=1725 prio=120 target_cpu=000
            Xorg-1541  [000] dN..   523.739102: sched_wakeup: comm=gnome-terminal- pid=2173 prio=120 target_cpu=000
            Xorg-1541  [000] d...   523.739104: sched_switch: prev_comm=Xorg prev_pid=1541 prev_prio=120 prev_state=R ==> next_comm=gnome-terminal- next_pid=2173 next_prio=120
 gnome-terminal--2173  [000] d...   523.739146: sched_switch: prev_comm=gnome-terminal- prev_pid=2173 prev_prio=120 prev_state=S ==> next_comm=Xorg next_pid=1541 next_prio=120
            Xorg-1541  [000] d...   523.739158: sched_switch: prev_comm=Xorg prev_pid=1541 prev_prio=120 prev_state=S ==> next_comm=gnome-shell next_pid=1725 next_prio=120
     gnome-shell-1725  [000] dN..   523.739230: sched_wakeup: comm=Xorg pid=1541 prio=120 target_cpu=000
     gnome-shell-1725  [000] d...   523.739231: sched_switch: prev_comm=gnome-shell prev_pid=1725 prev_prio=120 prev_state=R ==> next_comm=Xorg next_pid=1541 next_prio=120
            Xorg-1541  [000] d...   523.739252: sched_switch: prev_comm=Xorg prev_pid=1541 prev_prio=120 prev_state=S ==> next_comm=gnome-shell next_pid=1725 next_prio=120
     gnome-shell-1725  [000] d...   523.739319: sched_switch: prev_comm=gnome-shell prev_pid=1725 prev_prio=120 prev_state=S ==> next_comm=swapper/0 next_pid=0 next_prio=120
          <idle>-0     [000] dNh.   523.740684: sched_wakeup: comm=Xorg pid=1541 prio=120 target_cpu=000
          <idle>-0     [000] d...   523.740698: sched_switch: prev_comm=swapper/0 prev_pid=0 prev_prio=120 prev_state=R ==> next_comm=Xorg next_pid=1541 next_prio=120
            Xorg-1541  [000] d...   523.740732: sched_switch: prev_comm=Xorg prev_pid=1541 prev_prio=120 prev_state=S ==> next_comm=swapper/0 next_pid=0 next_prio=120
          <idle>-0     [000] dNh.   523.742628: sched_wakeup: comm=Xorg pid=1541 prio=120 target_cpu=000
          <idle>-0     [000] d...   523.742639: sched_switch: prev_comm=swapper/0 prev_pid=0 prev_prio=120 prev_state=R ==> next_comm=Xorg next_pid=1541 next_prio=120
            Xorg-1541  [000] d...   523.742665: sched_switch: prev_comm=Xorg prev_pid=1541 prev_prio=120 prev_state=S ==> next_comm=swapper/0 next_pid=0 next_prio=120
          <idle>-0     [000] dNh.   523.746680: sched_wakeup: comm=systemd pid=1 prio=120 target_cpu=000
          <idle>-0     [000] dNh.   523.746687: sched_wakeup: comm=InputThread pid=1545 prio=120 target_cpu=000
          <idle>-0     [000] d...   523.746703: sched_switch: prev_comm=swapper/0 prev_pid=0 prev_prio=120 prev_state=R ==> next_comm=systemd next_pid=1 next_prio=120
         systemd-1     [000] d...   523.746711: sched_switch: prev_comm=systemd prev_pid=1 prev_prio=120 prev_state=S ==> next_comm=InputThread next_pid=1545 next_prio=120
     InputThread-1545  [000] d...   523.746799: sched_wakeup: comm=Xorg pid=1541 prio=120 target_cpu=000
     InputThread-1545  [000] d...   523.746804: sched_switch: prev_comm=InputThread prev_pid=1545 prev_prio=120 prev_state=S ==> next_comm=Xorg next_pid=1541 next_prio=120
            Xorg-1541  [000] dN..   523.746839: sched_wakeup: comm=gnome-terminal- pid=2173 prio=120 target_cpu=000
            Xorg-1541  [000] d...   523.746841: sched_switch: prev_comm=Xorg prev_pid=1541 prev_prio=120 prev_state=R ==> next_comm=gnome-terminal- next_pid=2173 next_prio=120
 gnome-terminal--2173  [000] d...   523.746988: sched_switch: prev_comm=gnome-terminal- prev_pid=2173 prev_prio=120 prev_state=S ==> next_comm=Xorg next_pid=1541 next_prio=120
            Xorg-1541  [000] d...   523.747004: sched_wakeup: comm=gnome-shell pid=1725 prio=120 target_cpu=000
            Xorg-1541  [000] dN..   523.747014: sched_wakeup: comm=gnome-terminal- pid=2173 prio=120 target_cpu=000
            Xorg-1541  [000] d...   523.747016: sched_switch: prev_comm=Xorg prev_pid=1541 prev_prio=120 prev_state=R ==> next_comm=gnome-terminal- next_pid=2173 next_prio=120
 gnome-terminal--2173  [000] d...   523.747059: sched_switch: prev_comm=gnome-terminal- prev_pid=2173 prev_prio=120 prev_state=S ==> next_comm=Xorg next_pid=1541 next_prio=120
            Xorg-1541  [000] d...   523.747071: sched_switch: prev_comm=Xorg prev_pid=1541 prev_prio=120 prev_state=S ==> next_comm=gnome-shell next_pid=1725 next_prio=120
     gnome-shell-1725  [000] dN..   523.747166: sched_wakeup: comm=Xorg pid=1541 prio=120 target_cpu=000
     gnome-shell-1725  [000] d...   523.747168: sched_switch: prev_comm=gnome-shell prev_pid=1725 prev_prio=120 prev_state=R ==> next_comm=Xorg next_pid=1541 next_prio=120
            Xorg-1541  [000] d...   523.747191: sched_switch: prev_comm=Xorg prev_pid=1541 prev_prio=120 prev_state=S ==> next_comm=gnome-shell next_pid=1725 next_prio=120
     gnome-shell-1725  [000] d...   523.747237: sched_switch: prev_comm=gnome-shell prev_pid=1725 prev_prio=120 prev_state=S ==> next_comm=swapper/0 next_pid=0 next_prio=120
          <idle>-0     [000] dNh.   523.748454: sched_wakeup: comm=Xorg pid=1541 prio=120 target_cpu=000
          <idle>-0     [000] d...   523.748467: sched_switch: prev_comm=swapper/0 prev_pid=0 prev_prio=120 prev_state=R ==> next_comm=Xorg next_pid=1541 next_prio=120
            Xorg-1541  [000] d...   523.748496: sched_switch: prev_comm=Xorg prev_pid=1541 prev_prio=120 prev_state=S ==> next_comm=swapper/0 next_pid=0 next_prio=120
          <idle>-0     [000] dNh.   523.749503: sched_wakeup: comm=Xorg pid=1541 prio=120 target_cpu=000
          <idle>-0     [000] d...   523.749513: sched_switch: prev_comm=swapper/0 prev_pid=0 prev_prio=120 prev_state=R ==> next_comm=Xorg next_pid=1541 next_prio=120
            Xorg-1541  [000] d...   523.749538: sched_switch: prev_comm=Xorg prev_pid=1541 prev_prio=120 prev_state=S ==> next_comm=swapper/0 next_pid=0 next_prio=120
          <idle>-0     [000] dNh.   523.762496: sched_wakeup: comm=systemd pid=1 prio=120 target_cpu=000
          <idle>-0     [000] dNh.   523.762504: sched_wakeup: comm=InputThread pid=1545 prio=120 target_cpu=000
          <idle>-0     [000] d...   523.762518: sched_switch: prev_comm=swapper/0 prev_pid=0 prev_prio=120 prev_state=R ==> next_comm=systemd next_pid=1 next_prio=120
         systemd-1     [000] d...   523.762526: sched_switch: prev_comm=systemd prev_pid=1 prev_prio=120 prev_state=S ==> next_comm=InputThread next_pid=1545 next_prio=120
     InputThread-1545  [000] d...   523.762618: sched_wakeup: comm=Xorg pid=1541 prio=120 target_cpu=000
     InputThread-1545  [000] d...   523.762623: sched_switch: prev_comm=InputThread prev_pid=1545 prev_prio=120 prev_state=S ==> next_comm=Xorg next_pid=1541 next_prio=120
            Xorg-1541  [000] dN..   523.762661: sched_wakeup: comm=gnome-terminal- pid=2173 prio=120 target_cpu=000
            Xorg-1541  [000] d...   523.762663: sched_switch: prev_comm=Xorg prev_pid=1541 prev_prio=120 prev_state=R ==> next_comm=gnome-terminal- next_pid=2173 next_prio=120
 gnome-terminal--2173  [000] d...   523.762807: sched_switch: prev_comm=gnome-terminal- prev_pid=2173 prev_prio=120 prev_state=S ==> next_comm=Xorg next_pid=1541 next_prio=120
            Xorg-1541  [000] d...   523.762825: sched_wakeup: comm=gnome-shell pid=1725 prio=120 target_cpu=000
            Xorg-1541  [000] dN..   523.762837: sched_wakeup: comm=gnome-terminal- pid=2173 prio=120 target_cpu=000
            Xorg-1541  [000] d...   523.762838: sched_switch: prev_comm=Xorg prev_pid=1541 prev_prio=120 prev_state=R ==> next_comm=gnome-terminal- next_pid=2173 next_prio=120
 gnome-terminal--2173  [000] d...   523.762882: sched_switch: prev_comm=gnome-terminal- prev_pid=2173 prev_prio=120 prev_state=S ==> next_comm=Xorg next_pid=1541 next_prio=120
            Xorg-1541  [000] d...   523.762889: sched_switch: prev_comm=Xorg prev_pid=1541 prev_prio=120 prev_state=S ==> next_comm=gnome-shell next_pid=1725 next_prio=120
     gnome-shell-1725  [000] dN..   523.762962: sched_wakeup: comm=Xorg pid=1541 prio=120 target_cpu=000
     gnome-shell-1725  [000] d...   523.762964: sched_switch: prev_comm=gnome-shell prev_pid=1725 prev_prio=120 prev_state=R ==> next_comm=Xorg next_pid=1541 next_prio=120
            Xorg-1541  [000] d...   523.762977: sched_switch: prev_comm=Xorg prev_pid=1541 prev_prio=120 prev_state=S ==> next_comm=gnome-shell next_pid=1725 next_prio=120
     gnome-shell-1725  [000] dNh.   523.763008: sched_wakeup: comm=dndX11 pid=1677 prio=120 target_cpu=000
     gnome-shell-1725  [000] d...   523.763013: sched_switch: prev_comm=gnome-shell prev_pid=1725 prev_prio=120 prev_state=R ==> next_comm=dndX11 next_pid=1677 next_prio=120
          dndX11-1677  [000] d...   523.763029: sched_switch: prev_comm=dndX11 prev_pid=1677 prev_prio=120 prev_state=S ==> next_comm=gnome-shell next_pid=1725 next_prio=120
     gnome-shell-1725  [000] d...   523.763072: sched_switch: prev_comm=gnome-shell prev_pid=1725 prev_prio=120 prev_state=S ==> next_comm=swapper/0 next_pid=0 next_prio=120
          <idle>-0     [000] dNh.   523.763992: sched_wakeup: comm=Xorg pid=1541 prio=120 target_cpu=000
          <idle>-0     [000] d...   523.763999: sched_switch: prev_comm=swapper/0 prev_pid=0 prev_prio=120 prev_state=R ==> next_comm=Xorg next_pid=1541 next_prio=120
            Xorg-1541  [000] d...   523.764011: sched_switch: prev_comm=Xorg prev_pid=1541 prev_prio=120 prev_state=S ==> next_comm=swapper/0 next_pid=0 next_prio=120
          <idle>-0     [000] dNh.   523.768721: sched_wakeup: comm=gmain pid=713 prio=120 target_cpu=000
          <idle>-0     [000] d...   523.768733: sched_switch: prev_comm=swapper/0 prev_pid=0 prev_prio=120 prev_state=R ==> next_comm=gmain next_pid=713 next_prio=120
           gmain-713   [000] d...   523.768775: sched_switch: prev_comm=gmain prev_pid=713 prev_prio=120 prev_state=S ==> next_comm=swapper/0 next_pid=0 next_prio=120
          <idle>-0     [000] dNh.   523.770531: sched_wakeup: comm=systemd pid=1 prio=120 target_cpu=000
          <idle>-0     [000] dNh.   523.770539: sched_wakeup: comm=InputThread pid=1545 prio=120 target_cpu=000
          <idle>-0     [000] d...   523.770556: sched_switch: prev_comm=swapper/0 prev_pid=0 prev_prio=120 prev_state=R ==> next_comm=systemd next_pid=1 next_prio=120
         systemd-1     [000] d...   523.770563: sched_switch: prev_comm=systemd prev_pid=1 prev_prio=120 prev_state=S ==> next_comm=InputThread next_pid=1545 next_prio=120
     InputThread-1545  [000] d...   523.770656: sched_wakeup: comm=Xorg pid=1541 prio=120 target_cpu=000
     InputThread-1545  [000] d...   523.770661: sched_switch: prev_comm=InputThread prev_pid=1545 prev_prio=120 prev_state=S ==> next_comm=Xorg next_pid=1541 next_prio=120
            Xorg-1541  [000] dN..   523.770697: sched_wakeup: comm=gnome-terminal- pid=2173 prio=120 target_cpu=000
            Xorg-1541  [000] d...   523.770699: sched_switch: prev_comm=Xorg prev_pid=1541 prev_prio=120 prev_state=R ==> next_comm=gnome-terminal- next_pid=2173 next_prio=120
 gnome-terminal--2173  [000] d...   523.770840: sched_switch: prev_comm=gnome-terminal- prev_pid=2173 prev_prio=120 prev_state=S ==> next_comm=Xorg next_pid=1541 next_prio=120
            Xorg-1541  [000] d...   523.770857: sched_wakeup: comm=gnome-shell pid=1725 prio=120 target_cpu=000
            Xorg-1541  [000] dN..   523.770868: sched_wakeup: comm=gnome-terminal- pid=2173 prio=120 target_cpu=000
            Xorg-1541  [000] d...   523.770869: sched_switch: prev_comm=Xorg prev_pid=1541 prev_prio=120 prev_state=R ==> next_comm=gnome-terminal- next_pid=2173 next_prio=120
 gnome-terminal--2173  [000] d...   523.770912: sched_switch: prev_comm=gnome-terminal- prev_pid=2173 prev_prio=120 prev_state=S ==> next_comm=Xorg next_pid=1541 next_prio=120
            Xorg-1541  [000] d...   523.770924: sched_switch: prev_comm=Xorg prev_pid=1541 prev_prio=120 prev_state=S ==> next_comm=gnome-shell next_pid=1725 next_prio=120
     gnome-shell-1725  [000] dN..   523.770995: sched_wakeup: comm=Xorg pid=1541 prio=120 target_cpu=000
     gnome-shell-1725  [000] d...   523.770996: sched_switch: prev_comm=gnome-shell prev_pid=1725 prev_prio=120 prev_state=R ==> next_comm=Xorg next_pid=1541 next_prio=120
            Xorg-1541  [000] d...   523.771017: sched_switch: prev_comm=Xorg prev_pid=1541 prev_prio=120 prev_state=S ==> next_comm=gnome-shell next_pid=1725 next_prio=120
     gnome-shell-1725  [000] d...   523.771061: sched_switch: prev_comm=gnome-shell prev_pid=1725 prev_prio=120 prev_state=S ==> next_comm=swapper/0 next_pid=0 next_prio=120
          <idle>-0     [000] dNh.   523.772579: sched_wakeup: comm=Xorg pid=1541 prio=120 target_cpu=000
          <idle>-0     [000] d...   523.772593: sched_switch: prev_comm=swapper/0 prev_pid=0 prev_prio=120 prev_state=R ==> next_comm=Xorg next_pid=1541 next_prio=120
            Xorg-1541  [000] d...   523.772620: sched_switch: prev_comm=Xorg prev_pid=1541 prev_prio=120 prev_state=S ==> next_comm=swapper/0 next_pid=0 next_prio=120
          <idle>-0     [000] dNh.   523.778457: sched_wakeup: comm=systemd pid=1 prio=120 target_cpu=000
          <idle>-0     [000] dNh.   523.778465: sched_wakeup: comm=InputThread pid=1545 prio=120 target_cpu=000
          <idle>-0     [000] d...   523.778482: sched_switch: prev_comm=swapper/0 prev_pid=0 prev_prio=120 prev_state=R ==> next_comm=systemd next_pid=1 next_prio=120
         systemd-1     [000] d...   523.778488: sched_switch: prev_comm=systemd prev_pid=1 prev_prio=120 prev_state=S ==> next_comm=InputThread next_pid=1545 next_prio=120
     InputThread-1545  [000] d...   523.778577: sched_wakeup: comm=Xorg pid=1541 prio=120 target_cpu=000
     InputThread-1545  [000] d...   523.778582: sched_switch: prev_comm=InputThread prev_pid=1545 prev_prio=120 prev_state=S ==> next_comm=Xorg next_pid=1541 next_prio=120
            Xorg-1541  [000] dN..   523.778617: sched_wakeup: comm=gnome-terminal- pid=2173 prio=120 target_cpu=000
            Xorg-1541  [000] d...   523.778619: sched_switch: prev_comm=Xorg prev_pid=1541 prev_prio=120 prev_state=R ==> next_comm=gnome-terminal- next_pid=2173 next_prio=120
 gnome-terminal--2173  [000] d...   523.778778: sched_switch: prev_comm=gnome-terminal- prev_pid=2173 prev_prio=120 prev_state=S ==> next_comm=Xorg next_pid=1541 next_prio=120
            Xorg-1541  [000] d...   523.778796: sched_wakeup: comm=gnome-shell pid=1725 prio=120 target_cpu=000
            Xorg-1541  [000] dN..   523.778807: sched_wakeup: comm=gnome-terminal- pid=2173 prio=120 target_cpu=000
            Xorg-1541  [000] d...   523.778808: sched_switch: prev_comm=Xorg prev_pid=1541 prev_prio=120 prev_state=R ==> next_comm=gnome-terminal- next_pid=2173 next_prio=120
 gnome-terminal--2173  [000] d...   523.778852: sched_switch: prev_comm=gnome-terminal- prev_pid=2173 prev_prio=120 prev_state=S ==> next_comm=Xorg next_pid=1541 next_prio=120
            Xorg-1541  [000] d...   523.778865: sched_switch: prev_comm=Xorg prev_pid=1541 prev_prio=120 prev_state=S ==> next_comm=gnome-shell next_pid=1725 next_prio=120
     gnome-shell-1725  [000] dN..   523.778936: sched_wakeup: comm=Xorg pid=1541 prio=120 target_cpu=000
     gnome-shell-1725  [000] d...   523.778938: sched_switch: prev_comm=gnome-shell prev_pid=1725 prev_prio=120 prev_state=R ==> next_comm=Xorg next_pid=1541 next_prio=120
            Xorg-1541  [000] d...   523.778958: sched_switch: prev_comm=Xorg prev_pid=1541 prev_prio=120 prev_state=S ==> next_comm=gnome-shell next_pid=1725 next_prio=120
     gnome-shell-1725  [000] d...   523.779003: sched_switch: prev_comm=gnome-shell prev_pid=1725 prev_prio=120 prev_state=S ==> next_comm=swapper/0 next_pid=0 next_prio=120
          <idle>-0     [000] dNh.   523.783062: sched_wakeup: comm=Xorg pid=1541 prio=120 target_cpu=000
          <idle>-0     [000] d...   523.783073: sched_switch: prev_comm=swapper/0 prev_pid=0 prev_prio=120 prev_state=R ==> next_comm=Xorg next_pid=1541 next_prio=120
            Xorg-1541  [000] d...   523.783092: sched_switch: prev_comm=Xorg prev_pid=1541 prev_prio=120 prev_state=S ==> next_comm=swapper/0 next_pid=0 next_prio=120
          <idle>-0     [000] dNh.   523.786413: sched_wakeup: comm=systemd pid=1 prio=120 target_cpu=000
          <idle>-0     [000] dNh.   523.786419: sched_wakeup: comm=InputThread pid=1545 prio=120 target_cpu=000
          <idle>-0     [000] d...   523.786431: sched_switch: prev_comm=swapper/0 prev_pid=0 prev_prio=120 prev_state=R ==> next_comm=systemd next_pid=1 next_prio=120
         systemd-1     [000] d...   523.786438: sched_switch: prev_comm=systemd prev_pid=1 prev_prio=120 prev_state=S ==> next_comm=InputThread next_pid=1545 next_prio=120
     InputThread-1545  [000] d...   523.786534: sched_wakeup: comm=Xorg pid=1541 prio=120 target_cpu=000
     InputThread-1545  [000] d...   523.786540: sched_switch: prev_comm=InputThread prev_pid=1545 prev_prio=120 prev_state=S ==> next_comm=Xorg next_pid=1541 next_prio=120
            Xorg-1541  [000] dN..   523.786580: sched_wakeup: comm=gnome-terminal- pid=2173 prio=120 target_cpu=000
            Xorg-1541  [000] d...   523.786582: sched_switch: prev_comm=Xorg prev_pid=1541 prev_prio=120 prev_state=R ==> next_comm=gnome-terminal- next_pid=2173 next_prio=120
 gnome-terminal--2173  [000] d...   523.786940: sched_switch: prev_comm=gnome-terminal- prev_pid=2173 prev_prio=120 prev_state=S ==> next_comm=Xorg next_pid=1541 next_prio=120
            Xorg-1541  [000] d...   523.786962: sched_wakeup: comm=gnome-shell pid=1725 prio=120 target_cpu=000
            Xorg-1541  [000] dN..   523.786978: sched_wakeup: comm=gnome-terminal- pid=2173 prio=120 target_cpu=000
            Xorg-1541  [000] d...   523.786979: sched_switch: prev_comm=Xorg prev_pid=1541 prev_prio=120 prev_state=R ==> next_comm=gnome-terminal- next_pid=2173 next_prio=120
 gnome-terminal--2173  [000] d...   523.787303: sched_switch: prev_comm=gnome-terminal- prev_pid=2173 prev_prio=120 prev_state=S ==> next_comm=Xorg next_pid=1541 next_prio=120
            Xorg-1541  [000] d...   523.787815: sched_switch: prev_comm=Xorg prev_pid=1541 prev_prio=120 prev_state=S ==> next_comm=gnome-shell next_pid=1725 next_prio=120
     gnome-shell-1725  [000] dN..   523.787935: sched_wakeup: comm=Xorg pid=1541 prio=120 target_cpu=000
     gnome-shell-1725  [000] d...   523.787936: sched_switch: prev_comm=gnome-shell prev_pid=1725 prev_prio=120 prev_state=R ==> next_comm=Xorg next_pid=1541 next_prio=120
            Xorg-1541  [000] d...   523.787952: sched_switch: prev_comm=Xorg prev_pid=1541 prev_prio=120 prev_state=S ==> next_comm=gnome-shell next_pid=1725 next_prio=120
     gnome-shell-1725  [000] dN..   523.788012: sched_wakeup: comm=Xorg pid=1541 prio=120 target_cpu=000
     gnome-shell-1725  [000] d...   523.788013: sched_switch: prev_comm=gnome-shell prev_pid=1725 prev_prio=120 prev_state=R ==> next_comm=Xorg next_pid=1541 next_prio=120
            Xorg-1541  [000] d...   523.788024: sched_switch: prev_comm=Xorg prev_pid=1541 prev_prio=120 prev_state=S ==> next_comm=gnome-shell next_pid=1725 next_prio=120
     gnome-shell-1725  [000] dN..   523.788064: sched_wakeup: comm=Xorg pid=1541 prio=120 target_cpu=000
     gnome-shell-1725  [000] d...   523.788065: sched_switch: prev_comm=gnome-shell prev_pid=1725 prev_prio=120 prev_state=R ==> next_comm=Xorg next_pid=1541 next_prio=120
            Xorg-1541  [000] d...   523.788076: sched_switch: prev_comm=Xorg prev_pid=1541 prev_prio=120 prev_state=S ==> next_comm=gnome-shell next_pid=1725 next_prio=120
     gnome-shell-1725  [000] dN..   523.788259: sched_wakeup: comm=Xorg pid=1541 prio=120 target_cpu=000
     gnome-shell-1725  [000] d...   523.788260: sched_switch: prev_comm=gnome-shell prev_pid=1725 prev_prio=120 prev_state=R ==> next_comm=Xorg next_pid=1541 next_prio=120
            Xorg-1541  [000] d...   523.788275: sched_switch: prev_comm=Xorg prev_pid=1541 prev_prio=120 prev_state=S ==> next_comm=gnome-shell next_pid=1725 next_prio=120
     gnome-shell-1725  [000] dNh.   523.788418: sched_wakeup: comm=dndX11 pid=1677 prio=120 target_cpu=000
     gnome-shell-1725  [000] d...   523.788423: sched_switch: prev_comm=gnome-shell prev_pid=1725 prev_prio=120 prev_state=R ==> next_comm=dndX11 next_pid=1677 next_prio=120
          dndX11-1677  [000] d...   523.788438: sched_switch: prev_comm=dndX11 prev_pid=1677 prev_prio=120 prev_state=S ==> next_comm=gnome-shell next_pid=1725 next_prio=120
     gnome-shell-1725  [000] dN..   523.788469: sched_wakeup: comm=Xorg pid=1541 prio=120 target_cpu=000
     gnome-shell-1725  [000] d...   523.788470: sched_switch: prev_comm=gnome-shell prev_pid=1725 prev_prio=120 prev_state=R ==> next_comm=Xorg next_pid=1541 next_prio=120
            Xorg-1541  [000] d...   523.788993: sched_switch: prev_comm=Xorg prev_pid=1541 prev_prio=120 prev_state=S ==> next_comm=gnome-shell next_pid=1725 next_prio=120
     gnome-shell-1725  [000] dN..   523.789562: sched_wakeup: comm=Xorg pid=1541 prio=120 target_cpu=000
     gnome-shell-1725  [000] d...   523.789563: sched_switch: prev_comm=gnome-shell prev_pid=1725 prev_prio=120 prev_state=R ==> next_comm=Xorg next_pid=1541 next_prio=120
            Xorg-1541  [000] dN..   523.789579: sched_wakeup: comm=gnome-terminal- pid=2173 prio=120 target_cpu=000
            Xorg-1541  [000] d...   523.789580: sched_switch: prev_comm=Xorg prev_pid=1541 prev_prio=120 prev_state=R ==> next_comm=gnome-terminal- next_pid=2173 next_prio=120
 gnome-terminal--2173  [000] d...   523.789620: sched_switch: prev_comm=gnome-terminal- prev_pid=2173 prev_prio=120 prev_state=S ==> next_comm=Xorg next_pid=1541 next_prio=120
            Xorg-1541  [000] d...   523.789627: sched_switch: prev_comm=Xorg prev_pid=1541 prev_prio=120 prev_state=S ==> next_comm=gnome-shell next_pid=1725 next_prio=120
     gnome-shell-1725  [000] dN..   523.790150: sched_wakeup: comm=Xorg pid=1541 prio=120 target_cpu=000
     gnome-shell-1725  [000] d...   523.790152: sched_switch: prev_comm=gnome-shell prev_pid=1725 prev_prio=120 prev_state=R ==> next_comm=Xorg next_pid=1541 next_prio=120
            Xorg-1541  [000] d...   523.790284: sched_switch: prev_comm=Xorg prev_pid=1541 prev_prio=120 prev_state=S ==> next_comm=gnome-shell next_pid=1725 next_prio=120
     gnome-shell-1725  [000] dN..   523.790363: sched_wakeup: comm=Xorg pid=1541 prio=120 target_cpu=000
     gnome-shell-1725  [000] d...   523.790364: sched_switch: prev_comm=gnome-shell prev_pid=1725 prev_prio=120 prev_state=R ==> next_comm=Xorg next_pid=1541 next_prio=120
            Xorg-1541  [000] dN..   523.790393: sched_wakeup: comm=gnome-terminal- pid=2173 prio=120 target_cpu=000
            Xorg-1541  [000] dNh.   523.790404: sched_wakeup: comm=irq/18-vmwgfx pid=465 prio=49 target_cpu=000
            Xorg-1541  [000] d...   523.790414: sched_switch: prev_comm=Xorg prev_pid=1541 prev_prio=120 prev_state=R ==> next_comm=irq/18-vmwgfx next_pid=465 next_prio=49
   irq/18-vmwgfx-465   [000] d...   523.790420: sched_wakeup: comm=kworker/0:4 pid=285 prio=120 target_cpu=000
   irq/18-vmwgfx-465   [000] d...   523.790422: sched_switch: prev_comm=irq/18-vmwgfx prev_pid=465 prev_prio=49 prev_state=S ==> next_comm=gnome-terminal- next_pid=2173 next_prio=120
 gnome-terminal--2173  [000] d...   523.790473: sched_switch: prev_comm=gnome-terminal- prev_pid=2173 prev_prio=120 prev_state=S ==> next_comm=kworker/0:4 next_pid=285 next_prio=120
     kworker/0:4-285   [000] d...   523.790482: sched_switch: prev_comm=kworker/0:4 prev_pid=285 prev_prio=120 prev_state=I ==> next_comm=Xorg next_pid=1541 next_prio=120
            Xorg-1541  [000] d...   523.790491: sched_switch: prev_comm=Xorg prev_pid=1541 prev_prio=120 prev_state=S ==> next_comm=gnome-shell next_pid=1725 next_prio=120
     gnome-shell-1725  [000] d...   523.790540: sched_switch: prev_comm=gnome-shell prev_pid=1725 prev_prio=120 prev_state=S ==> next_comm=swapper/0 next_pid=0 next_prio=120
          <idle>-0     [000] dNh.   523.792696: sched_wakeup: comm=systemd pid=1 prio=120 target_cpu=000
          <idle>-0     [000] dNh.   523.792702: sched_wakeup: comm=InputThread pid=1545 prio=120 target_cpu=000
          <idle>-0     [000] d...   523.792714: sched_switch: prev_comm=swapper/0 prev_pid=0 prev_prio=120 prev_state=R ==> next_comm=systemd next_pid=1 next_prio=120
         systemd-1     [000] dNs.   523.795325: sched_wakeup: comm=rcu_sched pid=11 prio=120 target_cpu=000
         systemd-1     [000] d...   523.795326: sched_switch: prev_comm=systemd prev_pid=1 prev_prio=120 prev_state=R ==> next_comm=rcu_sched next_pid=11 next_prio=120
       rcu_sched-11    [000] d...   523.795330: sched_switch: prev_comm=rcu_sched prev_pid=11 prev_prio=120 prev_state=I ==> next_comm=systemd next_pid=1 next_prio=120
         systemd-1     [000] d...   523.795334: sched_switch: prev_comm=systemd prev_pid=1 prev_prio=120 prev_state=S ==> next_comm=InputThread next_pid=1545 next_prio=120
     InputThread-1545  [000] d...   523.795465: sched_wakeup: comm=Xorg pid=1541 prio=120 target_cpu=000
     InputThread-1545  [000] d...   523.795471: sched_switch: prev_comm=InputThread prev_pid=1545 prev_prio=120 prev_state=S ==> next_comm=Xorg next_pid=1541 next_prio=120
            Xorg-1541  [000] dN..   523.795514: sched_wakeup: comm=gnome-terminal- pid=2173 prio=120 target_cpu=000
            Xorg-1541  [000] d...   523.795517: sched_switch: prev_comm=Xorg prev_pid=1541 prev_prio=120 prev_state=R ==> next_comm=gnome-terminal- next_pid=2173 next_prio=120
 gnome-terminal--2173  [000] d...   523.795743: sched_switch: prev_comm=gnome-terminal- prev_pid=2173 prev_prio=120 prev_state=S ==> next_comm=Xorg next_pid=1541 next_prio=120
            Xorg-1541  [000] d...   523.795766: sched_wakeup: comm=gnome-shell pid=1725 prio=120 target_cpu=000
            Xorg-1541  [000] dN..   523.795780: sched_wakeup: comm=gnome-terminal- pid=2173 prio=120 target_cpu=000
            Xorg-1541  [000] d...   523.795781: sched_switch: prev_comm=Xorg prev_pid=1541 prev_prio=120 prev_state=R ==> next_comm=gnome-terminal- next_pid=2173 next_prio=120
 gnome-terminal--2173  [000] d...   523.795825: sched_switch: prev_comm=gnome-terminal- prev_pid=2173 prev_prio=120 prev_state=S ==> next_comm=Xorg next_pid=1541 next_prio=120
            Xorg-1541  [000] d...   523.795839: sched_switch: prev_comm=Xorg prev_pid=1541 prev_prio=120 prev_state=S ==> next_comm=gnome-shell next_pid=1725 next_prio=120
     gnome-shell-1725  [000] dN..   523.795914: sched_wakeup: comm=Xorg pid=1541 prio=120 target_cpu=000
     gnome-shell-1725  [000] d...   523.795916: sched_switch: prev_comm=gnome-shell prev_pid=1725 prev_prio=120 prev_state=R ==> next_comm=Xorg next_pid=1541 next_prio=120
            Xorg-1541  [000] d...   523.795936: sched_switch: prev_comm=Xorg prev_pid=1541 prev_prio=120 prev_state=S ==> next_comm=gnome-shell next_pid=1725 next_prio=120
     gnome-shell-1725  [000] d...   523.795987: sched_switch: prev_comm=gnome-shell prev_pid=1725 prev_prio=120 prev_state=S ==> next_comm=swapper/0 next_pid=0 next_prio=120
