          <idle>-0     [000] d...   523.186097: sched_switch: prev_comm=swapper/0 prev_pid=0 prev_prio=120 prev_state=R ==> next_comm=Xorg next_pid=1541 next_prio=120
            Xorg-1541  [000] d...   523.186109: sched_switch: prev_comm=Xorg prev_pid=1541 prev_prio=120 prev_state=S ==> next_comm=swapper/0 next_pid=0 next_prio=120
          <idle>-0     [000] dNh.   523.192875: sched_wakeup: comm=systemd pid=1 prio=120 target_cpu=000
          <idle>-0     [000] dNh.   523.192883: sched_wakeup: comm=InputThread pid=1545 prio=120 target_cpu=000
          <idle>-0     [000] d...   523.192902: sched_switch: prev_comm=swapper/0 prev_pid=0 prev_prio=120 prev_state=R ==> next_comm=systemd next_pid=1 next_prio=120
         systemd-1     [000] d...   523.192909: sched_switch: prev_comm=systemd prev_pid=1 prev_prio=120 prev_state=S ==> next_comm=InputThread next_pid=1545 next_prio=120
     InputThread-1545  [000] d...   523.193000: sched_wakeup: comm=Xorg pid=1541 prio=120 target_cpu=000
     InputThread-1545  [000] d...   523.193005: sched_switch: prev_comm=InputThread prev_pid=1545 prev_prio=120 prev_state=S ==> next_comm=Xorg next_pid=1541 next_prio=120
            Xorg-1541  [000] d...   523.193036: sched_wakeup: comm=gnome-shell pid=1725 prio=120 target_cpu=000
            Xorg-1541  [000] d...   523.193048: sched_switch: prev_comm=Xorg prev_pid=1541 prev_prio=120 prev_state=S ==> next_comm=gnome-shell next_pid=1725 next_prio=120
     gnome-shell-1725  [000] dN..   523.193143: sched_wakeup: comm=Xorg pid=1541 prio=120 target_cpu=000
     gnome-shell-1725  [000] d...   523.193145: sched_switch: prev_comm=gnome-shell prev_pid=1725 prev_prio=120 prev_state=R ==> next_comm=Xorg next_pid=1541 next_prio=120
            Xorg-1541  [000] d...   523.193160: sched_switch: prev_comm=Xorg prev_pid=1541 prev_prio=120 prev_state=S ==> next_comm=gnome-shell next_pid=1725 next_prio=120
     gnome-shell-1725  [000] d...   523.193201: sched_switch: prev_comm=gnome-shell prev_pid=1725 prev_prio=120 prev_state=S ==> next_comm=swapper/0 next_pid=0 next_prio=120
          <idle>-0     [000] dNh.   523.195022: sched_wakeup: comm=Xorg pid=1541 prio=120 target_cpu=000
          <idle>-0     [000] d...   523.195035: sched_switch: prev_comm=swapper/0 prev_pid=0 prev_prio=120 prev_state=R ==> next_comm=Xorg next_pid=1541 next_prio=120
            Xorg-1541  [000] d...   523.195076: sched_switch: prev_comm=Xorg prev_pid=1541 prev_prio=120 prev_state=S ==> next_comm=swapper/0 next_pid=0 next_prio=120
          <idle>-0     [000] dNh.   523.197225: sched_wakeup: comm=gnome-shell pid=1725 prio=120 target_cpu=000
          <idle>-0     [000] d...   523.197238: sched_switch: prev_comm=swapper/0 prev_pid=0 prev_prio=120 prev_state=R ==> next_comm=gnome-shell next_pid=1725 next_prio=120
     gnome-shell-1725  [000] d...   523.199118: sched_switch: prev_comm=gnome-shell prev_pid=1725 prev_prio=120 prev_state=S ==> next_comm=swapper/0 next_pid=0 next_prio=120
          <idle>-0     [000] dNh.   523.200797: sched_wakeup: comm=systemd pid=1 prio=120 target_cpu=000
          <idle>-0     [000] dNh.   523.200804: sched_wakeup: comm=InputThread pid=1545 prio=120 target_cpu=000
          <idle>-0     [000] d...   523.200823: sched_switch: prev_comm=swapper/0 prev_pid=0 prev_prio=120 prev_state=R ==> next_comm=systemd next_pid=1 next_prio=120
         systemd-1     [000] d...   523.200830: sched_switch: prev_comm=systemd prev_pid=1 prev_prio=120 prev_state=S ==> next_comm=InputThread next_pid=1545 next_prio=120
     InputThread-1545  [000] d...   523.200923: sched_wakeup: comm=Xorg pid=1541 prio=120 target_cpu=000
     InputThread-1545  [000] d...   523.200928: sched_switch: prev_comm=InputThread prev_pid=1545 prev_prio=120 prev_state=S ==> next_comm=Xorg next_pid=1541 next_prio=120
            Xorg-1541  [000] d...   523.200959: sched_wakeup: comm=gnome-shell pid=1725 prio=120 target_cpu=000
            Xorg-1541  [000] d...   523.200972: sched_switch: prev_comm=Xorg prev_pid=1541 prev_prio=120 prev_state=S ==> next_comm=gnome-shell next_pid=1725 next_prio=120
     gnome-shell-1725  [000] dN..   523.201079: sched_wakeup: comm=Xorg pid=1541 prio=120 target_cpu=000
     gnome-shell-1725  [000] d...   523.201081: sched_switch: prev_comm=gnome-shell prev_pid=1725 prev_prio=120 prev_state=R ==> next_comm=Xorg next_pid=1541 next_prio=120
            Xorg-1541  [000] d...   523.201096: sched_switch: prev_comm=Xorg prev_pid=1541 prev_prio=120 prev_state=S ==> next_comm=gnome-shell next_pid=1725 next_prio=120
     gnome-shell-1725  [000] d...   523.201136: sched_switch: prev_comm=gnome-shell prev_pid=1725 prev_prio=120 prev_state=S ==> next_comm=swapper/0 next_pid=0 next_prio=120
          <idle>-0     [000] dNh.   523.202154: sched_wakeup: comm=Xorg pid=1541 prio=120 target_cpu=000
          <idle>-0     [000] d...   523.202159: sched_switch: prev_comm=swapper/0 prev_pid=0 prev_prio=120 prev_state=R ==> next_comm=Xorg next_pid=1541 next_prio=120
            Xorg-1541  [000] d...   523.202170: sched_switch: prev_comm=Xorg prev_pid=1541 prev_prio=120 prev_state=S ==> next_comm=swapper/0 next_pid=0 next_prio=120
          <idle>-0     [000] dNh.   523.203850: sched_wakeup: comm=dndX11 pid=1677 prio=120 target_cpu=000
          <idle>-0     [000] d...   523.203863: sched_switch: prev_comm=swapper/0 prev_pid=0 prev_prio=120 prev_state=R ==> next_comm=dndX11 next_pid=1677 next_prio=120
          dndX11-1677  [000] d...   523.203891: sched_switch: prev_comm=dndX11 prev_pid=1677 prev_prio=120 prev_state=S ==> next_comm=swapper/0 next_pid=0 next_prio=120
          <idle>-0     [000] dNh.   523.208714: sched_wakeup: comm=systemd pid=1 prio=120 target_cpu=000
          <idle>-0     [000] dNh.   523.208721: sched_wakeup: comm=InputThread pid=1545 prio=120 target_cpu=000
          <idle>-0     [000] d...   523.208739: sched_switch: prev_comm=swapper/0 prev_pid=0 prev_prio=120 prev_state=R ==> next_comm=systemd next_pid=1 next_prio=120
         systemd-1     [000] d...   523.208746: sched_switch: prev_comm=systemd prev_pid=1 prev_prio=120 prev_state=S ==> next_comm=InputThread next_pid=1545 next_prio=120
     InputThread-1545  [000] d...   523.208840: sched_wakeup: comm=Xorg pid=1541 prio=120 target_cpu=000
     InputThread-1545  [000] d...   523.208846: sched_switch: prev_comm=InputThread prev_pid=1545 prev_prio=120 prev_state=S ==> next_comm=Xorg next_pid=1541 next_prio=120
            Xorg-1541  [000] d...   523.208877: sched_wakeup: comm=gnome-shell pid=1725 prio=120 target_cpu=000
            Xorg-1541  [000] d...   523.208891: sched_switch: prev_comm=Xorg prev_pid=1541 prev_prio=120 prev_state=S ==> next_comm=gnome-shell next_pid=1725 next_prio=120
     gnome-shell-1725  [000] dN..   523.208987: sched_wakeup: comm=Xorg pid=1541 prio=120 target_cpu=000
     gnome-shell-1725  [000] d...   523.208989: sched_switch: prev_comm=gnome-shell prev_pid=1725 prev_prio=120 prev_state=R ==> next_comm=Xorg next_pid=1541 next_prio=120
            Xorg-1541  [000] d...   523.209004: sched_switch: prev_comm=Xorg prev_pid=1541 prev_prio=120 prev_state=S ==> next_comm=gnome-shell next_pid=1725 next_prio=120
     gnome-shell-1725  [000] d...   523.209045: sched_switch: prev_comm=gnome-shell prev_pid=1725 prev_prio=120 prev_state=S ==> next_comm=swapper/0 next_pid=0 next_prio=120
          <idle>-0     [000] dNh.   523.210076: sched_wakeup: comm=Xorg pid=1541 prio=120 target_cpu=000
          <idle>-0     [000] d...   523.210082: sched_switch: prev_comm=swapper/0 prev_pid=0 prev_prio=120 prev_state=R ==> next_comm=Xorg next_pid=1541 next_prio=120
            Xorg-1541  [000] d...   523.210093: sched_switch: prev_comm=Xorg prev_pid=1541 prev_prio=120 prev_state=S ==> next_comm=swapper/0 next_pid=0 next_prio=120
          <idle>-0     [000] dNh.   523.213132: sched_wakeup: comm=gnome-shell pid=1725 prio=120 target_cpu=000
          <idle>-0     [000] d...   523.213147: sched_switch: prev_comm=swapper/0 prev_pid=0 prev_prio=120 prev_state=R ==> next_comm=gnome-shell next_pid=1725 next_prio=120
     gnome-shell-1725  [000] d...   523.214098: sched_switch: prev_comm=gnome-shell prev_pid=1725 prev_prio=120 prev_state=S ==> next_comm=swapper/0 next_pid=0 next_prio=120
          <idle>-0     [000] dNh.   523.216748: sched_wakeup: comm=systemd pid=1 prio=120 target_cpu=000
          <idle>-0     [000] dNh.   523.216755: sched_wakeup: comm=InputThread pid=1545 prio=120 target_cpu=000
          <idle>-0     [000] d...   523.216768: sched_switch: prev_comm=swapper/0 prev_pid=0 prev_prio=120 prev_state=R ==> next_comm=systemd next_pid=1 next_prio=120
         systemd-1     [000] d...   523.216775: sched_switch: prev_comm=systemd prev_pid=1 prev_prio=120 prev_state=S ==> next_comm=InputThread next_pid=1545 next_prio=120
     InputThread-1545  [000] d...   523.216871: sched_wakeup: comm=Xorg pid=1541 prio=120 target_cpu=000
     InputThread-1545  [000] d...   523.216876: sched_switch: prev_comm=InputThread prev_pid=1545 prev_prio=120 prev_state=S ==> next_comm=Xorg next_pid=1541 next_prio=120
            Xorg-1541  [000] d...   523.216907: sched_wakeup: comm=gnome-shell pid=1725 prio=120 target_cpu=000
            Xorg-1541  [000] d...   523.216923: sched_switch: prev_comm=Xorg prev_pid=1541 prev_prio=120 prev_state=S ==> next_comm=gnome-shell next_pid=1725 next_prio=120
     gnome-shell-1725  [000] dN..   523.217020: sched_wakeup: comm=Xorg pid=1541 prio=120 target_cpu=000
     gnome-shell-1725  [000] d...   523.217022: sched_switch: prev_comm=gnome-shell prev_pid=1725 prev_prio=120 prev_state=R ==> next_comm=Xorg next_pid=1541 next_prio=120
            Xorg-1541  [000] d...   523.217037: sched_switch: prev_comm=Xorg prev_pid=1541 prev_prio=120 prev_state=S ==> next_comm=gnome-shell next_pid=1725 next_prio=120
     gnome-shell-1725  [000] d...   523.217078: sched_switch: prev_comm=gnome-shell prev_pid=1725 prev_prio=120 prev_state=S ==> next_comm=swapper/0 next_pid=0 next_prio=120
          <idle>-0     [000] dNs.   523.217332: sched_wakeup: comm=kworker/0:4 pid=285 prio=120 target_cpu=000
          <idle>-0     [000] d...   523.217334: sched_switch: prev_comm=swapper/0 prev_pid=0 prev_prio=120 prev_state=R ==> next_comm=kworker/0:4 next_pid=285 next_prio=120
     kworker/0:4-285   [000] d...   523.217341: sched_switch: prev_comm=kworker/0:4 prev_pid=285 prev_prio=120 prev_state=I ==> next_comm=swapper/0 next_pid=0 next_prio=120
          <idle>-0     [000] dNh.   523.218101: sched_wakeup: comm=Xorg pid=1541 prio=120 target_cpu=000
          <idle>-0     [000] d...   523.218107: sched_switch: prev_comm=swapper/0 prev_pid=0 prev_prio=120 prev_state=R ==> next_comm=Xorg next_pid=1541 next_prio=120
            Xorg-1541  [000] d...   523.218116: sched_switch: prev_comm=Xorg prev_pid=1541 prev_prio=120 prev_state=S ==> next_comm=swapper/0 next_pid=0 next_prio=120
          <idle>-0     [000] dNh.   523.223979: sched_wakeup: comm=avahi-daemon pid=684 prio=120 target_cpu=000
          <idle>-0     [000] d...   523.223994: sched_switch: prev_comm=swapper/0 prev_pid=0 prev_prio=120 prev_state=R ==> next_comm=avahi-daemon next_pid=684 next_prio=120
    avahi-daemon-684   [000] d...   523.224054: sched_switch: prev_comm=avahi-daemon prev_pid=684 prev_prio=120 prev_state=S ==> next_comm=swapper/0 next_pid=0 next_prio=120
          <idle>-0     [000] dNh.   523.224559: sched_wakeup: comm=systemd pid=1 prio=120 target_cpu=000
          <idle>-0     [000] dNh.   523.224566: sched_wakeup: comm=InputThread pid=1545 prio=120 target_cpu=000
          <idle>-0     [000] d...   523.224580: sched_switch: prev_comm=swapper/0 prev_pid=0 prev_prio=120 prev_state=R ==> next_comm=systemd next_pid=1 next_prio=120
         systemd-1     [000] d...   523.224587: sched_switch: prev_comm=systemd prev_pid=1 prev_prio=120 prev_state=S ==> next_comm=InputThread next_pid=1545 next_prio=120
     InputThread-1545  [000] d...   523.224683: sched_wakeup: comm=Xorg pid=1541 prio=120 target_cpu=000
     InputThread-1545  [000] d...   523.224688: sched_switch: prev_comm=InputThread prev_pid=1545 prev_prio=120 prev_state=S ==> next_comm=Xorg next_pid=1541 next_prio=120
            Xorg-1541  [000] d...   523.224721: sched_wakeup: comm=gnome-shell pid=1725 prio=120 target_cpu=000
            Xorg-1541  [000] d...   523.224738: sched_switch: prev_comm=Xorg prev_pid=1541 prev_prio=120 prev_state=S ==> next_comm=gnome-shell next_pid=1725 next_prio=120
     gnome-shell-1725  [000] dN..   523.224838: sched_wakeup: comm=Xorg pid=1541 prio=120 target_cpu=000
     gnome-shell-1725  [000] d...   523.224840: sched_switch: prev_comm=gnome-shell prev_pid=1725 prev_prio=120 prev_state=R ==> next_comm=Xorg next_pid=1541 next_prio=120
            Xorg-1541  [000] d...   523.224857: sched_switch: prev_comm=Xorg prev_pid=1541 prev_prio=120 prev_state=S ==> next_comm=gnome-shell next_pid=1725 next_prio=120
     gnome-shell-1725  [000] d...   523.224899: sched_switch: prev_comm=gnome-shell prev_pid=1725 prev_prio=120 prev_state=S ==> next_comm=swapper/0 next_pid=0 next_prio=120
          <idle>-0     [000] dNh.   523.225050: sched_wakeup: comm=avahi-daemon pid=684 prio=120 target_cpu=000
          <idle>-0     [000] d...   523.225057: sched_switch: prev_comm=swapper/0 prev_pid=0 prev_prio=120 prev_state=R ==> next_comm=avahi-daemon next_pid=684 next_prio=120
    avahi-daemon-684   [000] d...   523.225243: sched_switch: prev_comm=avahi-daemon prev_pid=684 prev_prio=120 prev_state=S ==> next_comm=swapper/0 next_pid=0 next_prio=120
          <idle>-0     [000] dNs.   523.225331: sched_wakeup: comm=rcu_sched pid=11 prio=120 target_cpu=000
          <idle>-0     [000] d...   523.225332: sched_switch: prev_comm=swapper/0 prev_pid=0 prev_prio=120 prev_state=R ==> next_comm=rcu_sched next_pid=11 next_prio=120
       rcu_sched-11    [000] d...   523.225337: sched_switch: prev_comm=rcu_sched prev_pid=11 prev_prio=120 prev_state=I ==> next_comm=swapper/0 next_pid=0 next_prio=120
          <idle>-0     [000] dNh.   523.225903: sched_wakeup: comm=Xorg pid=1541 prio=120 target_cpu=000
          <idle>-0     [000] d...   523.225907: sched_switch: prev_comm=swapper/0 prev_pid=0 prev_prio=120 prev_state=R ==> next_comm=Xorg next_pid=1541 next_prio=120
            Xorg-1541  [000] d...   523.225925: sched_switch: prev_comm=Xorg prev_pid=1541 prev_prio=120 prev_state=S ==> next_comm=swapper/0 next_pid=0 next_prio=120
          <idle>-0     [000] dNh.   523.227009: sched_wakeup: comm=Xorg pid=1541 prio=120 target_cpu=000
          <idle>-0     [000] d...   523.227017: sched_switch: prev_comm=swapper/0 prev_pid=0 prev_prio=120 prev_state=R ==> next_comm=Xorg next_pid=1541 next_prio=120
            Xorg-1541  [000] d...   523.227041: sched_switch: prev_comm=Xorg prev_pid=1541 prev_prio=120 prev_state=S ==> next_comm=swapper/0 next_pid=0 next_prio=120
          <idle>-0     [000] dNh.   523.229561: sched_wakeup: comm=dndX11 pid=1677 prio=120 target_cpu=000
          <idle>-0     [000] dNh.   523.229565: sched_wakeup: comm=gnome-shell pid=1725 prio=120 target_cpu=000
          <idle>-0     [000] dNs.   523.229579: sched_wakeup: comm=rcu_sched pid=11 prio=120 target_cpu=000
          <idle>-0     [000] d...   523.229582: sched_switch: prev_comm=swapper/0 prev_pid=0 prev_prio=120 prev_state=R ==> next_comm=dndX11 next_pid=1677 next_prio=120
          dndX11-1677  [000] d...   523.229609: sched_switch: prev_comm=dndX11 prev_pid=1677 prev_prio=120 prev_state=S ==> next_comm=rcu_sched next_pid=11 next_prio=120
       rcu_sched-11    [000] d...   523.229614: sched_switch: prev_comm=rcu_sched prev_pid=11 prev_prio=120 prev_state=I ==> next_comm=gnome-shell next_pid=1725 next_prio=120
     gnome-shell-1725  [000] d...   523.230591: sched_switch: prev_comm=gnome-shell prev_pid=1725 prev_prio=120 prev_state=S ==> next_comm=swapper/0 next_pid=0 next_prio=120
          <idle>-0     [000] dNs.   523.233442: sched_wakeup: comm=rcu_sched pid=11 prio=120 target_cpu=000
          <idle>-0     [000] d...   523.233451: sched_switch: prev_comm=swapper/0 prev_pid=0 prev_prio=120 prev_state=R ==> next_comm=rcu_sched next_pid=11 next_prio=120
       rcu_sched-11    [000] d...   523.233462: sched_switch: prev_comm=rcu_sched prev_pid=11 prev_prio=120 prev_state=I ==> next_comm=swapper/0 next_pid=0 next_prio=120
          <idle>-0     [000] dNh.   523.240629: sched_wakeup: comm=timesync pid=1505 prio=120 target_cpu=000
          <idle>-0     [000] d...   523.240644: sched_switch: prev_comm=swapper/0 prev_pid=0 prev_prio=120 prev_state=R ==> next_comm=timesync next_pid=1505 next_prio=120
        timesync-1505  [000] d...   523.240715: sched_switch: prev_comm=timesync prev_pid=1505 prev_prio=120 prev_state=S ==> next_comm=swapper/0 next_pid=0 next_prio=120
          <idle>-0     [000] dNs.   523.249442: sched_wakeup: comm=kworker/0:4 pid=285 prio=120 target_cpu=000
          <idle>-0     [000] d...   523.249454: sched_switch: prev_comm=swapper/0 prev_pid=0 prev_prio=120 prev_state=R ==> next_comm=kworker/0:4 next_pid=285 next_prio=120
     kworker/0:4-285   [000] d...   523.249469: sched_switch: prev_comm=kworker/0:4 prev_pid=285 prev_prio=120 prev_state=I ==> next_comm=swapper/0 next_pid=0 next_prio=120
          <idle>-0     [000] dNh.   523.255006: sched_wakeup: comm=dndX11 pid=1677 prio=120 target_cpu=000
          <idle>-0     [000] d...   523.255024: sched_switch: prev_comm=swapper/0 prev_pid=0 prev_prio=120 prev_state=R ==> next_comm=dndX11 next_pid=1677 next_prio=120
          dndX11-1677  [000] d...   523.255093: sched_switch: prev_comm=dndX11 prev_pid=1677 prev_prio=120 prev_state=S ==> next_comm=swapper/0 next_pid=0 next_prio=120
          <idle>-0     [000] dNh.   523.267530: sched_wakeup: comm=memballoon pid=1508 prio=120 target_cpu=000
          <idle>-0     [000] d...   523.267545: sched_switch: prev_comm=swapper/0 prev_pid=0 prev_prio=120 prev_state=R ==> next_comm=memballoon next_pid=1508 next_prio=120
      memballoon-1508  [000] d...   523.267582: sched_switch: prev_comm=memballoon prev_pid=1508 prev_prio=120 prev_state=S ==> next_comm=swapper/0 next_pid=0 next_prio=120
          <idle>-0     [000] dNh.   523.270619: sched_wakeup: comm=systemd pid=1 prio=120 target_cpu=000
          <idle>-0     [000] dNh.   523.270627: sched_wakeup: comm=InputThread pid=1545 prio=120 target_cpu=000
          <idle>-0     [000] d...   523.270646: sched_switch: prev_comm=swapper/0 prev_pid=0 prev_prio=120 prev_state=R ==> next_comm=systemd next_pid=1 next_prio=120
         systemd-1     [000] d...   523.270654: sched_switch: prev_comm=systemd prev_pid=1 prev_prio=120 prev_state=S ==> next_comm=InputThread next_pid=1545 next_prio=120
     InputThread-1545  [000] d...   523.270761: sched_wakeup: comm=Xorg pid=1541 prio=120 target_cpu=000
     InputThread-1545  [000] d...   523.270767: sched_switch: prev_comm=InputThread prev_pid=1545 prev_prio=120 prev_state=S ==> next_comm=Xorg next_pid=1541 next_prio=120
            Xorg-1541  [000] d...   523.270803: sched_wakeup: comm=gnome-shell pid=1725 prio=120 target_cpu=000
            Xorg-1541  [000] d...   523.270822: sched_switch: prev_comm=Xorg prev_pid=1541 prev_prio=120 prev_state=S ==> next_comm=gnome-shell next_pid=1725 next_prio=120
     gnome-shell-1725  [000] dN..   523.270989: sched_wakeup: comm=Xorg pid=1541 prio=120 target_cpu=000
     gnome-shell-1725  [000] d...   523.270992: sched_switch: prev_comm=gnome-shell prev_pid=1725 prev_prio=120 prev_state=R ==> next_comm=Xorg next_pid=1541 next_prio=120
            Xorg-1541  [000] d...   523.271024: sched_switch: prev_comm=Xorg prev_pid=1541 prev_prio=120 prev_state=S ==> next_comm=gnome-shell next_pid=1725 next_prio=120
     gnome-shell-1725  [000] d...   523.272106: sched_switch: prev_comm=gnome-shell prev_pid=1725 prev_prio=120 prev_state=S ==> next_comm=swapper/0 next_pid=0 next_prio=120
          <idle>-0     [000] dNh.   523.272139: sched_wakeup: comm=Xorg pid=1541 prio=120 target_cpu=000
          <idle>-0     [000] d...   523.272146: sched_switch: prev_comm=swapper/0 prev_pid=0 prev_prio=120 prev_state=R ==> next_comm=Xorg next_pid=1541 next_prio=120
            Xorg-1541  [000] d...   523.272157: sched_switch: prev_comm=Xorg prev_pid=1541 prev_prio=120 prev_state=S ==> next_comm=swapper/0 next_pid=0 next_prio=120
          <idle>-0     [000] dNh.   523.278458: sched_wakeup: comm=systemd pid=1 prio=120 target_cpu=000
          <idle>-0     [000] dNh.   523.278466: sched_wakeup: comm=InputThread pid=1545 prio=120 target_cpu=000
          <idle>-0     [000] d...   523.278504: sched_switch: prev_comm=swapper/0 prev_pid=0 prev_prio=120 prev_state=R ==> next_comm=systemd next_pid=1 next_prio=120
         systemd-1     [000] d...   523.278512: sched_switch: prev_comm=systemd prev_pid=1 prev_prio=120 prev_state=S ==> next_comm=InputThread next_pid=1545 next_prio=120
     InputThread-1545  [000] d...   523.278602: sched_wakeup: comm=Xorg pid=1541 prio=120 target_cpu=000
     InputThread-1545  [000] d...   523.278607: sched_switch: prev_comm=InputThread prev_pid=1545 prev_prio=120 prev_state=S ==> next_comm=Xorg next_pid=1541 next_prio=120
            Xorg-1541  [000] d...   523.278638: sched_wakeup: comm=gnome-shell pid=1725 prio=120 target_cpu=000
            Xorg-1541  [000] d...   523.278657: sched_switch: prev_comm=Xorg prev_pid=1541 prev_prio=120 prev_state=S ==> next_comm=gnome-shell next_pid=1725 next_prio=120
     gnome-shell-1725  [000] dN..   523.278789: sched_wakeup: comm=Xorg pid=1541 prio=120 target_cpu=000
     gnome-shell-1725  [000] d...   523.278791: sched_switch: prev_comm=gnome-shell prev_pid=1725 prev_prio=120 prev_state=R ==> next_comm=Xorg next_pid=1541 next_prio=120
            Xorg-1541  [000] d...   523.278814: sched_switch: prev_comm=Xorg prev_pid=1541 prev_prio=120 prev_state=S ==> next_comm=gnome-shell next_pid=1725 next_prio=120
     gnome-shell-1725  [000] d...   523.278859: sched_switch: prev_comm=gnome-shell prev_pid=1725 prev_prio=120 prev_state=S ==> next_comm=swapper/0 next_pid=0 next_prio=120
          <idle>-0     [000] dNh.   523.280817: sched_wakeup: comm=Xorg pid=1541 prio=120 target_cpu=000
          <idle>-0     [000] dNh.   523.280820: sched_wakeup: comm=dndX11 pid=1677 prio=120 target_cpu=000
          <idle>-0     [000] d...   523.280832: sched_switch: prev_comm=swapper/0 prev_pid=0 prev_prio=120 prev_state=R ==> next_comm=dndX11 next_pid=1677 next_prio=120
          dndX11-1677  [000] d...   523.280859: sched_switch: prev_comm=dndX11 prev_pid=1677 prev_prio=120 prev_state=S ==> next_comm=Xorg next_pid=1541 next_prio=120
            Xorg-1541  [000] d...   523.280883: sched_switch: prev_comm=Xorg prev_pid=1541 prev_prio=120 prev_state=S ==> next_comm=swapper/0 next_pid=0 next_prio=120
          <idle>-0     [000] dNh.   523.286572: sched_wakeup: comm=systemd pid=1 prio=120 target_cpu=000
          <idle>-0     [000] dNh.   523.286579: sched_wakeup: comm=InputThread pid=1545 prio=120 target_cpu=000
          <idle>-0     [000] d...   523.286595: sched_switch: prev_comm=swapper/0 prev_pid=0 prev_prio=120 prev_state=R ==> next_comm=systemd next_pid=1 next_prio=120
         systemd-1     [000] d...   523.286603: sched_switch: prev_comm=systemd prev_pid=1 prev_prio=120 prev_state=S ==> next_comm=InputThread next_pid=1545 next_prio=120
     InputThread-1545  [000] d...   523.286697: sched_wakeup: comm=Xorg pid=1541 prio=120 target_cpu=000
     InputThread-1545  [000] d...   523.286703: sched_switch: prev_comm=InputThread prev_pid=1545 prev_prio=120 prev_state=S ==> next_comm=Xorg next_pid=1541 next_prio=120
            Xorg-1541  [000] d...   523.286738: sched_wakeup: comm=gnome-shell pid=1725 prio=120 target_cpu=000
            Xorg-1541  [000] d...   523.286751: sched_switch: prev_comm=Xorg prev_pid=1541 prev_prio=120 prev_state=S ==> next_comm=gnome-shell next_pid=1725 next_prio=120
     gnome-shell-1725  [000] dN..   523.286855: sched_wakeup: comm=Xorg pid=1541 prio=120 target_cpu=000
     gnome-shell-1725  [000] d...   523.286857: sched_switch: prev_comm=gnome-shell prev_pid=1725 prev_prio=120 prev_state=R ==> next_comm=Xorg next_pid=1541 next_prio=120
            Xorg-1541  [000] d...   523.286879: sched_switch: prev_comm=Xorg prev_pid=1541 prev_prio=120 prev_state=S ==> next_comm=gnome-shell next_pid=1725 next_prio=120
     gnome-shell-1725  [000] d...   523.287783: sched_switch: prev_comm=gnome-shell prev_pid=1725 prev_prio=120 prev_state=S ==> next_comm=swapper/0 next_pid=0 next_prio=120
          <idle>-0     [000] dNh.   523.287944: sched_wakeup: comm=Xorg pid=1541 prio=120 target_cpu=000
          <idle>-0     [000] d...   523.287951: sched_switch: prev_comm=swapper/0 prev_pid=0 prev_prio=120 prev_state=R ==> next_comm=Xorg next_pid=1541 next_prio=120
            Xorg-1541  [000] d...   523.287963: sched_switch: prev_comm=Xorg prev_pid=1541 prev_prio=120 prev_state=S ==> next_comm=swapper/0 next_pid=0 next_prio=120
          <idle>-0     [000] dNh.   523.294471: sched_wakeup: comm=systemd pid=1 prio=120 target_cpu=000
          <idle>-0     [000] dNh.   523.294479: sched_wakeup: comm=InputThread pid=1545 prio=120 target_cpu=000
          <idle>-0     [000] d...   523.294496: sched_switch: prev_comm=swapper/0 prev_pid=0 prev_prio=120 prev_state=R ==> next_comm=systemd next_pid=1 next_prio=120
         systemd-1     [000] d...   523.294503: sched_switch: prev_comm=systemd prev_pid=1 prev_prio=120 prev_state=S ==> next_comm=InputThread next_pid=1545 next_prio=120
     InputThread-1545  [000] d...   523.294591: sched_wakeup: comm=Xorg pid=1541 prio=120 target_cpu=000
     InputThread-1545  [000] d...   523.294596: sched_switch: prev_comm=InputThread prev_pid=1545 prev_prio=120 prev_state=S ==> next_comm=Xorg next_pid=1541 next_prio=120
            Xorg-1541  [000] d...   523.294627: sched_wakeup: comm=gnome-shell pid=1725 prio=120 target_cpu=000
            Xorg-1541  [000] d...   523.294645: sched_switch: prev_comm=Xorg prev_pid=1541 prev_prio=120 prev_state=S ==> next_comm=gnome-shell next_pid=1725 next_prio=120
     gnome-shell-1725  [000] dN..   523.294742: sched_wakeup: comm=Xorg pid=1541 prio=120 target_cpu=000
     gnome-shell-1725  [000] d...   523.294744: sched_switch: prev_comm=gnome-shell prev_pid=1725 prev_prio=120 prev_state=R ==> next_comm=Xorg next_pid=1541 next_prio=120
            Xorg-1541  [000] d...   523.294766: sched_switch: prev_comm=Xorg prev_pid=1541 prev_prio=120 prev_state=S ==> next_comm=gnome-shell next_pid=1725 next_prio=120
     gnome-shell-1725  [000] d...   523.294812: sched_switch: prev_comm=gnome-shell prev_pid=1725 prev_prio=120 prev_state=S ==> next_comm=swapper/0 next_pid=0 next_prio=120
          <idle>-0     [000] dNh.   523.296380: sched_wakeup: comm=Xorg pid=1541 prio=120 target_cpu=000
          <idle>-0     [000] d...   523.296394: sched_switch: prev_comm=swapper/0 prev_pid=0 prev_prio=120 prev_state=R ==> next_comm=Xorg next_pid=1541 next_prio=120
            Xorg-1541  [000] d...   523.296420: sched_switch: prev_comm=Xorg prev_pid=1541 prev_prio=120 prev_state=S ==> next_comm=swapper/0 next_pid=0 next_prio=120
          <idle>-0     [000] dNh.   523.303428: sched_wakeup: comm=gnome-shell pid=1725 prio=120 target_cpu=000
          <idle>-0     [000] d...   523.303445: sched_switch: prev_comm=swapper/0 prev_pid=0 prev_prio=120 prev_state=R ==> next_comm=gnome-shell next_pid=1725 next_prio=120
     gnome-shell-1725  [000] d...   523.304511: sched_switch: prev_comm=gnome-shell prev_pid=1725 prev_prio=120 prev_state=S ==> next_comm=swapper/0 next_pid=0 next_prio=120
          <idle>-0     [000] dNh.   523.306381: sched_wakeup: comm=dndX11 pid=1677 prio=120 target_cpu=000
          <idle>-0     [000] d...   523.306395: sched_switch: prev_comm=swapper/0 prev_pid=0 prev_prio=120 prev_state=R ==> next_comm=dndX11 next_pid=1677 next_prio=120
          dndX11-1677  [000] d...   523.306424: sched_switch: prev_comm=dndX11 prev_pid=1677 prev_prio=120 prev_state=S ==> next_comm=swapper/0 next_pid=0 next_prio=120
          <idle>-0     [000] dNh.   523.310686: sched_wakeup: comm=systemd pid=1 prio=120 target_cpu=000
          <idle>-0     [000] dNh.   523.310693: sched_wakeup: comm=InputThread pid=1545 prio=120 target_cpu=000
          <idle>-0     [000] d...   523.310713: sched_switch: prev_comm=swapper/0 prev_pid=0 prev_prio=120 prev_state=R ==> next_comm=systemd next_pid=1 next_prio=120
         systemd-1     [000] d...   523.310721: sched_switch: prev_comm=systemd prev_pid=1 prev_prio=120 prev_state=S ==> next_comm=InputThread next_pid=1545 next_prio=120
     InputThread-1545  [000] d...   523.310815: sched_wakeup: comm=Xorg pid=1541 prio=120 target_cpu=000
     InputThread-1545  [000] d...   523.310821: sched_switch: prev_comm=InputThread prev_pid=1545 prev_prio=120 prev_state=S ==> next_comm=Xorg next_pid=1541 next_prio=120
            Xorg-1541  [000] d...   523.310853: sched_wakeup: comm=gnome-shell pid=1725 prio=120 target_cpu=000
            Xorg-1541  [000] d...   523.310870: sched_switch: prev_comm=Xorg prev_pid=1541 prev_prio=120 prev_state=S ==> next_comm=gnome-shell next_pid=1725 next_prio=120
     gnome-shell-1725  [000] dN..   523.310968: sched_wakeup: comm=Xorg pid=1541 prio=120 target_cpu=000
     gnome-shell-1725  [000] d...   523.310970: sched_switch: prev_comm=gnome-shell prev_pid=1725 prev_prio=120 prev_state=R ==> next_comm=Xorg next_pid=1541 next_prio=120
            Xorg-1541  [000] d...   523.310992: sched_switch: prev_comm=Xorg prev_pid=1541 prev_prio=120 prev_state=S ==> next_comm=gnome-shell next_pid=1725 next_prio=120
     gnome-shell-1725  [000] d...   523.311038: sched_switch: prev_comm=gnome-shell prev_pid=1725 prev_prio=120 prev_state=S ==> next_comm=swapper/0 next_pid=0 next_prio=120
          <idle>-0     [000] dNh.   523.312004: sched_wakeup: comm=Xorg pid=1541 prio=120 target_cpu=000
          <idle>-0     [000] d...   523.312009: sched_switch: prev_comm=swapper/0 prev_pid=0 prev_prio=120 prev_state=R ==> next_comm=Xorg next_pid=1541 next_prio=120
            Xorg-1541  [000] d...   523.312019: sched_switch: prev_comm=Xorg prev_pid=1541 prev_prio=120 prev_state=S ==> next_comm=swapper/0 next_pid=0 next_prio=120
          <idle>-0     [000] dNs.   523.313293: sched_wakeup: comm=kworker/0:4 pid=285 prio=120 target_cpu=000
          <idle>-0     [000] d...   523.313298: sched_switch: prev_comm=swapper/0 prev_pid=0 prev_prio=120 prev_state=R ==> next_comm=kworker/0:4 next_pid=285 next_prio=120
     kworker/0:4-285   [000] d...   523.313311: sched_switch: prev_comm=kworker/0:4 prev_pid=285 prev_prio=120 prev_state=I ==> next_comm=swapper/0 next_pid=0 next_prio=120
          <idle>-0     [000] dNh.   523.320202: sched_wakeup: comm=gnome-shell pid=1725 prio=120 target_cpu=000
          <idle>-0     [000] d...   523.320217: sched_switch: prev_comm=swapper/0 prev_pid=0 prev_prio=120 prev_state=R ==> next_comm=gnome-shell next_pid=1725 next_prio=120
     gnome-shell-1725  [000] d...   523.321207: sched_switch: prev_comm=gnome-shell prev_pid=1725 prev_prio=120 prev_state=S ==> next_comm=swapper/0 next_pid=0 next_prio=120
          <idle>-0     [000] dNh.   523.325270: sched_wakeup: comm=avahi-daemon pid=684 prio=120 target_cpu=000
          <idle>-0     [000] d...   523.325284: sched_switch: prev_comm=swapper/0 prev_pid=0 prev_prio=120 prev_state=R ==> next_comm=avahi-daemon next_pid=684 next_prio=120
    avahi-daemon-684   [000] d...   523.325339: sched_switch: prev_comm=avahi-daemon prev_pid=684 prev_prio=120 prev_state=S ==> next_comm=swapper/0 next_pid=0 next_prio=120
          <idle>-0     [000] dNh.   523.332270: sched_wakeup: comm=dndX11 pid=1677 prio=120 target_cpu=000
          <idle>-0     [000] d...   523.332282: sched_switch: prev_comm=swapper/0 prev_pid=0 prev_prio=120 prev_state=R ==> next_comm=dndX11 next_pid=1677 next_prio=120
          dndX11-1677  [000] d...   523.332311: sched_switch: prev_comm=dndX11 prev_pid=1677 prev_prio=120 prev_state=S ==> next_comm=swapper/0 next_pid=0 next_prio=120
          <idle>-0     [000] dNh.   523.336626: sched_wakeup: comm=systemd pid=1 prio=120 target_cpu=000
          <idle>-0     [000] dNh.   523.336637: sched_wakeup: comm=InputThread pid=1545 prio=120 target_cpu=000
          <idle>-0     [000] d...   523.336669: sched_switch: prev_comm=swapper/0 prev_pid=0 prev_prio=120 prev_state=R ==> next_comm=systemd next_pid=1 next_prio=120
         systemd-1     [000] d...   523.336681: sched_switch: prev_comm=systemd prev_pid=1 prev_prio=120 prev_state=S ==> next_comm=InputThread next_pid=1545 next_prio=120
     InputThread-1545  [000] dNh.   523.336879: sched_wakeup: comm=systemd pid=1 prio=120 target_cpu=000
     InputThread-1545  [000] d...   523.336891: sched_switch: prev_comm=InputThread prev_pid=1545 prev_prio=120 prev_state=R+ ==> next_comm=systemd next_pid=1 next_prio=120
         systemd-1     [000] d...   523.336895: sched_switch: prev_comm=systemd prev_pid=1 prev_prio=120 prev_state=S ==> next_comm=InputThread next_pid=1545 next_prio=120
     InputThread-1545  [000] d...   523.336925: sched_wakeup: comm=Xorg pid=1541 prio=120 target_cpu=000
     InputThread-1545  [000] d...   523.336962: sched_switch: prev_comm=InputThread prev_pid=1545 prev_prio=120 prev_state=S ==> next_comm=Xorg next_pid=1541 next_prio=120
            Xorg-1541  [000] d...   523.337000: sched_wakeup: comm=gnome-shell pid=1725 prio=120 target_cpu=000
            Xorg-1541  [000] d...   523.337017: sched_wakeup: comm=update-manager pid=2614 prio=130 target_cpu=000
            Xorg-1541  [000] d...   523.337023: sched_wakeup: comm=gnome-software pid=2542 prio=120 target_cpu=000
            Xorg-1541  [000] d...   523.337029: sched_wakeup: comm=update-notifier pid=2544 prio=120 target_cpu=000
            Xorg-1541  [000] dN..   523.337037: sched_wakeup: comm=gnome-terminal- pid=2173 prio=120 target_cpu=000
            Xorg-1541  [000] d...   523.337039: sched_switch: prev_comm=Xorg prev_pid=1541 prev_prio=120 prev_state=R ==> next_comm=gnome-terminal- next_pid=2173 next_prio=120
 gnome-terminal--2173  [000] d...   523.337137: sched_switch: prev_comm=gnome-terminal- prev_pid=2173 prev_prio=120 prev_state=S ==> next_comm=update-manager next_pid=2614 next_prio=130
  update-manager-2614  [000] d...   523.337202: sched_switch: prev_comm=update-manager prev_pid=2614 prev_prio=130 prev_state=S ==> next_comm=gnome-software next_pid=2542 next_prio=120
  gnome-software-2542  [000] d...   523.337275: sched_switch: prev_comm=gnome-software prev_pid=2542 prev_prio=120 prev_state=S ==> next_comm=update-notifier next_pid=2544 next_prio=120
 update-notifier-2544  [000] d...   523.337337: sched_switch: prev_comm=update-notifier prev_pid=2544 prev_prio=120 prev_state=S ==> next_comm=Xorg next_pid=1541 next_prio=120
            Xorg-1541  [000] d...   523.337349: sched_wakeup: comm=nautilus-deskto pid=1953 prio=120 target_cpu=000
            Xorg-1541  [000] d...   523.337355: sched_wakeup: comm=gsd-color pid=1879 prio=120 target_cpu=000
            Xorg-1541  [000] d...   523.337394: sched_wakeup: comm=gsd-media-keys pid=1887 prio=120 target_cpu=000
            Xorg-1541  [000] d...   523.337400: sched_wakeup: comm=gsd-keyboard pid=1890 prio=120 target_cpu=000
            Xorg-1541  [000] d...   523.337405: sched_wakeup: comm=gsd-clipboard pid=1880 prio=120 target_cpu=000
            Xorg-1541  [000] d...   523.337410: sched_wakeup: comm=gsd-wacom pid=1865 prio=120 target_cpu=000
            Xorg-1541  [000] d...   523.337415: sched_wakeup: comm=gsd-xsettings pid=1860 prio=120 target_cpu=000
            Xorg-1541  [000] d...   523.337419: sched_wakeup: comm=gsd-power pid=1838 prio=120 target_cpu=000
            Xorg-1541  [000] d...   523.337426: sched_wakeup: comm=ibus-x11 pid=1763 prio=120 target_cpu=000
            Xorg-1541  [000] dN..   523.337720: sched_wakeup: comm=at-spi2-registr pid=1709 prio=120 target_cpu=000
            Xorg-1541  [000] d...   523.337723: sched_switch: prev_comm=Xorg prev_pid=1541 prev_prio=120 prev_state=R ==> next_comm=at-spi2-registr next_pid=1709 next_prio=120
 at-spi2-registr-1709  [000] d...   523.337756: sched_switch: prev_comm=at-spi2-registr prev_pid=1709 prev_prio=120 prev_state=S ==> next_comm=nautilus-deskto next_pid=1953 next_prio=120
 nautilus-deskto-1953  [000] d...   523.337810: sched_switch: prev_comm=nautilus-deskto prev_pid=1953 prev_prio=120 prev_state=S ==> next_comm=gsd-color next_pid=1879 next_prio=120
       gsd-color-1879  [000] d...   523.337864: sched_switch: prev_comm=gsd-color prev_pid=1879 prev_prio=120 prev_state=S ==> next_comm=gsd-media-keys next_pid=1887 next_prio=120
  gsd-media-keys-1887  [000] d...   523.337911: sched_switch: prev_comm=gsd-media-keys prev_pid=1887 prev_prio=120 prev_state=S ==> next_comm=gsd-keyboard next_pid=1890 next_prio=120
    gsd-keyboard-1890  [000] d...   523.337959: sched_switch: prev_comm=gsd-keyboard prev_pid=1890 prev_prio=120 prev_state=S ==> next_comm=gsd-clipboard next_pid=1880 next_prio=120
   gsd-clipboard-1880  [000] d...   523.338005: sched_switch: prev_comm=gsd-clipboard prev_pid=1880 prev_prio=120 prev_state=S ==> next_comm=gsd-wacom next_pid=1865 next_prio=120
       gsd-wacom-1865  [000] d...   523.338051: sched_switch: prev_comm=gsd-wacom prev_pid=1865 prev_prio=120 prev_state=S ==> next_comm=gsd-xsettings next_pid=1860 next_prio=120
   gsd-xsettings-1860  [000] d...   523.338112: sched_switch: prev_comm=gsd-xsettings prev_pid=1860 prev_prio=120 prev_state=S ==> next_comm=gsd-power next_pid=1838 next_prio=120
       gsd-power-1838  [000] d...   523.338164: sched_switch: prev_comm=gsd-power prev_pid=1838 prev_prio=120 prev_state=S ==> next_comm=ibus-x11 next_pid=1763 next_prio=120
        ibus-x11-1763  [000] d...   523.338206: sched_switch: prev_comm=ibus-x11 prev_pid=1763 prev_prio=120 prev_state=S ==> next_comm=Xorg next_pid=1541 next_prio=120
            Xorg-1541  [000] dN..   523.338238: sched_wakeup: comm=at-spi2-registr pid=1709 prio=120 target_cpu=000
            Xorg-1541  [000] d...   523.338239: sched_switch: prev_comm=Xorg prev_pid=1541 prev_prio=120 prev_state=R ==> next_comm=at-spi2-registr next_pid=1709 next_prio=120
 at-spi2-registr-1709  [000] d...   523.338255: sched_switch: prev_comm=at-spi2-registr prev_pid=1709 prev_prio=120 prev_state=S ==> next_comm=Xorg next_pid=1541 next_prio=120
            Xorg-1541  [000] dN..   523.338260: sched_wakeup: comm=at-spi2-registr pid=1709 prio=120 target_cpu=000
            Xorg-1541  [000] d...   523.338261: sched_switch: prev_comm=Xorg prev_pid=1541 prev_prio=120 prev_state=R ==> next_comm=at-spi2-registr next_pid=1709 next_prio=120
 at-spi2-registr-1709  [000] dN..   523.338322: sched_wakeup: comm=dbus-daemon pid=1706 prio=120 target_cpu=000
 at-spi2-registr-1709  [000] d...   523.338323: sched_switch: prev_comm=at-spi2-registr prev_pid=1709 prev_prio=120 prev_state=R ==> next_comm=dbus-daemon next_pid=1706 next_prio=120
     dbus-daemon-1706  [000] d...   523.338367: sched_switch: prev_comm=dbus-daemon prev_pid=1706 prev_prio=120 prev_state=S ==> next_comm=at-spi2-registr next_pid=1709 next_prio=120
 at-spi2-registr-1709  [000] dN..   523.338409: sched_wakeup: comm=dbus-daemon pid=1706 prio=120 target_cpu=000
 at-spi2-registr-1709  [000] d...   523.338410: sched_switch: prev_comm=at-spi2-registr prev_pid=1709 prev_prio=120 prev_state=R ==> next_comm=dbus-daemon next_pid=1706 next_prio=120
     dbus-daemon-1706  [000] d...   523.338431: sched_switch: prev_comm=dbus-daemon prev_pid=1706 prev_prio=120 prev_state=S ==> next_comm=at-spi2-registr next_pid=1709 next_prio=120
 at-spi2-registr-1709  [000] dN..   523.338472: sched_wakeup: comm=dbus-daemon pid=1706 prio=120 target_cpu=000
 at-spi2-registr-1709  [000] d...   523.338472: sched_switch: prev_comm=at-spi2-registr prev_pid=1709 prev_prio=120 prev_state=R ==> next_comm=dbus-daemon next_pid=1706 next_prio=120
     dbus-daemon-1706  [000] d...   523.338493: sched_switch: prev_comm=dbus-daemon prev_pid=1706 prev_prio=120 prev_state=S ==> next_comm=at-spi2-registr next_pid=1709 next_prio=120
 at-spi2-registr-1709  [000] d...   523.338505: sched_switch: prev_comm=at-spi2-registr prev_pid=1709 prev_prio=120 prev_state=S ==> next_comm=Xorg next_pid=1541 next_prio=120
            Xorg-1541  [000] d...   523.338549: sched_switch: prev_comm=Xorg prev_pid=1541 prev_prio=120 prev_state=S ==> next_comm=gnome-shell next_pid=1725 next_prio=120
     gnome-shell-1725  [000] dN..   523.338689: sched_wakeup: comm=Xorg pid=1541 prio=120 target_cpu=000
     gnome-shell-1725  [000] d...   523.338690: sched_switch: prev_comm=gnome-shell prev_pid=1725 prev_prio=120 prev_state=R ==> next_comm=Xorg next_pid=1541 next_prio=120
            Xorg-1541  [000] d...   523.338723: sched_switch: prev_comm=Xorg prev_pid=1541 prev_prio=120 prev_state=S ==> next_comm=gnome-shell next_pid=1725 next_prio=120
     gnome-shell-1725  [000] dNh.   523.340141: sched_wakeup: comm=Xorg pid=1541 prio=120 target_cpu=000
     gnome-shell-1725  [000] d...   523.340147: sched_switch: prev_comm=gnome-shell prev_pid=1725 prev_prio=120 prev_state=R ==> next_comm=Xorg next_pid=1541 next_prio=120
            Xorg-1541  [000] d...   523.340156: sched_switch: prev_comm=Xorg prev_pid=1541 prev_prio=120 prev_state=S ==> next_comm=gnome-shell next_pid=1725 next_prio=120
     gnome-shell-1725  [000] dN..   523.348048: sched_wakeup: comm=Xorg pid=1541 prio=120 target_cpu=000
     gnome-shell-1725  [000] d...   523.348052: sched_switch: prev_comm=gnome-shell prev_pid=1725 prev_prio=120 prev_state=R ==> next_comm=Xorg next_pid=1541 next_prio=120
            Xorg-1541  [000] d...   523.348209: sched_switch: prev_comm=Xorg prev_pid=1541 prev_prio=120 prev_state=S ==> next_comm=gnome-shell next_pid=1725 next_prio=120
     gnome-shell-1725  [000] dNh.   523.348361: sched_wakeup: comm=irq/18-vmwgfx pid=465 prio=49 target_cpu=000
     gnome-shell-1725  [000] d...   523.348372: sched_switch: prev_comm=gnome-shell prev_pid=1725 prev_prio=120 prev_state=R ==> next_comm=irq/18-vmwgfx next_pid=465 next_prio=49
   irq/18-vmwgfx-465   [000] d...   523.348379: sched_wakeup: comm=kworker/0:4 pid=285 prio=120 target_cpu=000
   irq/18-vmwgfx-465   [000] d...   523.348381: sched_switch: prev_comm=irq/18-vmwgfx prev_pid=465 prev_prio=49 prev_state=S ==> next_comm=kworker/0:4 next_pid=285 next_prio=120
     kworker/0:4-285   [000] d...   523.348389: sched_switch: prev_comm=kworker/0:4 prev_pid=285 prev_prio=120 prev_state=I ==> next_comm=gnome-shell next_pid=1725 next_prio=120
     gnome-shell-1725  [000] d...   523.349063: sched_switch: prev_comm=gnome-shell prev_pid=1725 prev_prio=120 prev_state=S ==> next_comm=swapper/0 next_pid=0 next_prio=120
          <idle>-0     [000] dNs.   523.349269: sched_wakeup: comm=rcu_sched pid=11 prio=120 target_cpu=000
          <idle>-0     [000] d...   523.349270: sched_switch: prev_comm=swapper/0 prev_pid=0 prev_prio=120 prev_state=R ==> next_comm=rcu_sched next_pid=11 next_prio=120
       rcu_sched-11    [000] d...   523.349275: sched_switch: prev_comm=rcu_sched prev_pid=11 prev_prio=120 prev_state=I ==> next_comm=swapper/0 next_pid=0 next_prio=120
          <idle>-0     [000] dNs.   523.353631: sched_wakeup: comm=rcu_sched pid=11 prio=120 target_cpu=000
          <idle>-0     [000] d...   523.353638: sched_switch: prev_comm=swapper/0 prev_pid=0 prev_prio=120 prev_state=R ==> next_comm=rcu_sched next_pid=11 next_prio=120
       rcu_sched-11    [000] d...   523.353654: sched_switch: prev_comm=rcu_sched prev_pid=11 prev_prio=120 prev_state=I ==> next_comm=swapper/0 next_pid=0 next_prio=120
          <idle>-0     [000] dNh.   523.353880: sched_wakeup: comm=vminfo pid=1506 prio=120 target_cpu=000
          <idle>-0     [000] d...   523.353885: sched_switch: prev_comm=swapper/0 prev_pid=0 prev_prio=120 prev_state=R ==> next_comm=vminfo next_pid=1506 next_prio=120
          vminfo-1506  [000] d...   523.353988: sched_wakeup: comm=dbus-daemon pid=633 prio=120 target_cpu=000
          vminfo-1506  [000] d...   523.353998: sched_switch: prev_comm=vminfo prev_pid=1506 prev_prio=120 prev_state=S ==> next_comm=dbus-daemon next_pid=633 next_prio=120
     dbus-daemon-633   [000] d...   523.354231: sched_wakeup: comm=vminfo pid=1506 prio=120 target_cpu=000
     dbus-daemon-633   [000] d...   523.354240: sched_switch: prev_comm=dbus-daemon prev_pid=633 prev_prio=120 prev_state=S ==> next_comm=vminfo next_pid=1506 next_prio=120
          vminfo-1506  [000] d...   523.354387: sched_switch: prev_comm=vminfo prev_pid=1506 prev_prio=120 prev_state=S ==> next_comm=swapper/0 next_pid=0 next_prio=120
          <idle>-0     [000] dNh.   523.354488: sched_wakeup: comm=vminfo pid=1506 prio=120 target_cpu=000
          <idle>-0     [000] d...   523.354498: sched_switch: prev_comm=swapper/0 prev_pid=0 prev_prio=120 prev_state=R ==> next_comm=vminfo next_pid=1506 next_prio=120
          vminfo-1506  [000] d...   523.354531: sched_switch: prev_comm=vminfo prev_pid=1506 prev_prio=120 prev_state=S ==> next_comm=swapper/0 next_pid=0 next_prio=120
          <idle>-0     [000] dNh.   523.354626: sched_wakeup: comm=vminfo pid=1506 prio=120 target_cpu=000
          <idle>-0     [000] d...   523.354633: sched_switch: prev_comm=swapper/0 prev_pid=0 prev_prio=120 prev_state=R ==> next_comm=vminfo next_pid=1506 next_prio=120
          vminfo-1506  [000] d...   523.354666: sched_switch: prev_comm=vminfo prev_pid=1506 prev_prio=120 prev_state=S ==> next_comm=swapper/0 next_pid=0 next_prio=120
          <idle>-0     [000] dNh.   523.357669: sched_wakeup: comm=dndX11 pid=1677 prio=120 target_cpu=000
          <idle>-0     [000] dNs.   523.357680: sched_wakeup: comm=rcu_sched pid=11 prio=120 target_cpu=000
          <idle>-0     [000] d...   523.357684: sched_switch: prev_comm=swapper/0 prev_pid=0 prev_prio=120 prev_state=R ==> next_comm=dndX11 next_pid=1677 next_prio=120
          dndX11-1677  [000] d...   523.357711: sched_switch: prev_comm=dndX11 prev_pid=1677 prev_prio=120 prev_state=S ==> next_comm=rcu_sched next_pid=11 next_prio=120
       rcu_sched-11    [000] d...   523.357722: sched_switch: prev_comm=rcu_sched prev_pid=11 prev_prio=120 prev_state=I ==> next_comm=swapper/0 next_pid=0 next_prio=120
          <idle>-0     [000] dNs.   523.361546: sched_wakeup: comm=rcu_sched pid=11 prio=120 target_cpu=000
          <idle>-0     [000] d...   523.361552: sched_switch: prev_comm=swapper/0 prev_pid=0 prev_prio=120 prev_state=R ==> next_comm=rcu_sched next_pid=11 next_prio=120
       rcu_sched-11    [000] d...   523.361565: sched_switch: prev_comm=rcu_sched prev_pid=11 prev_prio=120 prev_state=I ==> next_comm=swapper/0 next_pid=0 next_prio=120
          <idle>-0     [000] dNh.   523.361885: sched_wakeup: comm=InputThread pid=1545 prio=120 target_cpu=000
          <idle>-0     [000] d...   523.361889: sched_switch: prev_comm=swapper/0 prev_pid=0 prev_prio=120 prev_state=R ==> next_comm=InputThread next_pid=1545 next_prio=120
     InputThread-1545  [000] d...   523.361921: sched_wakeup: comm=Xorg pid=1541 prio=120 target_cpu=000
     InputThread-1545  [000] d...   523.361926: sched_switch: prev_comm=InputThread prev_pid=1545 prev_prio=120 prev_state=S ==> next_comm=Xorg next_pid=1541 next_prio=120
            Xorg-1541  [000] d...   523.361943: sched_switch: prev_comm=Xorg prev_pid=1541 prev_prio=120 prev_state=S ==> next_comm=swapper/0 next_pid=0 next_prio=120
          <idle>-0     [000] dNs.   523.365295: sched_wakeup: comm=rcu_sched pid=11 prio=120 target_cpu=000
          <idle>-0     [000] d...   523.365306: sched_switch: prev_comm=swapper/0 prev_pid=0 prev_prio=120 prev_state=R ==> next_comm=rcu_sched next_pid=11 next_prio=120
       rcu_sched-11    [000] d...   523.365324: sched_switch: prev_comm=rcu_sched prev_pid=11 prev_prio=120 prev_state=I ==> next_comm=swapper/0 next_pid=0 next_prio=120
          <idle>-0     [000] dNs.   523.378104: sched_wakeup: comm=kworker/0:4 pid=285 prio=120 target_cpu=000
          <idle>-0     [000] d...   523.378113: sched_switch: prev_comm=swapper/0 prev_pid=0 prev_prio=120 prev_state=R ==> next_comm=kworker/0:4 next_pid=285 next_prio=120
     kworker/0:4-285   [000] d...   523.378126: sched_switch: prev_comm=kworker/0:4 prev_pid=285 prev_prio=120 prev_state=I ==> next_comm=swapper/0 next_pid=0 next_prio=120
          <idle>-0     [000] dNh.   523.383086: sched_wakeup: comm=dndX11 pid=1677 prio=120 target_cpu=000
          <idle>-0     [000] d...   523.383102: sched_switch: prev_comm=swapper/0 prev_pid=0 prev_prio=120 prev_state=R ==> next_comm=dndX11 next_pid=1677 next_prio=120
          dndX11-1677  [000] d...   523.383135: sched_switch: prev_comm=dndX11 prev_pid=1677 prev_prio=120 prev_state=S ==> next_comm=swapper/0 next_pid=0 next_prio=120
          <idle>-0     [000] dNh.   523.388818: sched_wakeup: comm=systemd pid=1 prio=120 target_cpu=000
          <idle>-0     [000] dNh.   523.388827: sched_wakeup: comm=InputThread pid=1545 prio=120 target_cpu=000
          <idle>-0     [000] d...   523.388837: sched_switch: prev_comm=swapper/0 prev_pid=0 prev_prio=120 prev_state=R ==> next_comm=systemd next_pid=1 next_prio=120
         systemd-1     [000] d...   523.388846: sched_switch: prev_comm=systemd prev_pid=1 prev_prio=120 prev_state=S ==> next_comm=InputThread next_pid=1545 next_prio=120
     InputThread-1545  [000] d...   523.388912: sched_wakeup: comm=Xorg pid=1541 prio=120 target_cpu=000
     InputThread-1545  [000] d...   523.388917: sched_switch: prev_comm=InputThread prev_pid=1545 prev_prio=120 prev_state=S ==> next_comm=Xorg next_pid=1541 next_prio=120
            Xorg-1541  [000] d...   523.388956: sched_wakeup: comm=gnome-shell pid=1725 prio=120 target_cpu=000
            Xorg-1541  [000] dN..   523.388966: sched_wakeup: comm=at-spi2-registr pid=1709 prio=120 target_cpu=000
            Xorg-1541  [000] d...   523.388968: sched_switch: prev_comm=Xorg prev_pid=1541 prev_prio=120 prev_state=R ==> next_comm=at-spi2-registr next_pid=1709 next_prio=120
