# tracer: function
#
# entries-in-buffer/entries-written: 24325/44488   #P:1
#
#                              _-----=> irqs-off
#                             / _----=> need-resched
#                            | / _---=> hardirq/softirq
#                            || / _--=> preempt-depth
#                            ||| /     delay
#           TASK-PID   CPU#  ||||    TIMESTAMP  FUNCTION
#              | |       |   ||||       |         |
     InputThread-1545  [000] d...   523.052679: sched_wakeup: comm=Xorg pid=1541 prio=120 target_cpu=000
     InputThread-1545  [000] d...   523.052684: sched_switch: prev_comm=InputThread prev_pid=1545 prev_prio=120 prev_state=S ==> next_comm=Xorg next_pid=1541 next_prio=120
            Xorg-1541  [000] d...   523.052726: sched_switch: prev_comm=Xorg prev_pid=1541 prev_prio=120 prev_state=S ==> next_comm=gnome-shell next_pid=1725 next_prio=120
     gnome-shell-1725  [000] dN..   523.052818: sched_wakeup: comm=Xorg pid=1541 prio=120 target_cpu=000
     gnome-shell-1725  [000] d...   523.052819: sched_switch: prev_comm=gnome-shell prev_pid=1725 prev_prio=120 prev_state=R ==> next_comm=Xorg next_pid=1541 next_prio=120
            Xorg-1541  [000] d...   523.052836: sched_switch: prev_comm=Xorg prev_pid=1541 prev_prio=120 prev_state=S ==> next_comm=gnome-shell next_pid=1725 next_prio=120
     gnome-shell-1725  [000] dNh.   523.053929: sched_wakeup: comm=Xorg pid=1541 prio=120 target_cpu=000
     gnome-shell-1725  [000] d...   523.053935: sched_switch: prev_comm=gnome-shell prev_pid=1725 prev_prio=120 prev_state=R ==> next_comm=Xorg next_pid=1541 next_prio=120
            Xorg-1541  [000] d...   523.053954: sched_switch: prev_comm=Xorg prev_pid=1541 prev_prio=120 prev_state=S ==> next_comm=gnome-shell next_pid=1725 next_prio=120
     gnome-shell-1725  [000] dNh.   523.054996: sched_wakeup: comm=Xorg pid=1541 prio=120 target_cpu=000
     gnome-shell-1725  [000] d...   523.055007: sched_switch: prev_comm=gnome-shell prev_pid=1725 prev_prio=120 prev_state=R ==> next_comm=Xorg next_pid=1541 next_prio=120
            Xorg-1541  [000] d...   523.055042: sched_switch: prev_comm=Xorg prev_pid=1541 prev_prio=120 prev_state=S ==> next_comm=gnome-shell next_pid=1725 next_prio=120
     gnome-shell-1725  [000] dNs.   523.057846: sched_wakeup: comm=kworker/u2:2 pid=2719 prio=120 target_cpu=000
     gnome-shell-1725  [000] dNs.   523.057848: sched_wakeup: comm=kworker/0:1H pid=214 prio=100 target_cpu=000
     gnome-shell-1725  [000] d...   523.057851: sched_switch: prev_comm=gnome-shell prev_pid=1725 prev_prio=120 prev_state=R ==> next_comm=kworker/u2:2 next_pid=2719 next_prio=120
    kworker/u2:2-2719  [000] d...   523.057860: sched_switch: prev_comm=kworker/u2:2 prev_pid=2719 prev_prio=120 prev_state=I ==> next_comm=kworker/0:1H next_pid=214 next_prio=100
    kworker/0:1H-214   [000] d...   523.057863: sched_switch: prev_comm=kworker/0:1H prev_pid=214 prev_prio=100 prev_state=I ==> next_comm=gnome-shell next_pid=1725 next_prio=120
     gnome-shell-1725  [000] dNh.   523.060265: sched_wakeup: comm=systemd pid=1 prio=120 target_cpu=000
     gnome-shell-1725  [000] dNh.   523.060271: sched_wakeup: comm=InputThread pid=1545 prio=120 target_cpu=000
     gnome-shell-1725  [000] d...   523.060282: sched_switch: prev_comm=gnome-shell prev_pid=1725 prev_prio=120 prev_state=R ==> next_comm=systemd next_pid=1 next_prio=120
         systemd-1     [000] d...   523.060289: sched_switch: prev_comm=systemd prev_pid=1 prev_prio=120 prev_state=S ==> next_comm=InputThread next_pid=1545 next_prio=120
     InputThread-1545  [000] d...   523.060380: sched_wakeup: comm=Xorg pid=1541 prio=120 target_cpu=000
     InputThread-1545  [000] d...   523.060386: sched_switch: prev_comm=InputThread prev_pid=1545 prev_prio=120 prev_state=S ==> next_comm=Xorg next_pid=1541 next_prio=120
            Xorg-1541  [000] d...   523.060428: sched_switch: prev_comm=Xorg prev_pid=1541 prev_prio=120 prev_state=S ==> next_comm=gnome-shell next_pid=1725 next_prio=120
     gnome-shell-1725  [000] dNh.   523.062247: sched_wakeup: comm=Xorg pid=1541 prio=120 target_cpu=000
     gnome-shell-1725  [000] d...   523.062254: sched_switch: prev_comm=gnome-shell prev_pid=1725 prev_prio=120 prev_state=R ==> next_comm=Xorg next_pid=1541 next_prio=120
            Xorg-1541  [000] d...   523.062271: sched_switch: prev_comm=Xorg prev_pid=1541 prev_prio=120 prev_state=S ==> next_comm=gnome-shell next_pid=1725 next_prio=120
     gnome-shell-1725  [000] dN..   523.066191: sched_wakeup: comm=Xorg pid=1541 prio=120 target_cpu=000
     gnome-shell-1725  [000] d...   523.066193: sched_switch: prev_comm=gnome-shell prev_pid=1725 prev_prio=120 prev_state=R ==> next_comm=Xorg next_pid=1541 next_prio=120
            Xorg-1541  [000] d...   523.066429: sched_switch: prev_comm=Xorg prev_pid=1541 prev_prio=120 prev_state=S ==> next_comm=gnome-shell next_pid=1725 next_prio=120
     gnome-shell-1725  [000] dN..   523.066550: sched_wakeup: comm=Xorg pid=1541 prio=120 target_cpu=000
     gnome-shell-1725  [000] d...   523.066551: sched_switch: prev_comm=gnome-shell prev_pid=1725 prev_prio=120 prev_state=R ==> next_comm=Xorg next_pid=1541 next_prio=120
            Xorg-1541  [000] d...   523.066567: sched_switch: prev_comm=Xorg prev_pid=1541 prev_prio=120 prev_state=S ==> next_comm=gnome-shell next_pid=1725 next_prio=120
     gnome-shell-1725  [000] dNh.   523.066619: sched_wakeup: comm=irq/18-vmwgfx pid=465 prio=49 target_cpu=000
     gnome-shell-1725  [000] d...   523.066627: sched_switch: prev_comm=gnome-shell prev_pid=1725 prev_prio=120 prev_state=S ==> next_comm=irq/18-vmwgfx next_pid=465 next_prio=49
   irq/18-vmwgfx-465   [000] d...   523.066633: sched_wakeup: comm=kworker/0:4 pid=285 prio=120 target_cpu=000
   irq/18-vmwgfx-465   [000] d...   523.066635: sched_switch: prev_comm=irq/18-vmwgfx prev_pid=465 prev_prio=49 prev_state=S ==> next_comm=kworker/0:4 next_pid=285 next_prio=120
     kworker/0:4-285   [000] d...   523.066647: sched_switch: prev_comm=kworker/0:4 prev_pid=285 prev_prio=120 prev_state=I ==> next_comm=swapper/0 next_pid=0 next_prio=120
          <idle>-0     [000] dNh.   523.068634: sched_wakeup: comm=systemd pid=1 prio=120 target_cpu=000
          <idle>-0     [000] dNh.   523.068641: sched_wakeup: comm=InputThread pid=1545 prio=120 target_cpu=000
          <idle>-0     [000] d...   523.068652: sched_switch: prev_comm=swapper/0 prev_pid=0 prev_prio=120 prev_state=R ==> next_comm=systemd next_pid=1 next_prio=120
         systemd-1     [000] d...   523.068659: sched_switch: prev_comm=systemd prev_pid=1 prev_prio=120 prev_state=S ==> next_comm=InputThread next_pid=1545 next_prio=120
     InputThread-1545  [000] d...   523.068754: sched_wakeup: comm=Xorg pid=1541 prio=120 target_cpu=000
     InputThread-1545  [000] d...   523.068759: sched_switch: prev_comm=InputThread prev_pid=1545 prev_prio=120 prev_state=S ==> next_comm=Xorg next_pid=1541 next_prio=120
            Xorg-1541  [000] d...   523.068791: sched_wakeup: comm=gnome-shell pid=1725 prio=120 target_cpu=000
            Xorg-1541  [000] d...   523.068807: sched_switch: prev_comm=Xorg prev_pid=1541 prev_prio=120 prev_state=S ==> next_comm=gnome-shell next_pid=1725 next_prio=120
     gnome-shell-1725  [000] dN..   523.068920: sched_wakeup: comm=Xorg pid=1541 prio=120 target_cpu=000
     gnome-shell-1725  [000] d...   523.068921: sched_switch: prev_comm=gnome-shell prev_pid=1725 prev_prio=120 prev_state=R ==> next_comm=Xorg next_pid=1541 next_prio=120
            Xorg-1541  [000] d...   523.068940: sched_switch: prev_comm=Xorg prev_pid=1541 prev_prio=120 prev_state=S ==> next_comm=gnome-shell next_pid=1725 next_prio=120
     gnome-shell-1725  [000] dNs.   523.069880: sched_wakeup: comm=rcu_sched pid=11 prio=120 target_cpu=000
     gnome-shell-1725  [000] d...   523.069886: sched_switch: prev_comm=gnome-shell prev_pid=1725 prev_prio=120 prev_state=R ==> next_comm=rcu_sched next_pid=11 next_prio=120
       rcu_sched-11    [000] d...   523.069902: sched_switch: prev_comm=rcu_sched prev_pid=11 prev_prio=120 prev_state=I ==> next_comm=gnome-shell next_pid=1725 next_prio=120
     gnome-shell-1725  [000] dNh.   523.069983: sched_wakeup: comm=Xorg pid=1541 prio=120 target_cpu=000
     gnome-shell-1725  [000] d...   523.069988: sched_switch: prev_comm=gnome-shell prev_pid=1725 prev_prio=120 prev_state=R ==> next_comm=Xorg next_pid=1541 next_prio=120
            Xorg-1541  [000] d...   523.070005: sched_switch: prev_comm=Xorg prev_pid=1541 prev_prio=120 prev_state=S ==> next_comm=gnome-shell next_pid=1725 next_prio=120
     gnome-shell-1725  [000] dNh.   523.071012: sched_wakeup: comm=Xorg pid=1541 prio=120 target_cpu=000
     gnome-shell-1725  [000] d...   523.071018: sched_switch: prev_comm=gnome-shell prev_pid=1725 prev_prio=120 prev_state=R ==> next_comm=Xorg next_pid=1541 next_prio=120
            Xorg-1541  [000] d...   523.071029: sched_switch: prev_comm=Xorg prev_pid=1541 prev_prio=120 prev_state=S ==> next_comm=gnome-shell next_pid=1725 next_prio=120
     gnome-shell-1725  [000] d...   523.071260: sched_switch: prev_comm=gnome-shell prev_pid=1725 prev_prio=120 prev_state=S ==> next_comm=swapper/0 next_pid=0 next_prio=120
          <idle>-0     [000] dNs.   523.073407: sched_wakeup: comm=rcu_sched pid=11 prio=120 target_cpu=000
          <idle>-0     [000] d...   523.073411: sched_switch: prev_comm=swapper/0 prev_pid=0 prev_prio=120 prev_state=R ==> next_comm=rcu_sched next_pid=11 next_prio=120
       rcu_sched-11    [000] d...   523.073422: sched_switch: prev_comm=rcu_sched prev_pid=11 prev_prio=120 prev_state=I ==> next_comm=swapper/0 next_pid=0 next_prio=120
          <idle>-0     [000] dNh.   523.076818: sched_wakeup: comm=systemd pid=1 prio=120 target_cpu=000
          <idle>-0     [000] dNh.   523.076825: sched_wakeup: comm=InputThread pid=1545 prio=120 target_cpu=000
          <idle>-0     [000] d...   523.076839: sched_switch: prev_comm=swapper/0 prev_pid=0 prev_prio=120 prev_state=R ==> next_comm=systemd next_pid=1 next_prio=120
         systemd-1     [000] d...   523.076845: sched_switch: prev_comm=systemd prev_pid=1 prev_prio=120 prev_state=S ==> next_comm=InputThread next_pid=1545 next_prio=120
     InputThread-1545  [000] d...   523.076941: sched_wakeup: comm=Xorg pid=1541 prio=120 target_cpu=000
     InputThread-1545  [000] d...   523.076946: sched_switch: prev_comm=InputThread prev_pid=1545 prev_prio=120 prev_state=S ==> next_comm=Xorg next_pid=1541 next_prio=120
            Xorg-1541  [000] d...   523.076978: sched_wakeup: comm=gnome-shell pid=1725 prio=120 target_cpu=000
            Xorg-1541  [000] d...   523.076994: sched_switch: prev_comm=Xorg prev_pid=1541 prev_prio=120 prev_state=S ==> next_comm=gnome-shell next_pid=1725 next_prio=120
     gnome-shell-1725  [000] dN..   523.077093: sched_wakeup: comm=Xorg pid=1541 prio=120 target_cpu=000
     gnome-shell-1725  [000] d...   523.077095: sched_switch: prev_comm=gnome-shell prev_pid=1725 prev_prio=120 prev_state=R ==> next_comm=Xorg next_pid=1541 next_prio=120
            Xorg-1541  [000] d...   523.077110: sched_switch: prev_comm=Xorg prev_pid=1541 prev_prio=120 prev_state=S ==> next_comm=gnome-shell next_pid=1725 next_prio=120
     gnome-shell-1725  [000] d...   523.077152: sched_switch: prev_comm=gnome-shell prev_pid=1725 prev_prio=120 prev_state=S ==> next_comm=swapper/0 next_pid=0 next_prio=120
          <idle>-0     [000] dNs.   523.077404: sched_wakeup: comm=rcu_sched pid=11 prio=120 target_cpu=000
          <idle>-0     [000] d...   523.077406: sched_switch: prev_comm=swapper/0 prev_pid=0 prev_prio=120 prev_state=R ==> next_comm=rcu_sched next_pid=11 next_prio=120
       rcu_sched-11    [000] d...   523.077410: sched_switch: prev_comm=rcu_sched prev_pid=11 prev_prio=120 prev_state=I ==> next_comm=swapper/0 next_pid=0 next_prio=120
          <idle>-0     [000] dNh.   523.077635: sched_wakeup: comm=dndX11 pid=1677 prio=120 target_cpu=000
          <idle>-0     [000] d...   523.077639: sched_switch: prev_comm=swapper/0 prev_pid=0 prev_prio=120 prev_state=R ==> next_comm=dndX11 next_pid=1677 next_prio=120
          dndX11-1677  [000] d...   523.077656: sched_switch: prev_comm=dndX11 prev_pid=1677 prev_prio=120 prev_state=S ==> next_comm=swapper/0 next_pid=0 next_prio=120
          <idle>-0     [000] dNh.   523.078171: sched_wakeup: comm=Xorg pid=1541 prio=120 target_cpu=000
          <idle>-0     [000] d...   523.078177: sched_switch: prev_comm=swapper/0 prev_pid=0 prev_prio=120 prev_state=R ==> next_comm=Xorg next_pid=1541 next_prio=120
            Xorg-1541  [000] d...   523.078186: sched_switch: prev_comm=Xorg prev_pid=1541 prev_prio=120 prev_state=S ==> next_comm=swapper/0 next_pid=0 next_prio=120
          <idle>-0     [000] dNh.   523.084776: sched_wakeup: comm=systemd pid=1 prio=120 target_cpu=000
          <idle>-0     [000] dNh.   523.084783: sched_wakeup: comm=InputThread pid=1545 prio=120 target_cpu=000
          <idle>-0     [000] d...   523.084798: sched_switch: prev_comm=swapper/0 prev_pid=0 prev_prio=120 prev_state=R ==> next_comm=systemd next_pid=1 next_prio=120
         systemd-1     [000] d...   523.084804: sched_switch: prev_comm=systemd prev_pid=1 prev_prio=120 prev_state=S ==> next_comm=InputThread next_pid=1545 next_prio=120
     InputThread-1545  [000] d...   523.084895: sched_wakeup: comm=Xorg pid=1541 prio=120 target_cpu=000
     InputThread-1545  [000] d...   523.084900: sched_switch: prev_comm=InputThread prev_pid=1545 prev_prio=120 prev_state=S ==> next_comm=Xorg next_pid=1541 next_prio=120
            Xorg-1541  [000] d...   523.084932: sched_wakeup: comm=gnome-shell pid=1725 prio=120 target_cpu=000
            Xorg-1541  [000] d...   523.084945: sched_switch: prev_comm=Xorg prev_pid=1541 prev_prio=120 prev_state=S ==> next_comm=gnome-shell next_pid=1725 next_prio=120
     gnome-shell-1725  [000] dN..   523.085044: sched_wakeup: comm=Xorg pid=1541 prio=120 target_cpu=000
     gnome-shell-1725  [000] d...   523.085045: sched_switch: prev_comm=gnome-shell prev_pid=1725 prev_prio=120 prev_state=R ==> next_comm=Xorg next_pid=1541 next_prio=120
            Xorg-1541  [000] d...   523.085061: sched_switch: prev_comm=Xorg prev_pid=1541 prev_prio=120 prev_state=S ==> next_comm=gnome-shell next_pid=1725 next_prio=120
     gnome-shell-1725  [000] dNh.   523.086132: sched_wakeup: comm=Xorg pid=1541 prio=120 target_cpu=000
     gnome-shell-1725  [000] d...   523.086137: sched_switch: prev_comm=gnome-shell prev_pid=1725 prev_prio=120 prev_state=R ==> next_comm=Xorg next_pid=1541 next_prio=120
            Xorg-1541  [000] d...   523.086147: sched_switch: prev_comm=Xorg prev_pid=1541 prev_prio=120 prev_state=S ==> next_comm=gnome-shell next_pid=1725 next_prio=120
     gnome-shell-1725  [000] d...   523.087362: sched_switch: prev_comm=gnome-shell prev_pid=1725 prev_prio=120 prev_state=S ==> next_comm=swapper/0 next_pid=0 next_prio=120
          <idle>-0     [000] dNh.   523.092749: sched_wakeup: comm=systemd pid=1 prio=120 target_cpu=000
          <idle>-0     [000] dNh.   523.092757: sched_wakeup: comm=InputThread pid=1545 prio=120 target_cpu=000
          <idle>-0     [000] d...   523.092777: sched_switch: prev_comm=swapper/0 prev_pid=0 prev_prio=120 prev_state=R ==> next_comm=systemd next_pid=1 next_prio=120
         systemd-1     [000] d...   523.092784: sched_switch: prev_comm=systemd prev_pid=1 prev_prio=120 prev_state=S ==> next_comm=InputThread next_pid=1545 next_prio=120
     InputThread-1545  [000] d...   523.092882: sched_wakeup: comm=Xorg pid=1541 prio=120 target_cpu=000
     InputThread-1545  [000] d...   523.092887: sched_switch: prev_comm=InputThread prev_pid=1545 prev_prio=120 prev_state=S ==> next_comm=Xorg next_pid=1541 next_prio=120
            Xorg-1541  [000] d...   523.092918: sched_wakeup: comm=gnome-shell pid=1725 prio=120 target_cpu=000
            Xorg-1541  [000] d...   523.092932: sched_switch: prev_comm=Xorg prev_pid=1541 prev_prio=120 prev_state=S ==> next_comm=gnome-shell next_pid=1725 next_prio=120
     gnome-shell-1725  [000] dN..   523.093033: sched_wakeup: comm=Xorg pid=1541 prio=120 target_cpu=000
     gnome-shell-1725  [000] d...   523.093034: sched_switch: prev_comm=gnome-shell prev_pid=1725 prev_prio=120 prev_state=R ==> next_comm=Xorg next_pid=1541 next_prio=120
            Xorg-1541  [000] d...   523.093049: sched_switch: prev_comm=Xorg prev_pid=1541 prev_prio=120 prev_state=S ==> next_comm=gnome-shell next_pid=1725 next_prio=120
     gnome-shell-1725  [000] d...   523.093092: sched_switch: prev_comm=gnome-shell prev_pid=1725 prev_prio=120 prev_state=S ==> next_comm=swapper/0 next_pid=0 next_prio=120
          <idle>-0     [000] dNh.   523.095027: sched_wakeup: comm=Xorg pid=1541 prio=120 target_cpu=000
          <idle>-0     [000] d...   523.095039: sched_switch: prev_comm=swapper/0 prev_pid=0 prev_prio=120 prev_state=R ==> next_comm=Xorg next_pid=1541 next_prio=120
            Xorg-1541  [000] d...   523.095066: sched_switch: prev_comm=Xorg prev_pid=1541 prev_prio=120 prev_state=S ==> next_comm=swapper/0 next_pid=0 next_prio=120
          <idle>-0     [000] dNh.   523.100610: sched_wakeup: comm=systemd pid=1 prio=120 target_cpu=000
          <idle>-0     [000] dNh.   523.100617: sched_wakeup: comm=InputThread pid=1545 prio=120 target_cpu=000
          <idle>-0     [000] d...   523.100633: sched_switch: prev_comm=swapper/0 prev_pid=0 prev_prio=120 prev_state=R ==> next_comm=systemd next_pid=1 next_prio=120
         systemd-1     [000] d...   523.100640: sched_switch: prev_comm=systemd prev_pid=1 prev_prio=120 prev_state=S ==> next_comm=InputThread next_pid=1545 next_prio=120
     InputThread-1545  [000] d...   523.100731: sched_wakeup: comm=Xorg pid=1541 prio=120 target_cpu=000
     InputThread-1545  [000] d...   523.100736: sched_switch: prev_comm=InputThread prev_pid=1545 prev_prio=120 prev_state=S ==> next_comm=Xorg next_pid=1541 next_prio=120
            Xorg-1541  [000] d...   523.100768: sched_wakeup: comm=gnome-shell pid=1725 prio=120 target_cpu=000
            Xorg-1541  [000] d...   523.100782: sched_switch: prev_comm=Xorg prev_pid=1541 prev_prio=120 prev_state=S ==> next_comm=gnome-shell next_pid=1725 next_prio=120
     gnome-shell-1725  [000] dN..   523.100881: sched_wakeup: comm=Xorg pid=1541 prio=120 target_cpu=000
     gnome-shell-1725  [000] d...   523.100883: sched_switch: prev_comm=gnome-shell prev_pid=1725 prev_prio=120 prev_state=R ==> next_comm=Xorg next_pid=1541 next_prio=120
            Xorg-1541  [000] d...   523.100900: sched_switch: prev_comm=Xorg prev_pid=1541 prev_prio=120 prev_state=S ==> next_comm=gnome-shell next_pid=1725 next_prio=120
     gnome-shell-1725  [000] d...   523.102070: sched_switch: prev_comm=gnome-shell prev_pid=1725 prev_prio=120 prev_state=S ==> next_comm=swapper/0 next_pid=0 next_prio=120
          <idle>-0     [000] dNh.   523.102109: sched_wakeup: comm=Xorg pid=1541 prio=120 target_cpu=000
          <idle>-0     [000] d...   523.102114: sched_switch: prev_comm=swapper/0 prev_pid=0 prev_prio=120 prev_state=R ==> next_comm=Xorg next_pid=1541 next_prio=120
            Xorg-1541  [000] d...   523.102125: sched_switch: prev_comm=Xorg prev_pid=1541 prev_prio=120 prev_state=S ==> next_comm=swapper/0 next_pid=0 next_prio=120
          <idle>-0     [000] dNh.   523.102647: sched_wakeup: comm=dndX11 pid=1677 prio=120 target_cpu=000
          <idle>-0     [000] d...   523.102653: sched_switch: prev_comm=swapper/0 prev_pid=0 prev_prio=120 prev_state=R ==> next_comm=dndX11 next_pid=1677 next_prio=120
          dndX11-1677  [000] d...   523.102669: sched_switch: prev_comm=dndX11 prev_pid=1677 prev_prio=120 prev_state=S ==> next_comm=swapper/0 next_pid=0 next_prio=120
          <idle>-0     [000] dNh.   523.106509: sched_wakeup: comm=systemd pid=1 prio=120 target_cpu=000
          <idle>-0     [000] dNh.   523.106516: sched_wakeup: comm=InputThread pid=1545 prio=120 target_cpu=000
          <idle>-0     [000] d...   523.106534: sched_switch: prev_comm=swapper/0 prev_pid=0 prev_prio=120 prev_state=R ==> next_comm=systemd next_pid=1 next_prio=120
         systemd-1     [000] d...   523.106541: sched_switch: prev_comm=systemd prev_pid=1 prev_prio=120 prev_state=S ==> next_comm=InputThread next_pid=1545 next_prio=120
     InputThread-1545  [000] d...   523.106631: sched_wakeup: comm=Xorg pid=1541 prio=120 target_cpu=000
     InputThread-1545  [000] d...   523.106637: sched_switch: prev_comm=InputThread prev_pid=1545 prev_prio=120 prev_state=S ==> next_comm=Xorg next_pid=1541 next_prio=120
            Xorg-1541  [000] d...   523.106697: sched_wakeup: comm=gnome-shell pid=1725 prio=120 target_cpu=000
            Xorg-1541  [000] d...   523.106716: sched_switch: prev_comm=Xorg prev_pid=1541 prev_prio=120 prev_state=S ==> next_comm=gnome-shell next_pid=1725 next_prio=120
     gnome-shell-1725  [000] dN..   523.106810: sched_wakeup: comm=Xorg pid=1541 prio=120 target_cpu=000
     gnome-shell-1725  [000] d...   523.106812: sched_switch: prev_comm=gnome-shell prev_pid=1725 prev_prio=120 prev_state=R ==> next_comm=Xorg next_pid=1541 next_prio=120
            Xorg-1541  [000] d...   523.106834: sched_switch: prev_comm=Xorg prev_pid=1541 prev_prio=120 prev_state=S ==> next_comm=gnome-shell next_pid=1725 next_prio=120
     gnome-shell-1725  [000] d...   523.106881: sched_switch: prev_comm=gnome-shell prev_pid=1725 prev_prio=120 prev_state=S ==> next_comm=swapper/0 next_pid=0 next_prio=120
          <idle>-0     [000] dNh.   523.107871: sched_wakeup: comm=Xorg pid=1541 prio=120 target_cpu=000
          <idle>-0     [000] d...   523.107879: sched_switch: prev_comm=swapper/0 prev_pid=0 prev_prio=120 prev_state=R ==> next_comm=Xorg next_pid=1541 next_prio=120
            Xorg-1541  [000] d...   523.107893: sched_switch: prev_comm=Xorg prev_pid=1541 prev_prio=120 prev_state=S ==> next_comm=swapper/0 next_pid=0 next_prio=120
          <idle>-0     [000] dNh.   523.108978: sched_wakeup: comm=Xorg pid=1541 prio=120 target_cpu=000
          <idle>-0     [000] d...   523.108990: sched_switch: prev_comm=swapper/0 prev_pid=0 prev_prio=120 prev_state=R ==> next_comm=Xorg next_pid=1541 next_prio=120
            Xorg-1541  [000] d...   523.109015: sched_switch: prev_comm=Xorg prev_pid=1541 prev_prio=120 prev_state=S ==> next_comm=swapper/0 next_pid=0 next_prio=120
          <idle>-0     [000] dNh.   523.114641: sched_wakeup: comm=systemd pid=1 prio=120 target_cpu=000
          <idle>-0     [000] dNh.   523.114650: sched_wakeup: comm=InputThread pid=1545 prio=120 target_cpu=000
          <idle>-0     [000] d...   523.114671: sched_switch: prev_comm=swapper/0 prev_pid=0 prev_prio=120 prev_state=R ==> next_comm=systemd next_pid=1 next_prio=120
         systemd-1     [000] d...   523.114682: sched_switch: prev_comm=systemd prev_pid=1 prev_prio=120 prev_state=S ==> next_comm=InputThread next_pid=1545 next_prio=120
     InputThread-1545  [000] d...   523.114825: sched_wakeup: comm=Xorg pid=1541 prio=120 target_cpu=000
     InputThread-1545  [000] d...   523.114831: sched_switch: prev_comm=InputThread prev_pid=1545 prev_prio=120 prev_state=S ==> next_comm=Xorg next_pid=1541 next_prio=120
            Xorg-1541  [000] d...   523.114870: sched_wakeup: comm=gnome-shell pid=1725 prio=120 target_cpu=000
            Xorg-1541  [000] d...   523.114888: sched_switch: prev_comm=Xorg prev_pid=1541 prev_prio=120 prev_state=S ==> next_comm=gnome-shell next_pid=1725 next_prio=120
     gnome-shell-1725  [000] dN..   523.114991: sched_wakeup: comm=Xorg pid=1541 prio=120 target_cpu=000
     gnome-shell-1725  [000] d...   523.114992: sched_switch: prev_comm=gnome-shell prev_pid=1725 prev_prio=120 prev_state=R ==> next_comm=Xorg next_pid=1541 next_prio=120
            Xorg-1541  [000] d...   523.115014: sched_switch: prev_comm=Xorg prev_pid=1541 prev_prio=120 prev_state=S ==> next_comm=gnome-shell next_pid=1725 next_prio=120
     gnome-shell-1725  [000] d...   523.115060: sched_switch: prev_comm=gnome-shell prev_pid=1725 prev_prio=120 prev_state=S ==> next_comm=swapper/0 next_pid=0 next_prio=120
          <idle>-0     [000] dNh.   523.116522: sched_wakeup: comm=Xorg pid=1541 prio=120 target_cpu=000
          <idle>-0     [000] d...   523.116532: sched_switch: prev_comm=swapper/0 prev_pid=0 prev_prio=120 prev_state=R ==> next_comm=Xorg next_pid=1541 next_prio=120
            Xorg-1541  [000] d...   523.116559: sched_switch: prev_comm=Xorg prev_pid=1541 prev_prio=120 prev_state=S ==> next_comm=swapper/0 next_pid=0 next_prio=120
          <idle>-0     [000] dNh.   523.117055: sched_wakeup: comm=gnome-shell pid=1725 prio=120 target_cpu=000
          <idle>-0     [000] d...   523.117061: sched_switch: prev_comm=swapper/0 prev_pid=0 prev_prio=120 prev_state=R ==> next_comm=gnome-shell next_pid=1725 next_prio=120
     gnome-shell-1725  [000] d...   523.118016: sched_switch: prev_comm=gnome-shell prev_pid=1725 prev_prio=120 prev_state=S ==> next_comm=swapper/0 next_pid=0 next_prio=120
          <idle>-0     [000] dNh.   523.122265: sched_wakeup: comm=systemd pid=1 prio=120 target_cpu=000
          <idle>-0     [000] dNh.   523.122275: sched_wakeup: comm=InputThread pid=1545 prio=120 target_cpu=000
          <idle>-0     [000] d...   523.122295: sched_switch: prev_comm=swapper/0 prev_pid=0 prev_prio=120 prev_state=R ==> next_comm=systemd next_pid=1 next_prio=120
         systemd-1     [000] d...   523.122304: sched_switch: prev_comm=systemd prev_pid=1 prev_prio=120 prev_state=S ==> next_comm=InputThread next_pid=1545 next_prio=120
     InputThread-1545  [000] d...   523.122420: sched_wakeup: comm=Xorg pid=1541 prio=120 target_cpu=000
     InputThread-1545  [000] d...   523.122427: sched_switch: prev_comm=InputThread prev_pid=1545 prev_prio=120 prev_state=S ==> next_comm=Xorg next_pid=1541 next_prio=120
            Xorg-1541  [000] d...   523.122468: sched_wakeup: comm=gnome-shell pid=1725 prio=120 target_cpu=000
            Xorg-1541  [000] d...   523.122483: sched_switch: prev_comm=Xorg prev_pid=1541 prev_prio=120 prev_state=S ==> next_comm=gnome-shell next_pid=1725 next_prio=120
     gnome-shell-1725  [000] dN..   523.122624: sched_wakeup: comm=Xorg pid=1541 prio=120 target_cpu=000
     gnome-shell-1725  [000] d...   523.122626: sched_switch: prev_comm=gnome-shell prev_pid=1725 prev_prio=120 prev_state=R ==> next_comm=Xorg next_pid=1541 next_prio=120
            Xorg-1541  [000] d...   523.122647: sched_switch: prev_comm=Xorg prev_pid=1541 prev_prio=120 prev_state=S ==> next_comm=gnome-shell next_pid=1725 next_prio=120
     gnome-shell-1725  [000] d...   523.122704: sched_switch: prev_comm=gnome-shell prev_pid=1725 prev_prio=120 prev_state=S ==> next_comm=swapper/0 next_pid=0 next_prio=120
          <idle>-0     [000] dNh.   523.123424: sched_wakeup: comm=avahi-daemon pid=684 prio=120 target_cpu=000
          <idle>-0     [000] d...   523.123430: sched_switch: prev_comm=swapper/0 prev_pid=0 prev_prio=120 prev_state=R ==> next_comm=avahi-daemon next_pid=684 next_prio=120
    avahi-daemon-684   [000] d...   523.123601: sched_switch: prev_comm=avahi-daemon prev_pid=684 prev_prio=120 prev_state=S ==> next_comm=swapper/0 next_pid=0 next_prio=120
          <idle>-0     [000] dNh.   523.123653: sched_wakeup: comm=Xorg pid=1541 prio=120 target_cpu=000
          <idle>-0     [000] d...   523.123657: sched_switch: prev_comm=swapper/0 prev_pid=0 prev_prio=120 prev_state=R ==> next_comm=Xorg next_pid=1541 next_prio=120
            Xorg-1541  [000] d...   523.123670: sched_switch: prev_comm=Xorg prev_pid=1541 prev_prio=120 prev_state=S ==> next_comm=swapper/0 next_pid=0 next_prio=120
          <idle>-0     [000] dNh.   523.124606: sched_wakeup: comm=avahi-daemon pid=684 prio=120 target_cpu=000
          <idle>-0     [000] d...   523.124611: sched_switch: prev_comm=swapper/0 prev_pid=0 prev_prio=120 prev_state=R ==> next_comm=avahi-daemon next_pid=684 next_prio=120
    avahi-daemon-684   [000] d...   523.124638: sched_switch: prev_comm=avahi-daemon prev_pid=684 prev_prio=120 prev_state=S ==> next_comm=swapper/0 next_pid=0 next_prio=120
          <idle>-0     [000] dNh.   523.124671: sched_wakeup: comm=Xorg pid=1541 prio=120 target_cpu=000
          <idle>-0     [000] d...   523.124677: sched_switch: prev_comm=swapper/0 prev_pid=0 prev_prio=120 prev_state=R ==> next_comm=Xorg next_pid=1541 next_prio=120
            Xorg-1541  [000] d...   523.124686: sched_switch: prev_comm=Xorg prev_pid=1541 prev_prio=120 prev_state=S ==> next_comm=swapper/0 next_pid=0 next_prio=120
          <idle>-0     [000] dNh.   523.127725: sched_wakeup: comm=dndX11 pid=1677 prio=120 target_cpu=000
          <idle>-0     [000] d...   523.127733: sched_switch: prev_comm=swapper/0 prev_pid=0 prev_prio=120 prev_state=R ==> next_comm=dndX11 next_pid=1677 next_prio=120
          dndX11-1677  [000] d...   523.127754: sched_switch: prev_comm=dndX11 prev_pid=1677 prev_prio=120 prev_state=S ==> next_comm=swapper/0 next_pid=0 next_prio=120
          <idle>-0     [000] dNh.   523.130452: sched_wakeup: comm=systemd pid=1 prio=120 target_cpu=000
          <idle>-0     [000] dNh.   523.130456: sched_wakeup: comm=InputThread pid=1545 prio=120 target_cpu=000
          <idle>-0     [000] d...   523.130468: sched_switch: prev_comm=swapper/0 prev_pid=0 prev_prio=120 prev_state=R ==> next_comm=systemd next_pid=1 next_prio=120
         systemd-1     [000] d...   523.130474: sched_switch: prev_comm=systemd prev_pid=1 prev_prio=120 prev_state=S ==> next_comm=InputThread next_pid=1545 next_prio=120
     InputThread-1545  [000] d...   523.130555: sched_wakeup: comm=Xorg pid=1541 prio=120 target_cpu=000
     InputThread-1545  [000] d...   523.130560: sched_switch: prev_comm=InputThread prev_pid=1545 prev_prio=120 prev_state=S ==> next_comm=Xorg next_pid=1541 next_prio=120
            Xorg-1541  [000] d...   523.130585: sched_wakeup: comm=gnome-shell pid=1725 prio=120 target_cpu=000
            Xorg-1541  [000] d...   523.130601: sched_switch: prev_comm=Xorg prev_pid=1541 prev_prio=120 prev_state=S ==> next_comm=gnome-shell next_pid=1725 next_prio=120
     gnome-shell-1725  [000] dN..   523.130718: sched_wakeup: comm=Xorg pid=1541 prio=120 target_cpu=000
     gnome-shell-1725  [000] d...   523.130720: sched_switch: prev_comm=gnome-shell prev_pid=1725 prev_prio=120 prev_state=R ==> next_comm=Xorg next_pid=1541 next_prio=120
            Xorg-1541  [000] d...   523.130746: sched_switch: prev_comm=Xorg prev_pid=1541 prev_prio=120 prev_state=S ==> next_comm=gnome-shell next_pid=1725 next_prio=120
     gnome-shell-1725  [000] d...   523.130796: sched_switch: prev_comm=gnome-shell prev_pid=1725 prev_prio=120 prev_state=S ==> next_comm=swapper/0 next_pid=0 next_prio=120
          <idle>-0     [000] dNh.   523.131975: sched_wakeup: comm=Xorg pid=1541 prio=120 target_cpu=000
          <idle>-0     [000] d...   523.131981: sched_switch: prev_comm=swapper/0 prev_pid=0 prev_prio=120 prev_state=R ==> next_comm=Xorg next_pid=1541 next_prio=120
            Xorg-1541  [000] d...   523.131994: sched_switch: prev_comm=Xorg prev_pid=1541 prev_prio=120 prev_state=S ==> next_comm=swapper/0 next_pid=0 next_prio=120
          <idle>-0     [000] dNh.   523.132949: sched_wakeup: comm=gnome-shell pid=1725 prio=120 target_cpu=000
          <idle>-0     [000] d...   523.132954: sched_switch: prev_comm=swapper/0 prev_pid=0 prev_prio=120 prev_state=R ==> next_comm=gnome-shell next_pid=1725 next_prio=120
     gnome-shell-1725  [000] dNh.   523.133650: sched_wakeup: comm=Xorg pid=1541 prio=120 target_cpu=000
     gnome-shell-1725  [000] d...   523.133659: sched_switch: prev_comm=gnome-shell prev_pid=1725 prev_prio=120 prev_state=R ==> next_comm=Xorg next_pid=1541 next_prio=120
            Xorg-1541  [000] d...   523.133668: sched_switch: prev_comm=Xorg prev_pid=1541 prev_prio=120 prev_state=S ==> next_comm=gnome-shell next_pid=1725 next_prio=120
     gnome-shell-1725  [000] d...   523.133833: sched_switch: prev_comm=gnome-shell prev_pid=1725 prev_prio=120 prev_state=S ==> next_comm=swapper/0 next_pid=0 next_prio=120
          <idle>-0     [000] dNh.   523.138690: sched_wakeup: comm=systemd pid=1 prio=120 target_cpu=000
          <idle>-0     [000] dNh.   523.138697: sched_wakeup: comm=InputThread pid=1545 prio=120 target_cpu=000
          <idle>-0     [000] d...   523.138713: sched_switch: prev_comm=swapper/0 prev_pid=0 prev_prio=120 prev_state=R ==> next_comm=systemd next_pid=1 next_prio=120
         systemd-1     [000] d...   523.138720: sched_switch: prev_comm=systemd prev_pid=1 prev_prio=120 prev_state=S ==> next_comm=InputThread next_pid=1545 next_prio=120
     InputThread-1545  [000] d...   523.138821: sched_wakeup: comm=Xorg pid=1541 prio=120 target_cpu=000
     InputThread-1545  [000] d...   523.138827: sched_switch: prev_comm=InputThread prev_pid=1545 prev_prio=120 prev_state=S ==> next_comm=Xorg next_pid=1541 next_prio=120
            Xorg-1541  [000] d...   523.138861: sched_wakeup: comm=gnome-shell pid=1725 prio=120 target_cpu=000
            Xorg-1541  [000] d...   523.138879: sched_switch: prev_comm=Xorg prev_pid=1541 prev_prio=120 prev_state=S ==> next_comm=gnome-shell next_pid=1725 next_prio=120
     gnome-shell-1725  [000] dN..   523.138988: sched_wakeup: comm=Xorg pid=1541 prio=120 target_cpu=000
     gnome-shell-1725  [000] d...   523.138990: sched_switch: prev_comm=gnome-shell prev_pid=1725 prev_prio=120 prev_state=R ==> next_comm=Xorg next_pid=1541 next_prio=120
            Xorg-1541  [000] d...   523.139014: sched_switch: prev_comm=Xorg prev_pid=1541 prev_prio=120 prev_state=S ==> next_comm=gnome-shell next_pid=1725 next_prio=120
     gnome-shell-1725  [000] d...   523.139065: sched_switch: prev_comm=gnome-shell prev_pid=1725 prev_prio=120 prev_state=S ==> next_comm=swapper/0 next_pid=0 next_prio=120
          <idle>-0     [000] dNh.   523.140065: sched_wakeup: comm=Xorg pid=1541 prio=120 target_cpu=000
          <idle>-0     [000] d...   523.140073: sched_switch: prev_comm=swapper/0 prev_pid=0 prev_prio=120 prev_state=R ==> next_comm=Xorg next_pid=1541 next_prio=120
            Xorg-1541  [000] d...   523.140085: sched_switch: prev_comm=Xorg prev_pid=1541 prev_prio=120 prev_state=S ==> next_comm=swapper/0 next_pid=0 next_prio=120
          <idle>-0     [000] dNh.   523.146342: sched_wakeup: comm=systemd pid=1 prio=120 target_cpu=000
          <idle>-0     [000] dNh.   523.146345: sched_wakeup: comm=InputThread pid=1545 prio=120 target_cpu=000
          <idle>-0     [000] d...   523.146356: sched_switch: prev_comm=swapper/0 prev_pid=0 prev_prio=120 prev_state=R ==> next_comm=systemd next_pid=1 next_prio=120
         systemd-1     [000] d...   523.146362: sched_switch: prev_comm=systemd prev_pid=1 prev_prio=120 prev_state=S ==> next_comm=InputThread next_pid=1545 next_prio=120
     InputThread-1545  [000] d...   523.146443: sched_wakeup: comm=Xorg pid=1541 prio=120 target_cpu=000
     InputThread-1545  [000] d...   523.146448: sched_switch: prev_comm=InputThread prev_pid=1545 prev_prio=120 prev_state=S ==> next_comm=Xorg next_pid=1541 next_prio=120
            Xorg-1541  [000] d...   523.146475: sched_wakeup: comm=gnome-shell pid=1725 prio=120 target_cpu=000
            Xorg-1541  [000] d...   523.146490: sched_switch: prev_comm=Xorg prev_pid=1541 prev_prio=120 prev_state=S ==> next_comm=gnome-shell next_pid=1725 next_prio=120
     gnome-shell-1725  [000] dN..   523.146603: sched_wakeup: comm=Xorg pid=1541 prio=120 target_cpu=000
     gnome-shell-1725  [000] d...   523.146605: sched_switch: prev_comm=gnome-shell prev_pid=1725 prev_prio=120 prev_state=R ==> next_comm=Xorg next_pid=1541 next_prio=120
            Xorg-1541  [000] d...   523.146629: sched_switch: prev_comm=Xorg prev_pid=1541 prev_prio=120 prev_state=S ==> next_comm=gnome-shell next_pid=1725 next_prio=120
     gnome-shell-1725  [000] d...   523.146687: sched_switch: prev_comm=gnome-shell prev_pid=1725 prev_prio=120 prev_state=S ==> next_comm=swapper/0 next_pid=0 next_prio=120
          <idle>-0     [000] dNh.   523.147889: sched_wakeup: comm=Xorg pid=1541 prio=120 target_cpu=000
          <idle>-0     [000] d...   523.147895: sched_switch: prev_comm=swapper/0 prev_pid=0 prev_prio=120 prev_state=R ==> next_comm=Xorg next_pid=1541 next_prio=120
            Xorg-1541  [000] d...   523.147910: sched_switch: prev_comm=Xorg prev_pid=1541 prev_prio=120 prev_state=S ==> next_comm=swapper/0 next_pid=0 next_prio=120
          <idle>-0     [000] dNh.   523.148885: sched_wakeup: comm=gnome-shell pid=1725 prio=120 target_cpu=000
          <idle>-0     [000] d...   523.148890: sched_switch: prev_comm=swapper/0 prev_pid=0 prev_prio=120 prev_state=R ==> next_comm=gnome-shell next_pid=1725 next_prio=120
     gnome-shell-1725  [000] dNh.   523.149565: sched_wakeup: comm=Xorg pid=1541 prio=120 target_cpu=000
     gnome-shell-1725  [000] d...   523.149575: sched_switch: prev_comm=gnome-shell prev_pid=1725 prev_prio=120 prev_state=R ==> next_comm=Xorg next_pid=1541 next_prio=120
            Xorg-1541  [000] d...   523.149585: sched_switch: prev_comm=Xorg prev_pid=1541 prev_prio=120 prev_state=S ==> next_comm=gnome-shell next_pid=1725 next_prio=120
     gnome-shell-1725  [000] d...   523.149864: sched_switch: prev_comm=gnome-shell prev_pid=1725 prev_prio=120 prev_state=S ==> next_comm=swapper/0 next_pid=0 next_prio=120
          <idle>-0     [000] dNh.   523.153333: sched_wakeup: comm=dndX11 pid=1677 prio=120 target_cpu=000
          <idle>-0     [000] d...   523.153343: sched_switch: prev_comm=swapper/0 prev_pid=0 prev_prio=120 prev_state=R ==> next_comm=dndX11 next_pid=1677 next_prio=120
          dndX11-1677  [000] d...   523.153367: sched_switch: prev_comm=dndX11 prev_pid=1677 prev_prio=120 prev_state=S ==> next_comm=swapper/0 next_pid=0 next_prio=120
          <idle>-0     [000] dNh.   523.154659: sched_wakeup: comm=systemd pid=1 prio=120 target_cpu=000
          <idle>-0     [000] dNh.   523.154663: sched_wakeup: comm=InputThread pid=1545 prio=120 target_cpu=000
          <idle>-0     [000] d...   523.154676: sched_switch: prev_comm=swapper/0 prev_pid=0 prev_prio=120 prev_state=R ==> next_comm=systemd next_pid=1 next_prio=120
         systemd-1     [000] d...   523.154682: sched_switch: prev_comm=systemd prev_pid=1 prev_prio=120 prev_state=S ==> next_comm=InputThread next_pid=1545 next_prio=120
     InputThread-1545  [000] d...   523.154776: sched_wakeup: comm=Xorg pid=1541 prio=120 target_cpu=000
     InputThread-1545  [000] d...   523.154781: sched_switch: prev_comm=InputThread prev_pid=1545 prev_prio=120 prev_state=S ==> next_comm=Xorg next_pid=1541 next_prio=120
            Xorg-1541  [000] d...   523.154813: sched_wakeup: comm=gnome-shell pid=1725 prio=120 target_cpu=000
            Xorg-1541  [000] d...   523.154830: sched_switch: prev_comm=Xorg prev_pid=1541 prev_prio=120 prev_state=S ==> next_comm=gnome-shell next_pid=1725 next_prio=120
     gnome-shell-1725  [000] dN..   523.154915: sched_wakeup: comm=Xorg pid=1541 prio=120 target_cpu=000
     gnome-shell-1725  [000] d...   523.154916: sched_switch: prev_comm=gnome-shell prev_pid=1725 prev_prio=120 prev_state=R ==> next_comm=Xorg next_pid=1541 next_prio=120
            Xorg-1541  [000] d...   523.154941: sched_switch: prev_comm=Xorg prev_pid=1541 prev_prio=120 prev_state=S ==> next_comm=gnome-shell next_pid=1725 next_prio=120
     gnome-shell-1725  [000] d...   523.155017: sched_switch: prev_comm=gnome-shell prev_pid=1725 prev_prio=120 prev_state=S ==> next_comm=swapper/0 next_pid=0 next_prio=120
          <idle>-0     [000] dNh.   523.156042: sched_wakeup: comm=Xorg pid=1541 prio=120 target_cpu=000
          <idle>-0     [000] d...   523.156050: sched_switch: prev_comm=swapper/0 prev_pid=0 prev_prio=120 prev_state=R ==> next_comm=Xorg next_pid=1541 next_prio=120
            Xorg-1541  [000] d...   523.156066: sched_switch: prev_comm=Xorg prev_pid=1541 prev_prio=120 prev_state=S ==> next_comm=swapper/0 next_pid=0 next_prio=120
          <idle>-0     [000] dNh.   523.162826: sched_wakeup: comm=systemd pid=1 prio=120 target_cpu=000
          <idle>-0     [000] dNh.   523.162832: sched_wakeup: comm=InputThread pid=1545 prio=120 target_cpu=000
          <idle>-0     [000] d...   523.162845: sched_switch: prev_comm=swapper/0 prev_pid=0 prev_prio=120 prev_state=R ==> next_comm=systemd next_pid=1 next_prio=120
         systemd-1     [000] d...   523.162851: sched_switch: prev_comm=systemd prev_pid=1 prev_prio=120 prev_state=S ==> next_comm=InputThread next_pid=1545 next_prio=120
     InputThread-1545  [000] d...   523.162940: sched_wakeup: comm=Xorg pid=1541 prio=120 target_cpu=000
     InputThread-1545  [000] d...   523.162946: sched_switch: prev_comm=InputThread prev_pid=1545 prev_prio=120 prev_state=S ==> next_comm=Xorg next_pid=1541 next_prio=120
            Xorg-1541  [000] d...   523.162976: sched_wakeup: comm=gnome-shell pid=1725 prio=120 target_cpu=000
            Xorg-1541  [000] d...   523.162993: sched_switch: prev_comm=Xorg prev_pid=1541 prev_prio=120 prev_state=S ==> next_comm=gnome-shell next_pid=1725 next_prio=120
     gnome-shell-1725  [000] dN..   523.163097: sched_wakeup: comm=Xorg pid=1541 prio=120 target_cpu=000
     gnome-shell-1725  [000] d...   523.163099: sched_switch: prev_comm=gnome-shell prev_pid=1725 prev_prio=120 prev_state=R ==> next_comm=Xorg next_pid=1541 next_prio=120
            Xorg-1541  [000] d...   523.163123: sched_switch: prev_comm=Xorg prev_pid=1541 prev_prio=120 prev_state=S ==> next_comm=gnome-shell next_pid=1725 next_prio=120
     gnome-shell-1725  [000] d...   523.163174: sched_switch: prev_comm=gnome-shell prev_pid=1725 prev_prio=120 prev_state=S ==> next_comm=swapper/0 next_pid=0 next_prio=120
          <idle>-0     [000] dNh.   523.165048: sched_wakeup: comm=Xorg pid=1541 prio=120 target_cpu=000
          <idle>-0     [000] d...   523.165054: sched_switch: prev_comm=swapper/0 prev_pid=0 prev_prio=120 prev_state=R ==> next_comm=Xorg next_pid=1541 next_prio=120
            Xorg-1541  [000] d...   523.165066: sched_switch: prev_comm=Xorg prev_pid=1541 prev_prio=120 prev_state=S ==> next_comm=swapper/0 next_pid=0 next_prio=120
          <idle>-0     [000] dNh.   523.165168: sched_wakeup: comm=gnome-shell pid=1725 prio=120 target_cpu=000
          <idle>-0     [000] d...   523.165174: sched_switch: prev_comm=swapper/0 prev_pid=0 prev_prio=120 prev_state=R ==> next_comm=gnome-shell next_pid=1725 next_prio=120
     gnome-shell-1725  [000] d...   523.166226: sched_switch: prev_comm=gnome-shell prev_pid=1725 prev_prio=120 prev_state=S ==> next_comm=swapper/0 next_pid=0 next_prio=120
          <idle>-0     [000] dNh.   523.170305: sched_wakeup: comm=systemd pid=1 prio=120 target_cpu=000
          <idle>-0     [000] dNh.   523.170311: sched_wakeup: comm=InputThread pid=1545 prio=120 target_cpu=000
          <idle>-0     [000] d...   523.170327: sched_switch: prev_comm=swapper/0 prev_pid=0 prev_prio=120 prev_state=R ==> next_comm=systemd next_pid=1 next_prio=120
         systemd-1     [000] d...   523.170333: sched_switch: prev_comm=systemd prev_pid=1 prev_prio=120 prev_state=S ==> next_comm=InputThread next_pid=1545 next_prio=120
     InputThread-1545  [000] d...   523.170434: sched_wakeup: comm=Xorg pid=1541 prio=120 target_cpu=000
     InputThread-1545  [000] d...   523.170439: sched_switch: prev_comm=InputThread prev_pid=1545 prev_prio=120 prev_state=S ==> next_comm=Xorg next_pid=1541 next_prio=120
            Xorg-1541  [000] d...   523.170475: sched_wakeup: comm=gnome-shell pid=1725 prio=120 target_cpu=000
            Xorg-1541  [000] d...   523.170494: sched_switch: prev_comm=Xorg prev_pid=1541 prev_prio=120 prev_state=S ==> next_comm=gnome-shell next_pid=1725 next_prio=120
     gnome-shell-1725  [000] dN..   523.170600: sched_wakeup: comm=Xorg pid=1541 prio=120 target_cpu=000
     gnome-shell-1725  [000] d...   523.170602: sched_switch: prev_comm=gnome-shell prev_pid=1725 prev_prio=120 prev_state=R ==> next_comm=Xorg next_pid=1541 next_prio=120
            Xorg-1541  [000] d...   523.170627: sched_switch: prev_comm=Xorg prev_pid=1541 prev_prio=120 prev_state=S ==> next_comm=gnome-shell next_pid=1725 next_prio=120
     gnome-shell-1725  [000] d...   523.170677: sched_switch: prev_comm=gnome-shell prev_pid=1725 prev_prio=120 prev_state=S ==> next_comm=swapper/0 next_pid=0 next_prio=120
          <idle>-0     [000] dNh.   523.171639: sched_wakeup: comm=Xorg pid=1541 prio=120 target_cpu=000
          <idle>-0     [000] d...   523.171646: sched_switch: prev_comm=swapper/0 prev_pid=0 prev_prio=120 prev_state=R ==> next_comm=Xorg next_pid=1541 next_prio=120
            Xorg-1541  [000] d...   523.171660: sched_switch: prev_comm=Xorg prev_pid=1541 prev_prio=120 prev_state=S ==> next_comm=swapper/0 next_pid=0 next_prio=120
          <idle>-0     [000] dNh.   523.172674: sched_wakeup: comm=Xorg pid=1541 prio=120 target_cpu=000
          <idle>-0     [000] d...   523.172684: sched_switch: prev_comm=swapper/0 prev_pid=0 prev_prio=120 prev_state=R ==> next_comm=Xorg next_pid=1541 next_prio=120
            Xorg-1541  [000] d...   523.172709: sched_switch: prev_comm=Xorg prev_pid=1541 prev_prio=120 prev_state=S ==> next_comm=swapper/0 next_pid=0 next_prio=120
          <idle>-0     [000] dNh.   523.178702: sched_wakeup: comm=dndX11 pid=1677 prio=120 target_cpu=000
          <idle>-0     [000] dNh.   523.178746: sched_wakeup: comm=systemd pid=1 prio=120 target_cpu=000
          <idle>-0     [000] dNh.   523.178750: sched_wakeup: comm=InputThread pid=1545 prio=120 target_cpu=000
          <idle>-0     [000] d...   523.178765: sched_switch: prev_comm=swapper/0 prev_pid=0 prev_prio=120 prev_state=R ==> next_comm=dndX11 next_pid=1677 next_prio=120
          dndX11-1677  [000] d...   523.178789: sched_switch: prev_comm=dndX11 prev_pid=1677 prev_prio=120 prev_state=S ==> next_comm=systemd next_pid=1 next_prio=120
         systemd-1     [000] d...   523.178794: sched_switch: prev_comm=systemd prev_pid=1 prev_prio=120 prev_state=S ==> next_comm=InputThread next_pid=1545 next_prio=120
     InputThread-1545  [000] d...   523.178905: sched_wakeup: comm=Xorg pid=1541 prio=120 target_cpu=000
     InputThread-1545  [000] d...   523.178910: sched_switch: prev_comm=InputThread prev_pid=1545 prev_prio=120 prev_state=S ==> next_comm=Xorg next_pid=1541 next_prio=120
            Xorg-1541  [000] d...   523.178946: sched_wakeup: comm=gnome-shell pid=1725 prio=120 target_cpu=000
            Xorg-1541  [000] d...   523.178967: sched_switch: prev_comm=Xorg prev_pid=1541 prev_prio=120 prev_state=S ==> next_comm=gnome-shell next_pid=1725 next_prio=120
     gnome-shell-1725  [000] dN..   523.179082: sched_wakeup: comm=Xorg pid=1541 prio=120 target_cpu=000
     gnome-shell-1725  [000] d...   523.179084: sched_switch: prev_comm=gnome-shell prev_pid=1725 prev_prio=120 prev_state=R ==> next_comm=Xorg next_pid=1541 next_prio=120
            Xorg-1541  [000] d...   523.179110: sched_switch: prev_comm=Xorg prev_pid=1541 prev_prio=120 prev_state=S ==> next_comm=gnome-shell next_pid=1725 next_prio=120
     gnome-shell-1725  [000] d...   523.179158: sched_switch: prev_comm=gnome-shell prev_pid=1725 prev_prio=120 prev_state=S ==> next_comm=swapper/0 next_pid=0 next_prio=120
          <idle>-0     [000] dNh.   523.181110: sched_wakeup: comm=Xorg pid=1541 prio=120 target_cpu=000
          <idle>-0     [000] d...   523.181122: sched_switch: prev_comm=swapper/0 prev_pid=0 prev_prio=120 prev_state=R ==> next_comm=Xorg next_pid=1541 next_prio=120
            Xorg-1541  [000] d...   523.181150: sched_switch: prev_comm=Xorg prev_pid=1541 prev_prio=120 prev_state=S ==> next_comm=swapper/0 next_pid=0 next_prio=120
          <idle>-0     [000] dNh.   523.181189: sched_wakeup: comm=gnome-shell pid=1725 prio=120 target_cpu=000
          <idle>-0     [000] d...   523.181197: sched_switch: prev_comm=swapper/0 prev_pid=0 prev_prio=120 prev_state=R ==> next_comm=gnome-shell next_pid=1725 next_prio=120
     gnome-shell-1725  [000] d...   523.182244: sched_switch: prev_comm=gnome-shell prev_pid=1725 prev_prio=120 prev_state=S ==> next_comm=swapper/0 next_pid=0 next_prio=120
          <idle>-0     [000] dNh.   523.184712: sched_wakeup: comm=systemd pid=1 prio=120 target_cpu=000
          <idle>-0     [000] dNh.   523.184722: sched_wakeup: comm=InputThread pid=1545 prio=120 target_cpu=000
          <idle>-0     [000] d...   523.184749: sched_switch: prev_comm=swapper/0 prev_pid=0 prev_prio=120 prev_state=R ==> next_comm=systemd next_pid=1 next_prio=120
         systemd-1     [000] d...   523.184760: sched_switch: prev_comm=systemd prev_pid=1 prev_prio=120 prev_state=S ==> next_comm=InputThread next_pid=1545 next_prio=120
     InputThread-1545  [000] d...   523.184893: sched_wakeup: comm=Xorg pid=1541 prio=120 target_cpu=000
     InputThread-1545  [000] d...   523.184899: sched_switch: prev_comm=InputThread prev_pid=1545 prev_prio=120 prev_state=S ==> next_comm=Xorg next_pid=1541 next_prio=120
            Xorg-1541  [000] d...   523.184935: sched_wakeup: comm=gnome-shell pid=1725 prio=120 target_cpu=000
            Xorg-1541  [000] d...   523.184950: sched_switch: prev_comm=Xorg prev_pid=1541 prev_prio=120 prev_state=S ==> next_comm=gnome-shell next_pid=1725 next_prio=120
     gnome-shell-1725  [000] dN..   523.185055: sched_wakeup: comm=Xorg pid=1541 prio=120 target_cpu=000
     gnome-shell-1725  [000] d...   523.185057: sched_switch: prev_comm=gnome-shell prev_pid=1725 prev_prio=120 prev_state=R ==> next_comm=Xorg next_pid=1541 next_prio=120
            Xorg-1541  [000] d...   523.185073: sched_switch: prev_comm=Xorg prev_pid=1541 prev_prio=120 prev_state=S ==> next_comm=gnome-shell next_pid=1725 next_prio=120
     gnome-shell-1725  [000] d...   523.185115: sched_switch: prev_comm=gnome-shell prev_pid=1725 prev_prio=120 prev_state=S ==> next_comm=swapper/0 next_pid=0 next_prio=120
          <idle>-0     [000] dNh.   523.186090: sched_wakeup: comm=Xorg pid=1541 prio=120 target_cpu=000
